Component: ARM Compiler 5.06 update 4 (build 422) Tool: armlink [4d35d2]

==============================================================================

Section Cross References

    hw_config.o(i.Audio_Config) refers to misc.o(i.NVIC_Init) for NVIC_Init
    hw_config.o(i.Enter_LowPowerMode) refers to usb_pwr.o(.data) for bDeviceState
    hw_config.o(i.Get_SerialNum) refers to hw_config.o(i.IntToUnicode) for IntToUnicode
    hw_config.o(i.Get_SerialNum) refers to usb_desc.o(.data) for Speaker_StringSerial
    hw_config.o(i.Leave_LowPowerMode) refers to system_stm32f10x.o(i.SystemInit) for SystemInit
    hw_config.o(i.Leave_LowPowerMode) refers to usb_init.o(.bss) for Device_Info
    hw_config.o(i.Leave_LowPowerMode) refers to usb_pwr.o(.data) for bDeviceState
    hw_config.o(i.Set_System) refers to stm32f10x_rcc.o(i.RCC_APB2PeriphClockCmd) for RCC_APB2PeriphClockCmd
    hw_config.o(i.Set_System) refers to stm32f10x_rcc.o(i.RCC_APB1PeriphClockCmd) for RCC_APB1PeriphClockCmd
    hw_config.o(i.Set_System) refers to stm32f10x_gpio.o(i.GPIO_Init) for GPIO_Init
    hw_config.o(i.Set_System) refers to hw_config.o(i.USB_Cable_Config) for USB_Cable_Config
    hw_config.o(i.Set_System) refers to stm32f10x_exti.o(i.EXTI_ClearITPendingBit) for EXTI_ClearITPendingBit
    hw_config.o(i.Set_System) refers to stm32f10x_exti.o(i.EXTI_Init) for EXTI_Init
    hw_config.o(i.Set_System) refers to hw_config.o(.data) for .data
    hw_config.o(i.Set_USBClock) refers to stm32f10x_rcc.o(i.RCC_USBCLKConfig) for RCC_USBCLKConfig
    hw_config.o(i.Set_USBClock) refers to stm32f10x_rcc.o(i.RCC_APB1PeriphClockCmd) for RCC_APB1PeriphClockCmd
    hw_config.o(i.Speaker_Config) refers to stm32f10x_gpio.o(i.GPIO_Init) for GPIO_Init
    hw_config.o(i.Speaker_Config) refers to stm32f10x_tim.o(i.TIM_TimeBaseInit) for TIM_TimeBaseInit
    hw_config.o(i.Speaker_Config) refers to stm32f10x_tim.o(i.TIM_OC3Init) for TIM_OC3Init
    hw_config.o(i.Speaker_Config) refers to stm32f10x_tim.o(i.TIM_OC3PreloadConfig) for TIM_OC3PreloadConfig
    hw_config.o(i.Speaker_Config) refers to stm32f10x_tim.o(i.TIM_OC1Init) for TIM_OC1Init
    hw_config.o(i.Speaker_Config) refers to stm32f10x_tim.o(i.TIM_OC1PreloadConfig) for TIM_OC1PreloadConfig
    hw_config.o(i.Speaker_Config) refers to stm32f10x_tim.o(i.TIM_Cmd) for TIM_Cmd
    hw_config.o(i.Speaker_Config) refers to stm32f10x_tim.o(i.TIM_ITConfig) for TIM_ITConfig
    hw_config.o(i.USB_Cable_Config) refers to stm32f10x_gpio.o(i.GPIO_ResetBits) for GPIO_ResetBits
    hw_config.o(i.USB_Cable_Config) refers to stm32f10x_gpio.o(i.GPIO_SetBits) for GPIO_SetBits
    hw_config.o(i.USB_Config) refers to misc.o(i.NVIC_PriorityGroupConfig) for NVIC_PriorityGroupConfig
    hw_config.o(i.USB_Config) refers to misc.o(i.NVIC_Init) for NVIC_Init
    hw_config.o(i.USB_Config) refers to hw_config.o(i.Audio_Config) for Audio_Config
    main.o(i.main) refers to hw_config.o(i.Set_System) for Set_System
    main.o(i.main) refers to hw_config.o(i.Set_USBClock) for Set_USBClock
    main.o(i.main) refers to hw_config.o(i.USB_Config) for USB_Config
    main.o(i.main) refers to usb_init.o(i.USB_Init) for USB_Init
    main.o(i.main) refers to hw_config.o(i.Speaker_Config) for Speaker_Config
    usb_endp.o(i.EP1_OUT_Callback) refers to usb_regs.o(i.GetENDPOINT) for GetENDPOINT
    usb_endp.o(i.EP1_OUT_Callback) refers to usb_regs.o(i.GetEPDblBuf0Count) for GetEPDblBuf0Count
    usb_endp.o(i.EP1_OUT_Callback) refers to usb_regs.o(i.GetEPDblBuf1Count) for GetEPDblBuf1Count
    usb_endp.o(i.EP1_OUT_Callback) refers to usb_mem.o(i.PMAToUserBufferCopy) for PMAToUserBufferCopy
    usb_endp.o(i.EP1_OUT_Callback) refers to usb_regs.o(i.FreeUserBuffer) for FreeUserBuffer
    usb_endp.o(i.EP1_OUT_Callback) refers to usb_endp.o(.bss) for .bss
    usb_endp.o(i.EP1_OUT_Callback) refers to usb_endp.o(.data) for .data
    usb_istr.o(i.SOF_Callback) refers to usb_endp.o(.data) for In_Data_Offset
    usb_istr.o(i.SOF_Callback) refers to stm32_it.o(.data) for Out_Data_Offset
    usb_istr.o(i.USB_Istr) refers to usb_int.o(i.CTR_LP) for CTR_LP
    usb_istr.o(i.USB_Istr) refers to usb_pwr.o(i.Resume) for Resume
    usb_istr.o(i.USB_Istr) refers to usb_pwr.o(i.Suspend) for Suspend
    usb_istr.o(i.USB_Istr) refers to usb_istr.o(i.SOF_Callback) for SOF_Callback
    usb_istr.o(i.USB_Istr) refers to usb_istr.o(.data) for .data
    usb_istr.o(i.USB_Istr) refers to usb_init.o(.data) for wInterrupt_Mask
    usb_istr.o(i.USB_Istr) refers to usb_prop.o(.data) for Device_Property
    usb_istr.o(i.USB_Istr) refers to usb_pwr.o(.data) for fSuspendEnabled
    usb_istr.o(.data) refers to usb_core.o(i.NOP_Process) for NOP_Process
    usb_istr.o(.data) refers to usb_endp.o(i.EP1_OUT_Callback) for EP1_OUT_Callback
    usb_istr.o(.data) refers to usb_core.o(i.NOP_Process) for NOP_Process
    usb_prop.o(i.Mute_Command) refers to usb_prop.o(.data) for .data
    usb_prop.o(i.Mute_Command) refers to usb_init.o(.data) for pInformation
[...]

Removing Unused input sections from the image.

    Removing hw_config.o(.rev16_text), (4 bytes).
    Removing hw_config.o(.revsh_text), (4 bytes).
    Removing hw_config.o(.rrx_text), (6 bytes).
    Removing hw_config.o(i.Enter_LowPowerMode), (12 bytes).
    Removing hw_config.o(.data), (1 bytes).
    Removing main.o(.rev16_text), (4 bytes).
    Removing main.o(.revsh_text), (4 bytes).
    Removing main.o(.rrx_text), (6 bytes).
    Removing usb_desc.o(.rev16_text), (4 bytes).
    Removing usb_desc.o(.revsh_text), (4 bytes).
    Removing usb_desc.o(.rrx_text), (6 bytes).
    Removing usb_endp.o(.rev16_text), (4 bytes).
    Removing usb_endp.o(.revsh_text), (4 bytes).
    Removing usb_endp.o(.rrx_text), (6 bytes).
    Removing usb_istr.o(.rev16_text), (4 bytes).
    Removing usb_istr.o(.revsh_text), (4 bytes).
    Removing usb_istr.o(.rrx_text), (6 bytes).
    Removing usb_prop.o(.rev16_text), (4 bytes).
    Removing usb_prop.o(.revsh_text), (4 bytes).
    Removing usb_prop.o(.rrx_text), (6 bytes).
    Removing usb_pwr.o(.rev16_text), (4 bytes).
    Removing usb_pwr.o(.revsh_text), (4 bytes).
    Removing usb_pwr.o(.rrx_text), (6 bytes).
    Removing usb_pwr.o(i.PowerOff), (32 bytes).
    Removing misc.o(.rev16_text), (4 bytes).
    Removing misc.o(.revsh_text), (4 bytes).
    Removing misc.o(.rrx_text), (6 bytes).
    Removing misc.o(i.NVIC_SetVectorTable), (20 bytes).
    Removing misc.o(i.NVIC_SystemLPConfig), (24 bytes).
    Removing misc.o(i.SysTick_CLKSourceConfig), (24 bytes).
    Removing stm32_it.o(.rev16_text), (4 bytes).
    Removing stm32_it.o(.revsh_text), (4 bytes).
    Removing stm32_it.o(.rrx_text), (6 bytes).
    Removing stm32_it.o(i.USB_HP_IRQHandler), (4 bytes).
    Removing startup_stm32f10x_md.o(HEAP), (512 bytes).
    Removing system_stm32f10x.o(.rev16_text), (4 bytes).
    Removing system_stm32f10x.o(.revsh_text), (4 bytes).
    Removing system_stm32f10x.o(.rrx_text), (6 bytes).
    Removing system_stm32f10x.o(i.SystemCoreClockUpdate), (100 bytes).
    Removing system_stm32f10x.o(.data), (20 bytes).
    Removing usb_core.o(.rev16_text), (4 bytes).
    Removing usb_core.o(.revsh_text), (4 bytes).
    Removing usb_core.o(.rrx_text), (6 bytes).
    Removing usb_init.o(.rev16_text), (4 bytes).
    Removing usb_init.o(.revsh_text), (4 bytes).
    Removing usb_init.o(.rrx_text), (6 bytes).
    Removing usb_init.o(.data), (2 bytes).
    Removing usb_int.o(.rev16_text), (4 bytes).
    Removing usb_int.o(.revsh_text), (4 bytes).
    Removing usb_int.o(.rrx_text), (6 bytes).
    Removing usb_mem.o(.rev16_text), (4 bytes).
    Removing usb_mem.o(.revsh_text), (4 bytes).
    Removing usb_mem.o(.rrx_text), (6 bytes).
    Removing usb_regs.o(.rev16_text), (4 bytes).
    Removing usb_regs.o(.revsh_text), (4 bytes).
    Removing usb_regs.o(.rrx_text), (6 bytes).
    Removing usb_regs.o(i.ClearEPDoubleBuff), (32 bytes).
    Removing usb_regs.o(i.ClearEP_CTR_RX), (28 bytes).
    Removing usb_regs.o(i.ClearEP_CTR_TX), (28 bytes).
    Removing usb_regs.o(i.ClearEP_KIND), (32 bytes).
    Removing usb_regs.o(i.GetBTABLE), (12 bytes).
    Removing usb_regs.o(i.GetCNTR), (12 bytes).
    Removing usb_regs.o(i.GetDADDR), (12 bytes).
    Removing usb_regs.o(i.GetEPAddress), (20 bytes).
    Removing usb_regs.o(i.GetEPDblBuf0Addr), (28 bytes).
    Removing usb_regs.o(i.GetEPDblBuf1Addr), (32 bytes).
    Removing usb_regs.o(i.GetEPDblBufDir), (60 bytes).
    Removing usb_regs.o(i.GetEPRxCount), (32 bytes).
    Removing usb_regs.o(i.GetEPRxStatus), (24 bytes).
    Removing usb_regs.o(i.GetEPTxCount), (32 bytes).
    Removing usb_regs.o(i.GetEPTxStatus), (24 bytes).
    Removing usb_regs.o(i.GetEPType), (24 bytes).
    Removing usb_regs.o(i.GetFNR), (12 bytes).
    Removing usb_regs.o(i.GetISTR), (12 bytes).
    Removing usb_regs.o(i.GetRxStallStatus), (28 bytes).
    Removing usb_regs.o(i.GetTxStallStatus), (28 bytes).
    Removing usb_regs.o(i.SetCNTR), (12 bytes).
    Removing usb_regs.o(i.SetDADDR), (12 bytes).
    Removing usb_regs.o(i.SetDouBleBuffEPStall), (44 bytes).
    Removing usb_regs.o(i.SetENDPOINT), (16 bytes).
    Removing usb_regs.o(i.SetEPAddress), (36 bytes).
    Removing usb_regs.o(i.SetEPCountRxReg), (38 bytes).
    Removing usb_regs.o(i.SetEPDblBuf0Addr), (32 bytes).
    Removing usb_regs.o(i.SetEPDblBuf0Count), (92 bytes).
    Removing usb_regs.o(i.SetEPDblBuf1Addr), (32 bytes).
    Removing usb_regs.o(i.SetEPDblBuf1Count), (92 bytes).
    Removing usb_regs.o(i.SetEPDoubleBuff), (32 bytes).
    Removing usb_regs.o(i.SetEPTxValid), (36 bytes).
    Removing usb_regs.o(i.SetEP_KIND), (32 bytes).
    Removing usb_regs.o(i.SetISTR), (12 bytes).
    Removing usb_regs.o(i.Set_Status_Out), (32 bytes).
    Removing usb_regs.o(i.ToWord), (6 bytes).
    Removing usb_regs.o(i.ToggleDTOG_RX), (32 bytes).
    Removing usb_sil.o(.rev16_text), (4 bytes).
    Removing usb_sil.o(.revsh_text), (4 bytes).
    Removing usb_sil.o(.rrx_text), (6 bytes).
    Removing usb_sil.o(i.USB_SIL_Read), (36 bytes).
    Removing usb_sil.o(i.USB_SIL_Write), (38 bytes).
    Removing stm32f10x_tim.o(.rev16_text), (4 bytes).
    Removing stm32f10x_tim.o(.revsh_text), (4 bytes).
    Removing stm32f10x_tim.o(.rrx_text), (6 bytes).
    Removing stm32f10x_tim.o(i.TI1_Config), (108 bytes).
    Removing stm32f10x_tim.o(i.TI2_Config), (124 bytes).
    Removing stm32f10x_tim.o(i.TIM_ARRPreloadConfig), (20 bytes).
    Removing stm32f10x_tim.o(i.TIM_BDTRConfig), (34 bytes).
    Removing stm32f10x_tim.o(i.TIM_BDTRStructInit), (18 bytes).
    Removing stm32f10x_tim.o(i.TIM_CCPreloadControl), (20 bytes).
    Removing stm32f10x_tim.o(i.TIM_CCxCmd), (22 bytes).
    Removing stm32f10x_tim.o(i.TIM_CCxNCmd), (22 bytes).
    Removing stm32f10x_tim.o(i.TIM_ClearFlag), (6 bytes).
    Removing stm32f10x_tim.o(i.TIM_ClearOC1Ref), (12 bytes).
    Removing stm32f10x_tim.o(i.TIM_ClearOC2Ref), (20 bytes).
    Removing stm32f10x_tim.o(i.TIM_ClearOC3Ref), (12 bytes).
    Removing stm32f10x_tim.o(i.TIM_ClearOC4Ref), (20 bytes).
    Removing stm32f10x_tim.o(i.TIM_CounterModeConfig), (12 bytes).
    Removing stm32f10x_tim.o(i.TIM_CtrlPWMOutputs), (22 bytes).
    Removing stm32f10x_tim.o(i.TIM_DMACmd), (16 bytes).
    Removing stm32f10x_tim.o(i.TIM_DMAConfig), (8 bytes).
    Removing stm32f10x_tim.o(i.TIM_DeInit), (368 bytes).
    Removing stm32f10x_tim.o(i.TIM_ETRClockMode1Config), (18 bytes).
    Removing stm32f10x_tim.o(i.TIM_ETRClockMode2Config), (18 bytes).
    Removing stm32f10x_tim.o(i.TIM_ETRConfig), (24 bytes).
    Removing stm32f10x_tim.o(i.TIM_EncoderInterfaceConfig), (50 bytes).
    Removing stm32f10x_tim.o(i.TIM_ForcedOC1Config), (12 bytes).
    Removing stm32f10x_tim.o(i.TIM_ForcedOC2Config), (20 bytes).
    Removing stm32f10x_tim.o(i.TIM_ForcedOC3Config), (12 bytes).
    Removing stm32f10x_tim.o(i.TIM_ForcedOC4Config), (20 bytes).
    Removing stm32f10x_tim.o(i.TIM_GenerateEvent), (4 bytes).
    Removing stm32f10x_tim.o(i.TIM_GetCapture1), (4 bytes).
    Removing stm32f10x_tim.o(i.TIM_GetCapture2), (4 bytes).
    Removing stm32f10x_tim.o(i.TIM_GetCapture3), (4 bytes).
    Removing stm32f10x_tim.o(i.TIM_GetCapture4), (6 bytes).
    Removing stm32f10x_tim.o(i.TIM_GetCounter), (4 bytes).
    Removing stm32f10x_tim.o(i.TIM_GetFlagStatus), (14 bytes).
    Removing stm32f10x_tim.o(i.TIM_GetPrescaler), (4 bytes).
    Removing stm32f10x_tim.o(i.TIM_ICInit), (300 bytes).
    Removing stm32f10x_tim.o(i.TIM_ICStructInit), (16 bytes).
    Removing stm32f10x_tim.o(i.TIM_ITRxExternalClockConfig), (18 bytes).
    Removing stm32f10x_tim.o(i.TIM_InternalClockConfig), (10 bytes).
    Removing stm32f10x_tim.o(i.TIM_OC1FastConfig), (12 bytes).
    Removing stm32f10x_tim.o(i.TIM_OC1NPolarityConfig), (12 bytes).
    Removing stm32f10x_tim.o(i.TIM_OC1PolarityConfig), (12 bytes).
    Removing stm32f10x_tim.o(i.TIM_OC2FastConfig), (20 bytes).
    Removing stm32f10x_tim.o(i.TIM_OC2Init), (128 bytes).
    Removing stm32f10x_tim.o(i.TIM_OC2NPolarityConfig), (20 bytes).
    Removing stm32f10x_tim.o(i.TIM_OC2PolarityConfig), (20 bytes).
    Removing stm32f10x_tim.o(i.TIM_OC2PreloadConfig), (20 bytes).
    Removing stm32f10x_tim.o(i.TIM_OC3FastConfig), (12 bytes).
    Removing stm32f10x_tim.o(i.TIM_OC3NPolarityConfig), (20 bytes).
    Removing stm32f10x_tim.o(i.TIM_OC3PolarityConfig), (20 bytes).
    Removing stm32f10x_tim.o(i.TIM_OC4FastConfig), (20 bytes).
    Removing stm32f10x_tim.o(i.TIM_OC4Init), (100 bytes).
    Removing stm32f10x_tim.o(i.TIM_OC4PolarityConfig), (20 bytes).
    Removing stm32f10x_tim.o(i.TIM_OC4PreloadConfig), (20 bytes).
    Removing stm32f10x_tim.o(i.TIM_OCStructInit), (20 bytes).
    Removing stm32f10x_tim.o(i.TIM_PWMIConfig), (108 bytes).
    Removing stm32f10x_tim.o(i.TIM_PrescalerConfig), (6 bytes).
    Removing stm32f10x_tim.o(i.TIM_SelectCCDMA), (20 bytes).
    Removing stm32f10x_tim.o(i.TIM_SelectCOM), (20 bytes).
    Removing stm32f10x_tim.o(i.TIM_SelectHallSensor), (20 bytes).
    Removing stm32f10x_tim.o(i.TIM_SelectInputTrigger), (12 bytes).
    Removing stm32f10x_tim.o(i.TIM_SelectMasterSlaveMode), (16 bytes).
    Removing stm32f10x_tim.o(i.TIM_SelectOCxM), (70 bytes).
    Removing stm32f10x_tim.o(i.TIM_SelectOnePulseMode), (16 bytes).
    Removing stm32f10x_tim.o(i.TIM_SelectOutputTrigger), (16 bytes).
    Removing stm32f10x_tim.o(i.TIM_SelectSlaveMode), (16 bytes).
    Removing stm32f10x_tim.o(i.TIM_SetAutoreload), (4 bytes).
    Removing stm32f10x_tim.o(i.TIM_SetClockDivision), (16 bytes).
    Removing stm32f10x_tim.o(i.TIM_SetCompare1), (4 bytes).
    Removing stm32f10x_tim.o(i.TIM_SetCompare2), (4 bytes).
    Removing stm32f10x_tim.o(i.TIM_SetCompare4), (6 bytes).
    Removing stm32f10x_tim.o(i.TIM_SetCounter), (4 bytes).
    Removing stm32f10x_tim.o(i.TIM_SetIC1Prescaler), (16 bytes).
    Removing stm32f10x_tim.o(i.TIM_SetIC2Prescaler), (24 bytes).
    Removing stm32f10x_tim.o(i.TIM_SetIC3Prescaler), (16 bytes).
    Removing stm32f10x_tim.o(i.TIM_SetIC4Prescaler), (24 bytes).
    Removing stm32f10x_tim.o(i.TIM_TIxExternalClockConfig), (46 bytes).
    Removing stm32f10x_tim.o(i.TIM_TimeBaseStructInit), (18 bytes).
    Removing stm32f10x_tim.o(i.TIM_UpdateDisableConfig), (20 bytes).
    Removing stm32f10x_tim.o(i.TIM_UpdateRequestConfig), (20 bytes).
    Removing stm32f10x_gpio.o(.rev16_text), (4 bytes).
    Removing stm32f10x_gpio.o(.revsh_text), (4 bytes).
    Removing stm32f10x_gpio.o(.rrx_text), (6 bytes).
    Removing stm32f10x_gpio.o(i.GPIO_AFIODeInit), (22 bytes).
    Removing stm32f10x_gpio.o(i.GPIO_DeInit), (180 bytes).
    Removing stm32f10x_gpio.o(i.GPIO_ETH_MediaInterfaceConfig), (12 bytes).
    Removing stm32f10x_gpio.o(i.GPIO_EXTILineConfig), (40 bytes).
    Removing stm32f10x_gpio.o(i.GPIO_EventOutputCmd), (12 bytes).
    Removing stm32f10x_gpio.o(i.GPIO_EventOutputConfig), (28 bytes).
    Removing stm32f10x_gpio.o(i.GPIO_PinLockConfig), (16 bytes).
    Removing stm32f10x_gpio.o(i.GPIO_PinRemapConfig), (88 bytes).
    Removing stm32f10x_gpio.o(i.GPIO_ReadInputData), (6 bytes).
    Removing stm32f10x_gpio.o(i.GPIO_ReadInputDataBit), (14 bytes).
    Removing stm32f10x_gpio.o(i.GPIO_ReadOutputData), (6 bytes).
    Removing stm32f10x_gpio.o(i.GPIO_ReadOutputDataBit), (14 bytes).
    Removing stm32f10x_gpio.o(i.GPIO_StructInit), (16 bytes).
    Removing stm32f10x_gpio.o(i.GPIO_Write), (4 bytes).
    Removing stm32f10x_gpio.o(i.GPIO_WriteBit), (10 bytes).
    Removing stm32f10x_i2c.o(.rev16_text), (4 bytes).
    Removing stm32f10x_i2c.o(.revsh_text), (4 bytes).
    Removing stm32f10x_i2c.o(.rrx_text), (6 bytes).
    Removing stm32f10x_i2c.o(i.I2C_ARPCmd), (20 bytes).
    Removing stm32f10x_i2c.o(i.I2C_AcknowledgeConfig), (20 bytes).
    Removing stm32f10x_i2c.o(i.I2C_CalculatePEC), (20 bytes).
    Removing stm32f10x_i2c.o(i.I2C_CheckEvent), (24 bytes).
    Removing stm32f10x_i2c.o(i.I2C_ClearFlag), (6 bytes).
    Removing stm32f10x_i2c.o(i.I2C_ClearITPendingBit), (6 bytes).
    Removing stm32f10x_i2c.o(i.I2C_Cmd), (20 bytes).
    Removing stm32f10x_i2c.o(i.I2C_DMACmd), (20 bytes).
    Removing stm32f10x_i2c.o(i.I2C_DMALastTransferCmd), (20 bytes).
    Removing stm32f10x_i2c.o(i.I2C_DeInit), (44 bytes).
    Removing stm32f10x_i2c.o(i.I2C_DualAddressCmd), (20 bytes).
    Removing stm32f10x_i2c.o(i.I2C_FastModeDutyCycleConfig), (22 bytes).
    Removing stm32f10x_i2c.o(i.I2C_GeneralCallCmd), (20 bytes).
    Removing stm32f10x_i2c.o(i.I2C_GenerateSTART), (20 bytes).
    Removing stm32f10x_i2c.o(i.I2C_GenerateSTOP), (20 bytes).
    Removing stm32f10x_i2c.o(i.I2C_GetFlagStatus), (42 bytes).
    Removing stm32f10x_i2c.o(i.I2C_GetITStatus), (36 bytes).
    Removing stm32f10x_i2c.o(i.I2C_GetLastEvent), (14 bytes).
    Removing stm32f10x_i2c.o(i.I2C_GetPEC), (6 bytes).
    Removing stm32f10x_i2c.o(i.I2C_ITConfig), (16 bytes).
    Removing stm32f10x_i2c.o(i.I2C_Init), (188 bytes).
    Removing stm32f10x_i2c.o(i.I2C_NACKPositionConfig), (22 bytes).
    Removing stm32f10x_i2c.o(i.I2C_OwnAddress2Config), (16 bytes).
    Removing stm32f10x_i2c.o(i.I2C_PECPositionConfig), (22 bytes).
    Removing stm32f10x_i2c.o(i.I2C_ReadRegister), (10 bytes).
    Removing stm32f10x_i2c.o(i.I2C_ReceiveData), (6 bytes).
    Removing stm32f10x_i2c.o(i.I2C_SMBusAlertConfig), (22 bytes).
    Removing stm32f10x_i2c.o(i.I2C_Send7bitAddress), (16 bytes).
    Removing stm32f10x_i2c.o(i.I2C_SendData), (4 bytes).
    Removing stm32f10x_i2c.o(i.I2C_SoftwareResetCmd), (20 bytes).
    Removing stm32f10x_i2c.o(i.I2C_StretchClockCmd), (20 bytes).
    Removing stm32f10x_i2c.o(i.I2C_StructInit), (28 bytes).
    Removing stm32f10x_i2c.o(i.I2C_TransmitPEC), (20 bytes).
    Removing stm32f10x_rcc.o(.rev16_text), (4 bytes).
    Removing stm32f10x_rcc.o(.revsh_text), (4 bytes).
    Removing stm32f10x_rcc.o(.rrx_text), (6 bytes).
    Removing stm32f10x_rcc.o(i.RCC_ADCCLKConfig), (20 bytes).
    Removing stm32f10x_rcc.o(i.RCC_AHBPeriphClockCmd), (24 bytes).
    Removing stm32f10x_rcc.o(i.RCC_APB1PeriphResetCmd), (24 bytes).
    Removing stm32f10x_rcc.o(i.RCC_APB2PeriphResetCmd), (24 bytes).
    Removing stm32f10x_rcc.o(i.RCC_AdjustHSICalibrationValue), (20 bytes).
    Removing stm32f10x_rcc.o(i.RCC_BackupResetCmd), (12 bytes).
    Removing stm32f10x_rcc.o(i.RCC_ClearFlag), (16 bytes).
    Removing stm32f10x_rcc.o(i.RCC_ClearITPendingBit), (12 bytes).
    Removing stm32f10x_rcc.o(i.RCC_ClockSecuritySystemCmd), (12 bytes).
    Removing stm32f10x_rcc.o(i.RCC_DeInit), (64 bytes).
    Removing stm32f10x_rcc.o(i.RCC_GetClocksFreq), (144 bytes).
    Removing stm32f10x_rcc.o(i.RCC_GetFlagStatus), (48 bytes).
    Removing stm32f10x_rcc.o(i.RCC_GetITStatus), (20 bytes).
    Removing stm32f10x_rcc.o(i.RCC_GetSYSCLKSource), (16 bytes).
    Removing stm32f10x_rcc.o(i.RCC_HCLKConfig), (20 bytes).
    Removing stm32f10x_rcc.o(i.RCC_HSEConfig), (52 bytes).
    Removing stm32f10x_rcc.o(i.RCC_HSICmd), (12 bytes).
    Removing stm32f10x_rcc.o(i.RCC_ITConfig), (24 bytes).
    Removing stm32f10x_rcc.o(i.RCC_LSEConfig), (32 bytes).
    Removing stm32f10x_rcc.o(i.RCC_LSICmd), (12 bytes).
    Removing stm32f10x_rcc.o(i.RCC_MCOConfig), (12 bytes).
    Removing stm32f10x_rcc.o(i.RCC_PCLK1Config), (20 bytes).
    Removing stm32f10x_rcc.o(i.RCC_PCLK2Config), (20 bytes).
    Removing stm32f10x_rcc.o(i.RCC_PLLCmd), (12 bytes).
    Removing stm32f10x_rcc.o(i.RCC_PLLConfig), (20 bytes).
    Removing stm32f10x_rcc.o(i.RCC_RTCCLKCmd), (12 bytes).
    Removing stm32f10x_rcc.o(i.RCC_RTCCLKConfig), (16 bytes).
    Removing stm32f10x_rcc.o(i.RCC_SYSCLKConfig), (20 bytes).
    Removing stm32f10x_rcc.o(i.RCC_WaitForHSEStartUp), (44 bytes).
    Removing stm32f10x_rcc.o(.data), (20 bytes).
    Removing stm32f10x_spi.o(.rev16_text), (4 bytes).
    Removing stm32f10x_spi.o(.revsh_text), (4 bytes).
    Removing stm32f10x_spi.o(.rrx_text), (6 bytes).
    Removing stm32f10x_spi.o(i.I2S_Cmd), (20 bytes).
    Removing stm32f10x_spi.o(i.I2S_Init), (152 bytes).
    Removing stm32f10x_spi.o(i.I2S_StructInit), (18 bytes).
    Removing stm32f10x_spi.o(i.SPI_BiDirectionalLineConfig), (22 bytes).
    Removing stm32f10x_spi.o(i.SPI_CalculateCRC), (20 bytes).
    Removing stm32f10x_spi.o(i.SPI_Cmd), (20 bytes).
    Removing stm32f10x_spi.o(i.SPI_DataSizeConfig), (16 bytes).
    Removing stm32f10x_spi.o(i.SPI_GetCRC), (12 bytes).
    Removing stm32f10x_spi.o(i.SPI_GetCRCPolynomial), (4 bytes).
    Removing stm32f10x_spi.o(i.SPI_I2S_ClearFlag), (6 bytes).
    Removing stm32f10x_spi.o(i.SPI_I2S_ClearITPendingBit), (14 bytes).
    Removing stm32f10x_spi.o(i.SPI_I2S_DMACmd), (16 bytes).
    Removing stm32f10x_spi.o(i.SPI_I2S_DeInit), (84 bytes).
    Removing stm32f10x_spi.o(i.SPI_I2S_GetFlagStatus), (14 bytes).
    Removing stm32f10x_spi.o(i.SPI_I2S_GetITStatus), (42 bytes).
    Removing stm32f10x_spi.o(i.SPI_I2S_ITConfig), (24 bytes).
    Removing stm32f10x_spi.o(i.SPI_I2S_ReceiveData), (4 bytes).
    Removing stm32f10x_spi.o(i.SPI_I2S_SendData), (4 bytes).
    Removing stm32f10x_spi.o(i.SPI_Init), (56 bytes).
    Removing stm32f10x_spi.o(i.SPI_NSSInternalSoftwareConfig), (24 bytes).
    Removing stm32f10x_spi.o(i.SPI_SSOutputCmd), (20 bytes).
    Removing stm32f10x_spi.o(i.SPI_StructInit), (24 bytes).
    Removing stm32f10x_spi.o(i.SPI_TransmitCRC), (10 bytes).
    Removing stm32f10x_flash.o(.rev16_text), (4 bytes).
    Removing stm32f10x_flash.o(.revsh_text), (4 bytes).
    Removing stm32f10x_flash.o(.rrx_text), (6 bytes).
    Removing stm32f10x_flash.o(i.FLASH_ClearFlag), (12 bytes).
    Removing stm32f10x_flash.o(i.FLASH_EnableWriteProtection), (172 bytes).
    Removing stm32f10x_flash.o(i.FLASH_EraseAllBank1Pages), (56 bytes).
    Removing stm32f10x_flash.o(i.FLASH_EraseAllPages), (56 bytes).
    Removing stm32f10x_flash.o(i.FLASH_EraseOptionBytes), (124 bytes).
    Removing stm32f10x_flash.o(i.FLASH_ErasePage), (60 bytes).
    Removing stm32f10x_flash.o(i.FLASH_GetBank1Status), (40 bytes).
    Removing stm32f10x_flash.o(i.FLASH_GetFlagStatus), (32 bytes).
    Removing stm32f10x_flash.o(i.FLASH_GetPrefetchBufferStatus), (20 bytes).
    Removing stm32f10x_flash.o(i.FLASH_GetReadOutProtectionStatus), (20 bytes).
    Removing stm32f10x_flash.o(i.FLASH_GetStatus), (40 bytes).
    Removing stm32f10x_flash.o(i.FLASH_GetUserOptionByte), (12 bytes).
    Removing stm32f10x_flash.o(i.FLASH_GetWriteProtectionOptionByte), (12 bytes).
    Removing stm32f10x_flash.o(i.FLASH_HalfCycleAccessCmd), (24 bytes).
    Removing stm32f10x_flash.o(i.FLASH_ITConfig), (24 bytes).
    Removing stm32f10x_flash.o(i.FLASH_Lock), (16 bytes).
    Removing stm32f10x_flash.o(i.FLASH_LockBank1), (16 bytes).
    Removing stm32f10x_flash.o(i.FLASH_PrefetchBufferCmd), (24 bytes).
    Removing stm32f10x_flash.o(i.FLASH_ProgramHalfWord), (52 bytes).
    Removing stm32f10x_flash.o(i.FLASH_ProgramOptionByteData), (76 bytes).
    Removing stm32f10x_flash.o(i.FLASH_ProgramWord), (80 bytes).
    Removing stm32f10x_flash.o(i.FLASH_ReadOutProtection), (136 bytes).
    Removing stm32f10x_flash.o(i.FLASH_SetLatency), (20 bytes).
    Removing stm32f10x_flash.o(i.FLASH_Unlock), (24 bytes).
    Removing stm32f10x_flash.o(i.FLASH_UnlockBank1), (24 bytes).
    Removing stm32f10x_flash.o(i.FLASH_UserOptionByteConfig), (96 bytes).
    Removing stm32f10x_flash.o(i.FLASH_WaitForLastBank1Operation), (36 bytes).
    Removing stm32f10x_flash.o(i.FLASH_WaitForLastOperation), (36 bytes).
    Removing stm32f10x_dac.o(.rev16_text), (4 bytes).
    Removing stm32f10x_dac.o(.revsh_text), (4 bytes).
    Removing stm32f10x_dac.o(.rrx_text), (6 bytes).
    Removing stm32f10x_dac.o(i.DAC_Cmd), (24 bytes).
    Removing stm32f10x_dac.o(i.DAC_DMACmd), (24 bytes).
    Removing stm32f10x_dac.o(i.DAC_DeInit), (24 bytes).
    Removing stm32f10x_dac.o(i.DAC_DualSoftwareTriggerCmd), (28 bytes).
    Removing stm32f10x_dac.o(i.DAC_GetDataOutputValue), (24 bytes).
    Removing stm32f10x_dac.o(i.DAC_Init), (40 bytes).
    Removing stm32f10x_dac.o(i.DAC_SetChannel1Data), (20 bytes).
    Removing stm32f10x_dac.o(i.DAC_SetChannel2Data), (20 bytes).
    Removing stm32f10x_dac.o(i.DAC_SetDualChannelData), (28 bytes).
    Removing stm32f10x_dac.o(i.DAC_SoftwareTriggerCmd), (28 bytes).
    Removing stm32f10x_dac.o(i.DAC_StructInit), (12 bytes).
    Removing stm32f10x_dac.o(i.DAC_WaveGenerationCmd), (24 bytes).
    Removing stm32f10x_exti.o(.rev16_text), (4 bytes).
    Removing stm32f10x_exti.o(.revsh_text), (4 bytes).
    Removing stm32f10x_exti.o(.rrx_text), (6 bytes).
    Removing stm32f10x_exti.o(i.EXTI_ClearFlag), (12 bytes).
    Removing stm32f10x_exti.o(i.EXTI_DeInit), (36 bytes).
    Removing stm32f10x_exti.o(i.EXTI_GenerateSWInterrupt), (16 bytes).
    Removing stm32f10x_exti.o(i.EXTI_GetFlagStatus), (20 bytes).
    Removing stm32f10x_exti.o(i.EXTI_GetITStatus), (32 bytes).
    Removing stm32f10x_exti.o(i.EXTI_StructInit), (14 bytes).
    Removing stm32f10x_pwr.o(.rev16_text), (4 bytes).
    Removing stm32f10x_pwr.o(.revsh_text), (4 bytes).
    Removing stm32f10x_pwr.o(.rrx_text), (6 bytes).
    Removing stm32f10x_pwr.o(i.PWR_BackupAccessCmd), (12 bytes).
    Removing stm32f10x_pwr.o(i.PWR_ClearFlag), (16 bytes).
    Removing stm32f10x_pwr.o(i.PWR_DeInit), (24 bytes).
    Removing stm32f10x_pwr.o(i.PWR_EnterSTANDBYMode), (40 bytes).
    Removing stm32f10x_pwr.o(i.PWR_EnterSTOPMode), (52 bytes).
    Removing stm32f10x_pwr.o(i.PWR_GetFlagStatus), (20 bytes).
    Removing stm32f10x_pwr.o(i.PWR_PVDCmd), (12 bytes).
    Removing stm32f10x_pwr.o(i.PWR_PVDLevelConfig), (20 bytes).
    Removing stm32f10x_pwr.o(i.PWR_WakeUpPinCmd), (12 bytes).
    Removing stm32f10x_usart.o(.rev16_text), (4 bytes).
    Removing stm32f10x_usart.o(.revsh_text), (4 bytes).
    Removing stm32f10x_usart.o(.rrx_text), (6 bytes).
    Removing stm32f10x_usart.o(i.USART_ClearFlag), (6 bytes).
    Removing stm32f10x_usart.o(i.USART_ClearITPendingBit), (12 bytes).
    Removing stm32f10x_usart.o(i.USART_ClockInit), (30 bytes).
    Removing stm32f10x_usart.o(i.USART_ClockStructInit), (12 bytes).
    Removing stm32f10x_usart.o(i.USART_Cmd), (20 bytes).
    Removing stm32f10x_usart.o(i.USART_DMACmd), (16 bytes).
    Removing stm32f10x_usart.o(i.USART_DeInit), (116 bytes).
    Removing stm32f10x_usart.o(i.USART_GetFlagStatus), (14 bytes).
    Removing stm32f10x_usart.o(i.USART_GetITStatus), (62 bytes).
    Removing stm32f10x_usart.o(i.USART_HalfDuplexCmd), (20 bytes).
    Removing stm32f10x_usart.o(i.USART_ITConfig), (48 bytes).
    Removing stm32f10x_usart.o(i.USART_Init), (172 bytes).
    Removing stm32f10x_usart.o(i.USART_IrDACmd), (20 bytes).
    Removing stm32f10x_usart.o(i.USART_IrDAConfig), (16 bytes).
    Removing stm32f10x_usart.o(i.USART_LINBreakDetectLengthConfig), (16 bytes).
    Removing stm32f10x_usart.o(i.USART_LINCmd), (20 bytes).
    Removing stm32f10x_usart.o(i.USART_OneBitMethodCmd), (20 bytes).
    Removing stm32f10x_usart.o(i.USART_OverSampling8Cmd), (20 bytes).
    Removing stm32f10x_usart.o(i.USART_ReceiveData), (8 bytes).
    Removing stm32f10x_usart.o(i.USART_ReceiverWakeUpCmd), (20 bytes).
    Removing stm32f10x_usart.o(i.USART_SendBreak), (10 bytes).
    Removing stm32f10x_usart.o(i.USART_SendData), (8 bytes).
    Removing stm32f10x_usart.o(i.USART_SetAddress), (16 bytes).
    Removing stm32f10x_usart.o(i.USART_SetGuardTime), (16 bytes).
    Removing stm32f10x_usart.o(i.USART_SetPrescaler), (16 bytes).
    Removing stm32f10x_usart.o(i.USART_SmartCardCmd), (20 bytes).
    Removing stm32f10x_usart.o(i.USART_SmartCardNACKCmd), (20 bytes).
    Removing stm32f10x_usart.o(i.USART_StructInit), (22 bytes).
    Removing stm32f10x_usart.o(i.USART_WakeUpConfig), (16 bytes).
    Removing stm32f10x_sdio.o(.rev16_text), (4 bytes).
    Removing stm32f10x_sdio.o(.revsh_text), (4 bytes).
    Removing stm32f10x_sdio.o(.rrx_text), (6 bytes).
    Removing stm32f10x_sdio.o(i.SDIO_CEATAITCmd), (16 bytes).
    Removing stm32f10x_sdio.o(i.SDIO_ClearFlag), (12 bytes).
    Removing stm32f10x_sdio.o(i.SDIO_ClearITPendingBit), (12 bytes).
    Removing stm32f10x_sdio.o(i.SDIO_ClockCmd), (12 bytes).
    Removing stm32f10x_sdio.o(i.SDIO_CmdStructInit), (14 bytes).
    Removing stm32f10x_sdio.o(i.SDIO_CommandCompletionCmd), (12 bytes).
    Removing stm32f10x_sdio.o(i.SDIO_DMACmd), (12 bytes).
    Removing stm32f10x_sdio.o(i.SDIO_DataConfig), (44 bytes).
    Removing stm32f10x_sdio.o(i.SDIO_DataStructInit), (20 bytes).
    Removing stm32f10x_sdio.o(i.SDIO_DeInit), (36 bytes).
    Removing stm32f10x_sdio.o(i.SDIO_GetCommandResponse), (12 bytes).
    Removing stm32f10x_sdio.o(i.SDIO_GetDataCounter), (12 bytes).
    Removing stm32f10x_sdio.o(i.SDIO_GetFIFOCount), (12 bytes).
    Removing stm32f10x_sdio.o(i.SDIO_GetFlagStatus), (20 bytes).
    Removing stm32f10x_sdio.o(i.SDIO_GetITStatus), (20 bytes).
    Removing stm32f10x_sdio.o(i.SDIO_GetPowerState), (16 bytes).
    Removing stm32f10x_sdio.o(i.SDIO_GetResponse), (16 bytes).
    Removing stm32f10x_sdio.o(i.SDIO_ITConfig), (24 bytes).
    Removing stm32f10x_sdio.o(i.SDIO_Init), (44 bytes).
    Removing stm32f10x_sdio.o(i.SDIO_ReadData), (12 bytes).
    Removing stm32f10x_sdio.o(i.SDIO_SendCEATACmd), (12 bytes).
    Removing stm32f10x_sdio.o(i.SDIO_SendCommand), (40 bytes).
    Removing stm32f10x_sdio.o(i.SDIO_SendSDIOSuspendCmd), (12 bytes).
    Removing stm32f10x_sdio.o(i.SDIO_SetPowerState), (12 bytes).
    Removing stm32f10x_sdio.o(i.SDIO_SetSDIOOperation), (12 bytes).
    Removing stm32f10x_sdio.o(i.SDIO_SetSDIOReadWaitMode), (12 bytes).
    Removing stm32f10x_sdio.o(i.SDIO_StartSDIOReadWait), (12 bytes).
    Removing stm32f10x_sdio.o(i.SDIO_StopSDIOReadWait), (12 bytes).
    Removing stm32f10x_sdio.o(i.SDIO_StructInit), (16 bytes).
    Removing stm32f10x_sdio.o(i.SDIO_WriteData), (12 bytes).
    Removing stm32f10x_dma.o(.rev16_text), (4 bytes).
    Removing stm32f10x_dma.o(.revsh_text), (4 bytes).
    Removing stm32f10x_dma.o(.rrx_text), (6 bytes).
    Removing stm32f10x_dma.o(i.DMA_ClearFlag), (24 bytes).
    Removing stm32f10x_dma.o(i.DMA_ClearITPendingBit), (24 bytes).
    Removing stm32f10x_dma.o(i.DMA_Cmd), (22 bytes).
    Removing stm32f10x_dma.o(i.DMA_DeInit), (228 bytes).
    Removing stm32f10x_dma.o(i.DMA_GetCurrDataCounter), (6 bytes).
    Removing stm32f10x_dma.o(i.DMA_GetFlagStatus), (32 bytes).
    Removing stm32f10x_dma.o(i.DMA_GetITStatus), (32 bytes).
    Removing stm32f10x_dma.o(i.DMA_ITConfig), (16 bytes).
    Removing stm32f10x_dma.o(i.DMA_Init), (58 bytes).
    Removing stm32f10x_dma.o(i.DMA_SetCurrDataCounter), (4 bytes).
    Removing stm32f10x_dma.o(i.DMA_StructInit), (26 bytes).
    Removing stm3210b_eval.o(.rev16_text), (4 bytes).
    Removing stm3210b_eval.o(.revsh_text), (4 bytes).
    Removing stm3210b_eval.o(.rrx_text), (6 bytes).
    Removing stm3210b_eval.o(i.LM75_LowLevel_DeInit), (88 bytes).
    Removing stm3210b_eval.o(i.LM75_LowLevel_Init), (88 bytes).
    Removing stm3210b_eval.o(i.SD_LowLevel_DeInit), (120 bytes).
    Removing stm3210b_eval.o(i.SD_LowLevel_Init), (212 bytes).
    Removing stm3210b_eval.o(i.STM_EVAL_COMInit), (172 bytes).
    Removing stm3210b_eval.o(i.STM_EVAL_LEDInit), (64 bytes).
    Removing stm3210b_eval.o(i.STM_EVAL_LEDOff), (24 bytes).
    Removing stm3210b_eval.o(i.STM_EVAL_LEDOn), (24 bytes).
    Removing stm3210b_eval.o(i.STM_EVAL_LEDToggle), (28 bytes).
    Removing stm3210b_eval.o(i.STM_EVAL_PBGetState), (24 bytes).
    Removing stm3210b_eval.o(i.STM_EVAL_PBInit), (156 bytes).
    Removing stm3210b_eval.o(i.sFLASH_LowLevel_DeInit), (100 bytes).
    Removing stm3210b_eval.o(i.sFLASH_LowLevel_Init), (104 bytes).
    Removing stm3210b_eval.o(.constdata), (168 bytes).
    Removing stm3210b_eval.o(.data), (72 bytes).

457 unused section(s) (total 12715 bytes) removed from the image.

==============================================================================

Image Symbol Table

    Local Symbols

    Symbol Name                              Value     Ov Type        Size  Object(Section)

    ../clib/microlib/init/entry.s            0x00000000   Number         0  entry7b.o ABSOLUTE
    ../clib/microlib/init/entry.s            0x00000000   Number         0  entry7a.o ABSOLUTE
    ../clib/microlib/init/entry.s            0x00000000   Number         0  entry10b.o ABSOLUTE
    ../clib/microlib/init/entry.s            0x00000000   Number         0  entry.o ABSOLUTE
    ../clib/microlib/init/entry.s            0x00000000   Number         0  entry5.o ABSOLUTE
    ../clib/microlib/init/entry.s            0x00000000   Number         0  entry10a.o ABSOLUTE
    ../clib/microlib/init/entry.s            0x00000000   Number         0  entry9b.o ABSOLUTE
    ../clib/microlib/init/entry.s            0x00000000   Number         0  entry9a.o ABSOLUTE
    ../clib/microlib/init/entry.s            0x00000000   Number         0  entry8b.o ABSOLUTE
    ../clib/microlib/init/entry.s            0x00000000   Number         0  entry8a.o ABSOLUTE
    ../clib/microlib/init/entry.s            0x00000000   Number         0  entry2.o ABSOLUTE
    ../clib/microlib/init/entry.s            0x00000000   Number         0  entry11b.o ABSOLUTE
    ../clib/microlib/init/entry.s            0x00000000   Number         0  entry11a.o ABSOLUTE
    ..\..\..\Libraries\CMSIS\Device\ST\STM32F10x\Source\Templates\arm\startup_stm32f10x_md.s 0x00000000   Number         0  startup_stm32f10x_md.o ABSOLUTE
    ..\..\..\Libraries\STM32F10x_StdPeriph_Driver\src\misc.c 0x00000000   Number         0  misc.o ABSOLUTE
    ..\..\..\Libraries\STM32F10x_StdPeriph_Driver\src\stm32f10x_dac.c 0x00000000   Number         0  stm32f10x_dac.o ABSOLUTE
    ..\..\..\Libraries\STM32F10x_StdPeriph_Driver\src\stm32f10x_dma.c 0x00000000   Number         0  stm32f10x_dma.o ABSOLUTE
    ..\..\..\Libraries\STM32F10x_StdPeriph_Driver\src\stm32f10x_exti.c 0x00000000   Number         0  stm32f10x_exti.o ABSOLUTE
    ..\..\..\Libraries\STM32F10x_StdPeriph_Driver\src\stm32f10x_flash.c 0x00000000   Number         0  stm32f10x_flash.o ABSOLUTE
    ..\..\..\Libraries\STM32F10x_StdPeriph_Driver\src\stm32f10x_gpio.c 0x00000000   Number         0  stm32f10x_gpio.o ABSOLUTE
    ..\..\..\Libraries\STM32F10x_StdPeriph_Driver\src\stm32f10x_i2c.c 0x00000000   Number         0  stm32f10x_i2c.o ABSOLUTE
    ..\..\..\Libraries\STM32F10x_StdPeriph_Driver\src\stm32f10x_pwr.c 0x00000000   Number         0  stm32f10x_pwr.o ABSOLUTE
    ..\..\..\Libraries\STM32F10x_StdPeriph_Driver\src\stm32f10x_rcc.c 0x00000000   Number         0  stm32f10x_rcc.o ABSOLUTE
    ..\..\..\Libraries\STM32F10x_StdPeriph_Driver\src\stm32f10x_sdio.c 0x00000000   Number         0  stm32f10x_sdio.o ABSOLUTE
    ..\..\..\Libraries\STM32F10x_StdPeriph_Driver\src\stm32f10x_spi.c 0x00000000   Number         0  stm32f10x_spi.o ABSOLUTE
    ..\..\..\Libraries\STM32F10x_StdPeriph_Driver\src\stm32f10x_tim.c 0x00000000   Number         0  stm32f10x_tim.o ABSOLUTE
    ..\..\..\Libraries\STM32F10x_StdPeriph_Driver\src\stm32f10x_usart.c 0x00000000   Number         0  stm32f10x_usart.o ABSOLUTE
    ..\..\..\Libraries\STM32_USB-FS-Device_Driver\src\usb_core.c 0x00000000   Number         0  usb_core.o ABSOLUTE
    ..\..\..\Libraries\STM32_USB-FS-Device_Driver\src\usb_init.c 0x00000000   Number         0  usb_init.o ABSOLUTE
    ..\..\..\Libraries\STM32_USB-FS-Device_Driver\src\usb_int.c 0x00000000   Number         0  usb_int.o ABSOLUTE
    ..\..\..\Libraries\STM32_USB-FS-Device_Driver\src\usb_mem.c 0x00000000   Number         0  usb_mem.o ABSOLUTE
    ..\..\..\Libraries\STM32_USB-FS-Device_Driver\src\usb_regs.c 0x00000000   Number         0  usb_regs.o ABSOLUTE
    ..\..\..\Libraries\STM32_USB-FS-Device_Driver\src\usb_sil.c 0x00000000   Number         0  usb_sil.o ABSOLUTE
    ..\..\..\Utilities\STM32_EVAL\STM3210B_EVAL\stm3210b_eval.c 0x00000000   Number         0  stm3210b_eval.o ABSOLUTE
    ..\\..\\..\\Libraries\\STM32F10x_StdPeriph_Driver\\src\\misc.c 0x00000000   Number         0  misc.o ABSOLUTE
    ..\\..\\..\\Libraries\\STM32F10x_StdPeriph_Driver\\src\\stm32f10x_dac.c 0x00000000   Number         0  stm32f10x_dac.o ABSOLUTE
    ..\\..\\..\\Libraries\\STM32F10x_StdPeriph_Driver\\src\\stm32f10x_dma.c 0x00000000   Number         0  stm32f10x_dma.o ABSOLUTE
    ..\\..\\..\\Libraries\\STM32F10x_StdPeriph_Driver\\src\\stm32f10x_exti.c 0x00000000   Number         0  stm32f10x_exti.o ABSOLUTE
    ..\\..\\..\\Libraries\\STM32F10x_StdPeriph_Driver\\src\\stm32f10x_flash.c 0x00000000   Number         0  stm32f10x_flash.o ABSOLUTE
    ..\\..\\..\\Libraries\\STM32F10x_StdPeriph_Driver\\src\\stm32f10x_gpio.c 0x00000000   Number         0  stm32f10x_gpio.o ABSOLUTE
    ..\\..\\..\\Libraries\\STM32F10x_StdPeriph_Driver\\src\\stm32f10x_i2c.c 0x00000000   Number         0  stm32f10x_i2c.o ABSOLUTE
    ..\\..\\..\\Libraries\\STM32F10x_StdPeriph_Driver\\src\\stm32f10x_pwr.c 0x00000000   Number         0  stm32f10x_pwr.o ABSOLUTE
    ..\\..\\..\\Libraries\\STM32F10x_StdPeriph_Driver\\src\\stm32f10x_rcc.c 0x00000000   Number         0  stm32f10x_rcc.o ABSOLUTE
    ..\\..\\..\\Libraries\\STM32F10x_StdPeriph_Driver\\src\\stm32f10x_sdio.c 0x00000000   Number         0  stm32f10x_sdio.o ABSOLUTE
    ..\\..\\..\\Libraries\\STM32F10x_StdPeriph_Driver\\src\\stm32f10x_spi.c 0x00000000   Number         0  stm32f10x_spi.o ABSOLUTE
    ..\\..\\..\\Libraries\\STM32F10x_StdPeriph_Driver\\src\\stm32f10x_tim.c 0x00000000   Number         0  stm32f10x_tim.o ABSOLUTE
    ..\\..\\..\\Libraries\\STM32F10x_StdPeriph_Driver\\src\\stm32f10x_usart.c 0x00000000   Number         0  stm32f10x_usart.o ABSOLUTE
    ..\\..\\..\\Libraries\\STM32_USB-FS-Device_Driver\\src\\usb_core.c 0x00000000   Number         0  usb_core.o ABSOLUTE
    ..\\..\\..\\Libraries\\STM32_USB-FS-Device_Driver\\src\\usb_init.c 0x00000000   Number         0  usb_init.o ABSOLUTE
    ..\\..\\..\\Libraries\\STM32_USB-FS-Device_Driver\\src\\usb_int.c 0x00000000   Number         0  usb_int.o ABSOLUTE
    ..\\..\\..\\Libraries\\STM32_USB-FS-Device_Driver\\src\\usb_mem.c 0x00000000   Number         0  usb_mem.o ABSOLUTE
    ..\\..\\..\\Libraries\\STM32_USB-FS-Device_Driver\\src\\usb_regs.c 0x00000000   Number         0  usb_regs.o ABSOLUTE
    ..\\..\\..\\Libraries\\STM32_USB-FS-Device_Driver\\src\\usb_sil.c 0x00000000   Number         0  usb_sil.o ABSOLUTE
    ..\\..\\..\\Utilities\\STM32_EVAL\\STM3210B_EVAL\\stm3210b_eval.c 0x00000000   Number         0  stm3210b_eval.o ABSOLUTE
    ..\\src\\hw_config.c                     0x00000000   Number         0  hw_config.o ABSOLUTE
    ..\\src\\main.c                          0x00000000   Number         0  main.o ABSOLUTE
    ..\\src\\stm32_it.c                      0x00000000   Number         0  stm32_it.o ABSOLUTE
    ..\\src\\system_stm32f10x.c              0x00000000   Number         0  system_stm32f10x.o ABSOLUTE
    ..\\src\\usb_desc.c                      0x00000000   Number         0  usb_desc.o ABSOLUTE
    ..\\src\\usb_endp.c                      0x00000000   Number         0  usb_endp.o ABSOLUTE
    ..\\src\\usb_istr.c                      0x00000000   Number         0  usb_istr.o ABSOLUTE
    ..\\src\\usb_prop.c                      0x00000000   Number         0  usb_prop.o ABSOLUTE
    ..\\src\\usb_pwr.c                       0x00000000   Number         0  usb_pwr.o ABSOLUTE
    ..\src\hw_config.c                       0x00000000   Number         0  hw_config.o ABSOLUTE
    ..\src\main.c                            0x00000000   Number         0  main.o ABSOLUTE
    ..\src\stm32_it.c                        0x00000000   Number         0  stm32_it.o ABSOLUTE
    ..\src\system_stm32f10x.c                0x00000000   Number         0  system_stm32f10x.o ABSOLUTE
    ..\src\usb_desc.c                        0x00000000   Number         0  usb_desc.o ABSOLUTE
    ..\src\usb_endp.c                        0x00000000   Number         0  usb_endp.o ABSOLUTE
    ..\src\usb_istr.c                        0x00000000   Number         0  usb_istr.o ABSOLUTE
    ..\src\usb_prop.c                        0x00000000   Number         0  usb_prop.o ABSOLUTE
    ..\src\usb_pwr.c                         0x00000000   Number         0  usb_pwr.o ABSOLUTE
    dc.s                                     0x00000000   Number         0  dc.o ABSOLUTE
    handlers.s                               0x00000000   Number         0  handlers.o ABSOLUTE
    init.s                                   0x00000000   Number         0  init.o ABSOLUTE
    RESET                                    0x08000000   Section      236  startup_stm32f10x_md.o(RESET)
    .ARM.Collect$$$$00000000                 0x080000ec   Section        0  entry.o(.ARM.Collect$$$$00000000)
    .ARM.Collect$$$$00000001                 0x080000ec   Section        4  entry2.o(.ARM.Collect$$$$00000001)
    .ARM.Collect$$$$00000004                 0x080000f0   Section        4  entry5.o(.ARM.Collect$$$$00000004)
    .ARM.Collect$$$$00000008                 0x080000f4   Section        0  entry7b.o(.ARM.Collect$$$$00000008)
    .ARM.Collect$$$$0000000A                 0x080000f4   Section        0  entry8b.o(.ARM.Collect$$$$0000000A)
    .ARM.Collect$$$$0000000B                 0x080000f4   Section        8  entry9a.o(.ARM.Collect$$$$0000000B)
    .ARM.Collect$$$$0000000D                 0x080000fc   Section        0  entry10a.o(.ARM.Collect$$$$0000000D)
    .ARM.Collect$$$$0000000F                 0x080000fc   Section        0  entry11a.o(.ARM.Collect$$$$0000000F)
    .ARM.Collect$$$$00002712                 0x080000fc   Section        4  entry2.o(.ARM.Collect$$$$00002712)
    __lit__00000000                          0x080000fc   Data           4  entry2.o(.ARM.Collect$$$$00002712)
    .text                                    0x08000100   Section       36  startup_stm32f10x_md.o(.text)
    .text                                    0x08000124   Section       36  init.o(.text)
    i.Audio_Config                           0x08000148   Section        0  hw_config.o(i.Audio_Config)
    i.BusFault_Handler                       0x0800016a   Section        0  stm32_it.o(i.BusFault_Handler)
    i.ByteSwap                               0x0800016c   Section        0  usb_regs.o(i.ByteSwap)
    i.CTR_HP                                 0x08000178   Section        0  usb_int.o(i.CTR_HP)
    i.CTR_LP                                 0x080001f8   Section        0  usb_int.o(i.CTR_LP)
    i.ClearDTOG_RX                           0x08000354   Section        0  usb_regs.o(i.ClearDTOG_RX)
    i.ClearDTOG_TX                           0x0800037c   Section        0  usb_regs.o(i.ClearDTOG_TX)
    i.Clear_Status_Out                       0x080003a4   Section        0  usb_regs.o(i.Clear_Status_Out)
    i.DataStageIn                            0x080003c4   Section        0  usb_core.o(i.DataStageIn)
    DataStageIn                              0x080003c5   Thumb Code   156  usb_core.o(i.DataStageIn)
    i.DataStageOut                           0x08000478   Section        0  usb_core.o(i.DataStageOut)
    DataStageOut                             0x08000479   Thumb Code   142  usb_core.o(i.DataStageOut)
    i.Data_Setup0                            0x0800051c   Section        0  usb_core.o(i.Data_Setup0)
    Data_Setup0                              0x0800051d   Thumb Code   376  usb_core.o(i.Data_Setup0)
    i.DebugMon_Handler                       0x080006b8   Section        0  stm32_it.o(i.DebugMon_Handler)
    i.EP1_OUT_Callback                       0x080006bc   Section        0  usb_endp.o(i.EP1_OUT_Callback)
    i.EXTI_ClearITPendingBit                 0x08000704   Section        0  stm32f10x_exti.o(i.EXTI_ClearITPendingBit)
    i.EXTI_Init                              0x08000710   Section        0  stm32f10x_exti.o(i.EXTI_Init)
    i.FreeUserBuffer                         0x08000780   Section        0  usb_regs.o(i.FreeUserBuffer)
    i.GPIO_Init                              0x080007b4   Section        0  stm32f10x_gpio.o(i.GPIO_Init)
    i.GPIO_ResetBits                         0x08000856   Section        0  stm32f10x_gpio.o(i.GPIO_ResetBits)
    i.GPIO_SetBits                           0x0800085a   Section        0  stm32f10x_gpio.o(i.GPIO_SetBits)
    i.GetENDPOINT                            0x08000860   Section        0  usb_regs.o(i.GetENDPOINT)
    i.GetEPDblBuf0Count                      0x08000874   Section        0  usb_regs.o(i.GetEPDblBuf0Count)
    i.GetEPDblBuf1Count                      0x08000894   Section        0  usb_regs.o(i.GetEPDblBuf1Count)
    i.GetEPRxAddr                            0x080008b4   Section        0  usb_regs.o(i.GetEPRxAddr)
    i.GetEPTxAddr                            0x080008d4   Section        0  usb_regs.o(i.GetEPTxAddr)
    i.Get_SerialNum                          0x080008f0   Section        0  hw_config.o(i.Get_SerialNum)
    i.HardFault_Handler                      0x08000924   Section        0  stm32_it.o(i.HardFault_Handler)
    i.In0_Process                            0x08000928   Section        0  usb_core.o(i.In0_Process)
    i.IntToUnicode                           0x08000984   Section        0  hw_config.o(i.IntToUnicode)
    IntToUnicode                             0x08000985   Thumb Code    56  hw_config.o(i.IntToUnicode)
    i.Leave_LowPowerMode                     0x080009bc   Section        0  hw_config.o(i.Leave_LowPowerMode)
    i.MemManage_Handler                      0x080009d8   Section        0  stm32_it.o(i.MemManage_Handler)
    i.Mute_Command                           0x080009dc   Section        0  usb_prop.o(i.Mute_Command)
    i.NMI_Handler                            0x080009f8   Section        0  stm32_it.o(i.NMI_Handler)
    i.NOP_Process                            0x080009fa   Section        0  usb_core.o(i.NOP_Process)
    i.NVIC_Init                              0x080009fc   Section        0  misc.o(i.NVIC_Init)
    i.NVIC_PriorityGroupConfig               0x08000a60   Section        0  misc.o(i.NVIC_PriorityGroupConfig)
    i.NoData_Setup0                          0x08000a74   Section        0  usb_core.o(i.NoData_Setup0)
    NoData_Setup0                            0x08000a75   Thumb Code   190  usb_core.o(i.NoData_Setup0)
    i.Out0_Process                           0x08000b48   Section        0  usb_core.o(i.Out0_Process)
    i.PMAToUserBufferCopy                    0x08000b90   Section        0  usb_mem.o(i.PMAToUserBufferCopy)
    i.PendSV_Handler                         0x08000bb0   Section        0  stm32_it.o(i.PendSV_Handler)
    i.Post0_Process                          0x08000bb4   Section        0  usb_core.o(i.Post0_Process)
    i.PowerOn                                0x08000bf8   Section        0  usb_pwr.o(i.PowerOn)
    i.RCC_APB1PeriphClockCmd                 0x08000c24   Section        0  stm32f10x_rcc.o(i.RCC_APB1PeriphClockCmd)
    i.RCC_APB2PeriphClockCmd                 0x08000c3c   Section        0  stm32f10x_rcc.o(i.RCC_APB2PeriphClockCmd)
    i.RCC_USBCLKConfig                       0x08000c54   Section        0  stm32f10x_rcc.o(i.RCC_USBCLKConfig)
    i.Resume                                 0x08000c60   Section        0  usb_pwr.o(i.Resume)
    i.Resume_Init                            0x08000cf4   Section        0  usb_pwr.o(i.Resume_Init)
    i.SOF_Callback                           0x08000d14   Section        0  usb_istr.o(i.SOF_Callback)
    i.SVC_Handler                            0x08000d28   Section        0  stm32_it.o(i.SVC_Handler)
    i.SetBTABLE                              0x08000d2c   Section        0  usb_regs.o(i.SetBTABLE)
    i.SetDeviceAddress                       0x08000d3c   Section        0  usb_core.o(i.SetDeviceAddress)
    i.SetEPDblBuffAddr                       0x08000d84   Section        0  usb_regs.o(i.SetEPDblBuffAddr)
    i.SetEPDblBuffCount                      0x08000db8   Section        0  usb_regs.o(i.SetEPDblBuffCount)
    i.SetEPRxAddr                            0x08000e5c   Section        0  usb_regs.o(i.SetEPRxAddr)
    i.SetEPRxCount                           0x08000e7c   Section        0  usb_regs.o(i.SetEPRxCount)
    i.SetEPRxStatus                          0x08000ebc   Section        0  usb_regs.o(i.SetEPRxStatus)
    i.SetEPRxValid                           0x08000eec   Section        0  usb_regs.o(i.SetEPRxValid)
    i.SetEPTxAddr                            0x08000f10   Section        0  usb_regs.o(i.SetEPTxAddr)
    i.SetEPTxCount                           0x08000f30   Section        0  usb_regs.o(i.SetEPTxCount)
    i.SetEPTxStatus                          0x08000f4c   Section        0  usb_regs.o(i.SetEPTxStatus)
    i.SetEPType                              0x08000f7c   Section        0  usb_regs.o(i.SetEPType)
    i.SetSysClockTo72                        0x08000f98   Section        0  system_stm32f10x.o(i.SetSysClockTo72)
    SetSysClockTo72                          0x08000f99   Thumb Code   160  system_stm32f10x.o(i.SetSysClockTo72)
    i.Set_System                             0x08001040   Section        0  hw_config.o(i.Set_System)
    i.Set_USBClock                           0x080010a8   Section        0  hw_config.o(i.Set_USBClock)
    i.Setup0_Process                         0x080010bc   Section        0  usb_core.o(i.Setup0_Process)
    i.Speaker_Config                         0x08001124   Section        0  hw_config.o(i.Speaker_Config)
    i.Speaker_Data_Setup                     0x080011e4   Section        0  usb_prop.o(i.Speaker_Data_Setup)
    i.Speaker_GetConfigDescriptor            0x08001210   Section        0  usb_prop.o(i.Speaker_GetConfigDescriptor)
    i.Speaker_GetDeviceDescriptor            0x0800121c   Section        0  usb_prop.o(i.Speaker_GetDeviceDescriptor)
    i.Speaker_GetStringDescriptor            0x08001228   Section        0  usb_prop.o(i.Speaker_GetStringDescriptor)
    i.Speaker_Get_Interface_Setting          0x08001248   Section        0  usb_prop.o(i.Speaker_Get_Interface_Setting)
    i.Speaker_NoData_Setup                   0x08001258   Section        0  usb_prop.o(i.Speaker_NoData_Setup)
    i.Speaker_Reset                          0x0800125c   Section        0  usb_prop.o(i.Speaker_Reset)
    i.Speaker_SetConfiguration               0x08001324   Section        0  usb_prop.o(i.Speaker_SetConfiguration)
    i.Speaker_SetDeviceAddress               0x0800133c   Section        0  usb_prop.o(i.Speaker_SetDeviceAddress)
    i.Speaker_Status_In                      0x08001348   Section        0  usb_prop.o(i.Speaker_Status_In)
    i.Speaker_Status_Out                     0x0800134a   Section        0  usb_prop.o(i.Speaker_Status_Out)
    i.Speaker_init                           0x0800134c   Section        0  usb_prop.o(i.Speaker_init)
    i.Standard_ClearFeature                  0x08001370   Section        0  usb_core.o(i.Standard_ClearFeature)
    i.Standard_GetConfiguration              0x0800146c   Section        0  usb_core.o(i.Standard_GetConfiguration)
    i.Standard_GetDescriptorData             0x08001494   Section        0  usb_core.o(i.Standard_GetDescriptorData)
    i.Standard_GetInterface                  0x080014b0   Section        0  usb_core.o(i.Standard_GetInterface)
    i.Standard_GetStatus                     0x080014d8   Section        0  usb_core.o(i.Standard_GetStatus)
    i.Standard_SetConfiguration              0x0800156c   Section        0  usb_core.o(i.Standard_SetConfiguration)
    i.Standard_SetDeviceFeature              0x080015a4   Section        0  usb_core.o(i.Standard_SetDeviceFeature)
    i.Standard_SetEndPointFeature            0x080015c8   Section        0  usb_core.o(i.Standard_SetEndPointFeature)
    i.Standard_SetInterface                  0x08001650   Section        0  usb_core.o(i.Standard_SetInterface)
    i.Suspend                                0x08001698   Section        0  usb_pwr.o(i.Suspend)
    i.SysTick_Handler                        0x0800175c   Section        0  stm32_it.o(i.SysTick_Handler)
    i.SystemInit                             0x08001760   Section        0  system_stm32f10x.o(i.SystemInit)
    i.TIM2_IRQHandler                        0x080017b0   Section        0  stm32_it.o(i.TIM2_IRQHandler)
    i.TIM_ClearITPendingBit                  0x08001804   Section        0  stm32f10x_tim.o(i.TIM_ClearITPendingBit)
    i.TIM_Cmd                                0x0800180a   Section        0  stm32f10x_tim.o(i.TIM_Cmd)
    i.TIM_GetITStatus                        0x0800181e   Section        0  stm32f10x_tim.o(i.TIM_GetITStatus)
    i.TIM_ITConfig                           0x08001836   Section        0  stm32f10x_tim.o(i.TIM_ITConfig)
    i.TIM_OC1Init                            0x08001848   Section        0  stm32f10x_tim.o(i.TIM_OC1Init)
    i.TIM_OC1PreloadConfig                   0x080018c8   Section        0  stm32f10x_tim.o(i.TIM_OC1PreloadConfig)
    i.TIM_OC3Init                            0x080018d4   Section        0  stm32f10x_tim.o(i.TIM_OC3Init)
    i.TIM_OC3PreloadConfig                   0x08001950   Section        0  stm32f10x_tim.o(i.TIM_OC3PreloadConfig)
    i.TIM_SetCompare3                        0x0800195c   Section        0  stm32f10x_tim.o(i.TIM_SetCompare3)
    i.TIM_TimeBaseInit                       0x08001960   Section        0  stm32f10x_tim.o(i.TIM_TimeBaseInit)
    i.ToggleDTOG_TX                          0x080019fc   Section        0  usb_regs.o(i.ToggleDTOG_TX)
    i.USBWakeUp_IRQHandler                   0x08001a1c   Section        0  stm32_it.o(i.USBWakeUp_IRQHandler)
    i.USB_Cable_Config                       0x08001a24   Section        0  hw_config.o(i.USB_Cable_Config)
    i.USB_Config                             0x08001a3c   Section        0  hw_config.o(i.USB_Config)
    i.USB_HP_CAN1_TX_IRQHandler              0x08001a7e   Section        0  stm32_it.o(i.USB_HP_CAN1_TX_IRQHandler)
    i.USB_Init                               0x08001a84   Section        0  usb_init.o(i.USB_Init)
    i.USB_Istr                               0x08001aac   Section        0  usb_istr.o(i.USB_Istr)
    i.USB_LP_CAN1_RX0_IRQHandler             0x08001bfc   Section        0  stm32_it.o(i.USB_LP_CAN1_RX0_IRQHandler)
    i.USB_SIL_Init                           0x08001c00   Section        0  usb_sil.o(i.USB_SIL_Init)
    i.UsageFault_Handler                     0x08001c20   Section        0  stm32_it.o(i.UsageFault_Handler)
    i.UserToPMABufferCopy                    0x08001c24   Section        0  usb_mem.o(i.UserToPMABufferCopy)
    i.__scatterload_copy                     0x08001c50   Section       14  handlers.o(i.__scatterload_copy)
    i.__scatterload_null                     0x08001c5e   Section        2  handlers.o(i.__scatterload_null)
    i.__scatterload_zeroinit                 0x08001c60   Section       14  handlers.o(i.__scatterload_zeroinit)
    i.main                                   0x08001c6e   Section        0  main.o(i.main)
    .constdata                               0x08001c84   Section       18  usb_desc.o(.constdata)
    .constdata                               0x08001c96   Section      109  usb_desc.o(.constdata)
    .constdata                               0x08001d03   Section        4  usb_desc.o(.constdata)
    .constdata                               0x08001d07   Section       38  usb_desc.o(.constdata)
    .constdata                               0x08001d2d   Section       28  usb_desc.o(.constdata)
    .data                                    0x20000000   Section        8  hw_config.o(.data)
    .data                                    0x20000008   Section       26  usb_desc.o(.data)
    .data                                    0x20000022   Section        2  usb_endp.o(.data)
    .data                                    0x20000024   Section       12  usb_istr.o(.data)
    .data                                    0x20000030   Section       28  usb_istr.o(.data)
    .data                                    0x2000004c   Section       28  usb_istr.o(.data)
    .data                                    0x20000068   Section      100  usb_prop.o(.data)
    .data                                    0x200000cc   Section        2  usb_prop.o(.data)
    .data                                    0x200000d0   Section       36  usb_prop.o(.data)
    .data                                    0x200000f4   Section        4  usb_pwr.o(.data)
    .data                                    0x200000f8   Section        1  usb_pwr.o(.data)
    .data                                    0x200000fc   Section        8  usb_pwr.o(.data)
    .data                                    0x20000104   Section        2  stm32_it.o(.data)
    .data                                    0x20000106   Section        4  usb_core.o(.data)
    .data                                    0x2000010a   Section        1  usb_init.o(.data)
    .data                                    0x2000010c   Section       12  usb_init.o(.data)
    .data                                    0x20000118   Section        2  usb_init.o(.data)
    .data                                    0x2000011a   Section        4  usb_int.o(.data)
    .bss                                     0x20000120   Section       24  usb_endp.o(.bss)
    .bss                                     0x20000138   Section       32  usb_pwr.o(.bss)
    .bss                                     0x20000158   Section       28  usb_init.o(.bss)
    STACK                                    0x20000178   Section     1024  startup_stm32f10x_md.o(STACK)

    Global Symbols

    Symbol Name                              Value     Ov Type        Size  Object(Section)

    BuildAttributes$$THM_ISAv4$P$D$K$B$S$PE$A:L22UL41UL21$X:L11$S22US41US21$IEEE1$IW$USESV6$~STKCKD$USESV7$~SHL$OSPACE$EBA8$MICROLIB$REQ8$PRES8$EABIv2 0x00000000   Number         0  anon$$obj.o ABSOLUTE
    __ARM_use_no_argv                        0x00000000   Number         0  main.o ABSOLUTE
    __cpp_initialize__aeabi_                  - Undefined Weak Reference
    __cxa_finalize                            - Undefined Weak Reference
    __decompress                              - Undefined Weak Reference
    _clock_init                               - Undefined Weak Reference
    _microlib_exit                            - Undefined Weak Reference
    __Vectors_Size                           0x000000ec   Number         0  startup_stm32f10x_md.o ABSOLUTE
    __Vectors                                0x08000000   Data           4  startup_stm32f10x_md.o(RESET)
    __Vectors_End                            0x080000ec   Data           0  startup_stm32f10x_md.o(RESET)
    __main                                   0x080000ed   Thumb Code     0  entry.o(.ARM.Collect$$$$00000000)
    _main_stk                                0x080000ed   Thumb Code     0  entry2.o(.ARM.Collect$$$$00000001)
    _main_scatterload                        0x080000f1   Thumb Code     0  entry5.o(.ARM.Collect$$$$00000004)
    __main_after_scatterload                 0x080000f5   Thumb Code     0  entry5.o(.ARM.Collect$$$$00000004)
    _main_clock                              0x080000f5   Thumb Code     0  entry7b.o(.ARM.Collect$$$$00000008)
    _main_cpp_init                           0x080000f5   Thumb Code     0  entry8b.o(.ARM.Collect$$$$0000000A)
    _main_init                               0x080000f5   Thumb Code     0  entry9a.o(.ARM.Collect$$$$0000000B)
    __rt_final_cpp                           0x080000fd   Thumb Code     0  entry10a.o(.ARM.Collect$$$$0000000D)
    __rt_final_exit                          0x080000fd   Thumb Code     0  entry11a.o(.ARM.Collect$$$$0000000F)
    Reset_Handler                            0x08000101   Thumb Code     8  startup_stm32f10x_md.o(.text)
    ADC1_2_IRQHandler                        0x0800011b   Thumb Code     0  startup_stm32f10x_md.o(.text)
    CAN1_RX1_IRQHandler                      0x0800011b   Thumb Code     0  startup_stm32f10x_md.o(.text)
    CAN1_SCE_IRQHandler                      0x0800011b   Thumb Code     0  startup_stm32f10x_md.o(.text)
    DMA1_Channel1_IRQHandler                 0x0800011b   Thumb Code     0  startup_stm32f10x_md.o(.text)
    DMA1_Channel2_IRQHandler                 0x0800011b   Thumb Code     0  startup_stm32f10x_md.o(.text)
    DMA1_Channel3_IRQHandler                 0x0800011b   Thumb Code     0  startup_stm32f10x_md.o(.text)
    DMA1_Channel4_IRQHandler                 0x0800011b   Thumb Code     0  startup_stm32f10x_md.o(.text)
    DMA1_Channel5_IRQHandler                 0x0800011b   Thumb Code     0  startup_stm32f10x_md.o(.text)
    DMA1_Channel6_IRQHandler                 0x0800011b   Thumb Code     0  startup_stm32f10x_md.o(.text)
    DMA1_Channel7_IRQHandler                 0x0800011b   Thumb Code     0  startup_stm32f10x_md.o(.text)
    EXTI0_IRQHandler                         0x0800011b   Thumb Code     0  startup_stm32f10x_md.o(.text)
    EXTI15_10_IRQHandler                     0x0800011b   Thumb Code     0  startup_stm32f10x_md.o(.text)
    EXTI1_IRQHandler                         0x0800011b   Thumb Code     0  startup_stm32f10x_md.o(.text)
    EXTI2_IRQHandler                         0x0800011b   Thumb Code     0  startup_stm32f10x_md.o(.text)
    EXTI3_IRQHandler                         0x0800011b   Thumb Code     0  startup_stm32f10x_md.o(.text)
    EXTI4_IRQHandler                         0x0800011b   Thumb Code     0  startup_stm32f10x_md.o(.text)
    EXTI9_5_IRQHandler                       0x0800011b   Thumb Code     0  startup_stm32f10x_md.o(.text)
    FLASH_IRQHandler                         0x0800011b   Thumb Code     0  startup_stm32f10x_md.o(.text)
    I2C1_ER_IRQHandler                       0x0800011b   Thumb Code     0  startup_stm32f10x_md.o(.text)
    I2C1_EV_IRQHandler                       0x0800011b   Thumb Code     0  startup_stm32f10x_md.o(.text)
    I2C2_ER_IRQHandler                       0x0800011b   Thumb Code     0  startup_stm32f10x_md.o(.text)
    I2C2_EV_IRQHandler                       0x0800011b   Thumb Code     0  startup_stm32f10x_md.o(.text)
    PVD_IRQHandler                           0x0800011b   Thumb Code     0  startup_stm32f10x_md.o(.text)
    RCC_IRQHandler                           0x0800011b   Thumb Code     0  startup_stm32f10x_md.o(.text)
    RTCAlarm_IRQHandler                      0x0800011b   Thumb Code     0  startup_stm32f10x_md.o(.text)
    RTC_IRQHandler                           0x0800011b   Thumb Code     0  startup_stm32f10x_md.o(.text)
    SPI1_IRQHandler                          0x0800011b   Thumb Code     0  startup_stm32f10x_md.o(.text)
    SPI2_IRQHandler                          0x0800011b   Thumb Code     0  startup_stm32f10x_md.o(.text)
    TAMPER_IRQHandler                        0x0800011b   Thumb Code     0  startup_stm32f10x_md.o(.text)
    TIM1_BRK_IRQHandler                      0x0800011b   Thumb Code     0  startup_stm32f10x_md.o(.text)
    TIM1_CC_IRQHandler                       0x0800011b   Thumb Code     0  startup_stm32f10x_md.o(.text)
    TIM1_TRG_COM_IRQHandler                  0x0800011b   Thumb Code     0  startup_stm32f10x_md.o(.text)
    TIM1_UP_IRQHandler                       0x0800011b   Thumb Code     0  startup_stm32f10x_md.o(.text)
    TIM3_IRQHandler                          0x0800011b   Thumb Code     0  startup_stm32f10x_md.o(.text)
    TIM4_IRQHandler                          0x0800011b   Thumb Code     0  startup_stm32f10x_md.o(.text)
    USART1_IRQHandler                        0x0800011b   Thumb Code     0  startup_stm32f10x_md.o(.text)
    USART2_IRQHandler                        0x0800011b   Thumb Code     0  startup_stm32f10x_md.o(.text)
    USART3_IRQHandler                        0x0800011b   Thumb Code     0  startup_stm32f10x_md.o(.text)
    WWDG_IRQHandler                          0x0800011b   Thumb Code     0  startup_stm32f10x_md.o(.text)
    __scatterload                            0x08000125   Thumb Code    28  init.o(.text)
    __scatterload_rt2                        0x08000125   Thumb Code     0  init.o(.text)
    Audio_Config                             0x08000149   Thumb Code    34  hw_config.o(i.Audio_Config)
    BusFault_Handler                         0x0800016b   Thumb Code     2  stm32_it.o(i.BusFault_Handler)
    ByteSwap                                 0x0800016d   Thumb Code    10  usb_regs.o(i.ByteSwap)
    CTR_HP                                   0x08000179   Thumb Code   104  usb_int.o(i.CTR_HP)
    CTR_LP                                   0x080001f9   Thumb Code   318  usb_int.o(i.CTR_LP)
    ClearDTOG_RX                             0x08000355   Thumb Code    36  usb_regs.o(i.ClearDTOG_RX)
    ClearDTOG_TX                             0x0800037d   Thumb Code    36  usb_regs.o(i.ClearDTOG_TX)
    Clear_Status_Out                         0x080003a5   Thumb Code    28  usb_regs.o(i.Clear_Status_Out)
    DebugMon_Handler                         0x080006b9   Thumb Code     2  stm32_it.o(i.DebugMon_Handler)
    EP1_OUT_Callback                         0x080006bd   Thumb Code    62  usb_endp.o(i.EP1_OUT_Callback)
    EXTI_ClearITPendingBit                   0x08000705   Thumb Code     6  stm32f10x_exti.o(i.EXTI_ClearITPendingBit)
    EXTI_Init                                0x08000711   Thumb Code   108  stm32f10x_exti.o(i.EXTI_Init)
    FreeUserBuffer                           0x08000781   Thumb Code    48  usb_regs.o(i.FreeUserBuffer)
    GPIO_Init                                0x080007b5   Thumb Code   162  stm32f10x_gpio.o(i.GPIO_Init)
    GPIO_ResetBits                           0x08000857   Thumb Code     4  stm32f10x_gpio.o(i.GPIO_ResetBits)
    GPIO_SetBits                             0x0800085b   Thumb Code     4  stm32f10x_gpio.o(i.GPIO_SetBits)
    GetENDPOINT                              0x08000861   Thumb Code    14  usb_regs.o(i.GetENDPOINT)
    GetEPDblBuf0Count                        0x08000875   Thumb Code    24  usb_regs.o(i.GetEPDblBuf0Count)
    GetEPDblBuf1Count                        0x08000895   Thumb Code    24  usb_regs.o(i.GetEPDblBuf1Count)
    GetEPRxAddr                              0x080008b5   Thumb Code    22  usb_regs.o(i.GetEPRxAddr)
    GetEPTxAddr                              0x080008d5   Thumb Code    20  usb_regs.o(i.GetEPTxAddr)
    Get_SerialNum                            0x080008f1   Thumb Code    44  hw_config.o(i.Get_SerialNum)
    HardFault_Handler                        0x08000925   Thumb Code     2  stm32_it.o(i.HardFault_Handler)
    In0_Process                              0x08000929   Thumb Code    80  usb_core.o(i.In0_Process)
    Leave_LowPowerMode                       0x080009bd   Thumb Code    20  hw_config.o(i.Leave_LowPowerMode)
    MemManage_Handler                        0x080009d9   Thumb Code     2  stm32_it.o(i.MemManage_Handler)
    Mute_Command                             0x080009dd   Thumb Code    18  usb_prop.o(i.Mute_Command)
    NMI_Handler                              0x080009f9   Thumb Code     2  stm32_it.o(i.NMI_Handler)
    NOP_Process                              0x080009fb   Thumb Code     2  usb_core.o(i.NOP_Process)
    NVIC_Init                                0x080009fd   Thumb Code    94  misc.o(i.NVIC_Init)
    NVIC_PriorityGroupConfig                 0x08000a61   Thumb Code    10  misc.o(i.NVIC_PriorityGroupConfig)
    Out0_Process                             0x08000b49   Thumb Code    62  usb_core.o(i.Out0_Process)
    PMAToUserBufferCopy                      0x08000b91   Thumb Code    26  usb_mem.o(i.PMAToUserBufferCopy)
    PendSV_Handler                           0x08000bb1   Thumb Code     2  stm32_it.o(i.PendSV_Handler)
    Post0_Process                            0x08000bb5   Thumb Code    52  usb_core.o(i.Post0_Process)
    PowerOn                                  0x08000bf9   Thumb Code    36  usb_pwr.o(i.PowerOn)
    RCC_APB1PeriphClockCmd                   0x08000c25   Thumb Code    18  stm32f10x_rcc.o(i.RCC_APB1PeriphClockCmd)
    RCC_APB2PeriphClockCmd                   0x08000c3d   Thumb Code    18  stm32f10x_rcc.o(i.RCC_APB2PeriphClockCmd)
    RCC_USBCLKConfig                         0x08000c55   Thumb Code     8  stm32f10x_rcc.o(i.RCC_USBCLKConfig)
    Resume                                   0x08000c61   Thumb Code   140  usb_pwr.o(i.Resume)
    Resume_Init                              0x08000cf5   Thumb Code    26  usb_pwr.o(i.Resume_Init)
    SOF_Callback                             0x08000d15   Thumb Code    12  usb_istr.o(i.SOF_Callback)
    SVC_Handler                              0x08000d29   Thumb Code     2  stm32_it.o(i.SVC_Handler)
    SetBTABLE                                0x08000d2d   Thumb Code    10  usb_regs.o(i.SetBTABLE)
    SetDeviceAddress                         0x08000d3d   Thumb Code    58  usb_core.o(i.SetDeviceAddress)
    SetEPDblBuffAddr                         0x08000d85   Thumb Code    42  usb_regs.o(i.SetEPDblBuffAddr)
    SetEPDblBuffCount                        0x08000db9   Thumb Code   156  usb_regs.o(i.SetEPDblBuffCount)
    SetEPRxAddr                              0x08000e5d   Thumb Code    24  usb_regs.o(i.SetEPRxAddr)
    SetEPRxCount                             0x08000e7d   Thumb Code    54  usb_regs.o(i.SetEPRxCount)
    SetEPRxStatus                            0x08000ebd   Thumb Code    44  usb_regs.o(i.SetEPRxStatus)
    SetEPRxValid                             0x08000eed   Thumb Code    32  usb_regs.o(i.SetEPRxValid)
    SetEPTxAddr                              0x08000f11   Thumb Code    22  usb_regs.o(i.SetEPTxAddr)
    SetEPTxCount                             0x08000f31   Thumb Code    20  usb_regs.o(i.SetEPTxCount)
    SetEPTxStatus                            0x08000f4d   Thumb Code    44  usb_regs.o(i.SetEPTxStatus)
    SetEPType                                0x08000f7d   Thumb Code    24  usb_regs.o(i.SetEPType)
    Set_System                               0x08001041   Thumb Code    96  hw_config.o(i.Set_System)
    Set_USBClock                             0x080010a9   Thumb Code    20  hw_config.o(i.Set_USBClock)
    Setup0_Process                           0x080010bd   Thumb Code    92  usb_core.o(i.Setup0_Process)
    Speaker_Config                           0x08001125   Thumb Code   184  hw_config.o(i.Speaker_Config)
    Speaker_Data_Setup                       0x080011e5   Thumb Code    34  usb_prop.o(i.Speaker_Data_Setup)
    Speaker_GetConfigDescriptor              0x08001211   Thumb Code     6  usb_prop.o(i.Speaker_GetConfigDescriptor)
    Speaker_GetDeviceDescriptor              0x0800121d   Thumb Code     6  usb_prop.o(i.Speaker_GetDeviceDescriptor)
    Speaker_GetStringDescriptor              0x08001229   Thumb Code    24  usb_prop.o(i.Speaker_GetStringDescriptor)
    Speaker_Get_Interface_Setting            0x08001249   Thumb Code    16  usb_prop.o(i.Speaker_Get_Interface_Setting)
    Speaker_NoData_Setup                     0x08001259   Thumb Code     4  usb_prop.o(i.Speaker_NoData_Setup)
    Speaker_Reset                            0x0800125d   Thumb Code   174  usb_prop.o(i.Speaker_Reset)
    Speaker_SetConfiguration                 0x08001325   Thumb Code    16  usb_prop.o(i.Speaker_SetConfiguration)
    Speaker_SetDeviceAddress                 0x0800133d   Thumb Code     8  usb_prop.o(i.Speaker_SetDeviceAddress)
    Speaker_Status_In                        0x08001349   Thumb Code     2  usb_prop.o(i.Speaker_Status_In)
    Speaker_Status_Out                       0x0800134b   Thumb Code     2  usb_prop.o(i.Speaker_Status_Out)
    Speaker_init                             0x0800134d   Thumb Code    28  usb_prop.o(i.Speaker_init)
    Standard_ClearFeature                    0x08001371   Thumb Code   232  usb_core.o(i.Standard_ClearFeature)
    Standard_GetConfiguration                0x0800146d   Thumb Code    30  usb_core.o(i.Standard_GetConfiguration)
    Standard_GetDescriptorData               0x08001495   Thumb Code    24  usb_core.o(i.Standard_GetDescriptorData)
    Standard_GetInterface                    0x080014b1   Thumb Code    30  usb_core.o(i.Standard_GetInterface)
    Standard_GetStatus                       0x080014d9   Thumb Code   130  usb_core.o(i.Standard_GetStatus)
    Standard_SetConfiguration                0x0800156d   Thumb Code    42  usb_core.o(i.Standard_SetConfiguration)
    Standard_SetDeviceFeature                0x080015a5   Thumb Code    26  usb_core.o(i.Standard_SetDeviceFeature)
    Standard_SetEndPointFeature              0x080015c9   Thumb Code   118  usb_core.o(i.Standard_SetEndPointFeature)
    Standard_SetInterface                    0x08001651   Thumb Code    60  usb_core.o(i.Standard_SetInterface)
    Suspend                                  0x08001699   Thumb Code   176  usb_pwr.o(i.Suspend)
    SysTick_Handler                          0x0800175d   Thumb Code     2  stm32_it.o(i.SysTick_Handler)
    SystemInit                               0x08001761   Thumb Code    64  system_stm32f10x.o(i.SystemInit)
    TIM2_IRQHandler                          0x080017b1   Thumb Code    64  stm32_it.o(i.TIM2_IRQHandler)
    TIM_ClearITPendingBit                    0x08001805   Thumb Code     6  stm32f10x_tim.o(i.TIM_ClearITPendingBit)
    TIM_Cmd                                  0x0800180b   Thumb Code    20  stm32f10x_tim.o(i.TIM_Cmd)
    TIM_GetITStatus                          0x0800181f   Thumb Code    24  stm32f10x_tim.o(i.TIM_GetITStatus)
    TIM_ITConfig                             0x08001837   Thumb Code    16  stm32f10x_tim.o(i.TIM_ITConfig)
    TIM_OC1Init                              0x08001849   Thumb Code   106  stm32f10x_tim.o(i.TIM_OC1Init)
    TIM_OC1PreloadConfig                     0x080018c9   Thumb Code    12  stm32f10x_tim.o(i.TIM_OC1PreloadConfig)
    TIM_OC3Init                              0x080018d5   Thumb Code   116  stm32f10x_tim.o(i.TIM_OC3Init)
    TIM_OC3PreloadConfig                     0x08001951   Thumb Code    12  stm32f10x_tim.o(i.TIM_OC3PreloadConfig)
    TIM_SetCompare3                          0x0800195d   Thumb Code     4  stm32f10x_tim.o(i.TIM_SetCompare3)
    TIM_TimeBaseInit                         0x08001961   Thumb Code   114  stm32f10x_tim.o(i.TIM_TimeBaseInit)
    ToggleDTOG_TX                            0x080019fd   Thumb Code    28  usb_regs.o(i.ToggleDTOG_TX)
    USBWakeUp_IRQHandler                     0x08001a1d   Thumb Code     8  stm32_it.o(i.USBWakeUp_IRQHandler)
    USB_Cable_Config                         0x08001a25   Thumb Code    20  hw_config.o(i.USB_Cable_Config)
    USB_Config                               0x08001a3d   Thumb Code    66  hw_config.o(i.USB_Config)
    USB_HP_CAN1_TX_IRQHandler                0x08001a7f   Thumb Code     4  stm32_it.o(i.USB_HP_CAN1_TX_IRQHandler)
    USB_Init                                 0x08001a85   Thumb Code    22  usb_init.o(i.USB_Init)
    USB_Istr                                 0x08001aad   Thumb Code   310  usb_istr.o(i.USB_Istr)
    USB_LP_CAN1_RX0_IRQHandler               0x08001bfd   Thumb Code     4  stm32_it.o(i.USB_LP_CAN1_RX0_IRQHandler)
    USB_SIL_Init                             0x08001c01   Thumb Code    24  usb_sil.o(i.USB_SIL_Init)
    UsageFault_Handler                       0x08001c21   Thumb Code     2  stm32_it.o(i.UsageFault_Handler)
    UserToPMABufferCopy                      0x08001c25   Thumb Code    38  usb_mem.o(i.UserToPMABufferCopy)
    __scatterload_copy                       0x08001c51   Thumb Code    14  handlers.o(i.__scatterload_copy)
    __scatterload_null                       0x08001c5f   Thumb Code     2  handlers.o(i.__scatterload_null)
    __scatterload_zeroinit                   0x08001c61   Thumb Code    14  handlers.o(i.__scatterload_zeroinit)
    main                                     0x08001c6f   Thumb Code    22  main.o(i.main)
    Speaker_DeviceDescriptor                 0x08001c84   Data          18  usb_desc.o(.constdata)
    Speaker_ConfigDescriptor                 0x08001c96   Data         109  usb_desc.o(.constdata)
    Speaker_StringLangID                     0x08001d03   Data           4  usb_desc.o(.constdata)
    Speaker_StringVendor                     0x08001d07   Data          38  usb_desc.o(.constdata)
    Speaker_StringProduct                    0x08001d2d   Data          28  usb_desc.o(.constdata)
    Region$$Table$$Base                      0x08001d4c   Number         0  anon$$obj.o(Region$$Table)
    Region$$Table$$Limit                     0x08001d6c   Number         0  anon$$obj.o(Region$$Table)
    EXTI_InitStructure                       0x20000000   Data           8  hw_config.o(.data)
    Speaker_StringSerial                     0x20000008   Data          26  usb_desc.o(.data)
    In_Data_Offset                           0x20000022   Data           2  usb_endp.o(.data)
    bIntPackSOF                              0x20000024   Data           1  usb_istr.o(.data)
    wIstr                                    0x20000026   Data           2  usb_istr.o(.data)
    esof_counter                             0x20000028   Data           4  usb_istr.o(.data)
    wCNTR                                    0x2000002c   Data           4  usb_istr.o(.data)
    pEpInt_IN                                0x20000030   Data          28  usb_istr.o(.data)
    pEpInt_OUT                               0x2000004c   Data          28  usb_istr.o(.data)
    MUTE_DATA                                0x20000068   Data           4  usb_prop.o(.data)
    Device_Descriptor                        0x2000006c   Data           8  usb_prop.o(.data)
    Config_Descriptor                        0x20000074   Data           8  usb_prop.o(.data)
    Device_Property                          0x2000007c   Data          48  usb_prop.o(.data)
    String_Descriptor                        0x200000ac   Data          32  usb_prop.o(.data)
    Device_Table                             0x200000cc   Data           2  usb_prop.o(.data)
    User_Standard_Requests                   0x200000d0   Data          36  usb_prop.o(.data)
    bDeviceState                             0x200000f4   Data           4  usb_pwr.o(.data)
    fSuspendEnabled                          0x200000f8   Data           1  usb_pwr.o(.data)
    ResumeS                                  0x200000fc   Data           2  usb_pwr.o(.data)
    remotewakeupon                           0x20000100   Data           4  usb_pwr.o(.data)
    Out_Data_Offset                          0x20000104   Data           2  stm32_it.o(.data)
    Data_Mul_MaxPacketSize                   0x20000106   Data           1  usb_core.o(.data)
    StatusInfo                               0x20000108   Data           2  usb_core.o(.data)
    EPindex                                  0x2000010a   Data           1  usb_init.o(.data)
    pInformation                             0x2000010c   Data           4  usb_init.o(.data)
    pProperty                                0x20000110   Data           4  usb_init.o(.data)
    pUser_Standard_Requests                  0x20000114   Data           4  usb_init.o(.data)
    wInterrupt_Mask                          0x20000118   Data           2  usb_init.o(.data)
    SaveRState                               0x2000011a   Data           2  usb_int.o(.data)
    SaveTState                               0x2000011c   Data           2  usb_int.o(.data)
    Stream_Buff                              0x20000120   Data          24  usb_endp.o(.bss)
    EP                                       0x20000138   Data          32  usb_pwr.o(.bss)
    Device_Info                              0x20000158   Data          28  usb_init.o(.bss)
    __initial_sp                             0x20000578   Data           0  startup_stm32f10x_md.o(STACK)



==============================================================================

Memory Map of the image

  Image Entry point : 0x080000ed

  Load Region LR_IROM1 (Base: 0x08000000, Size: 0x00001e8c, Max: 0x00020000, ABSOLUTE)

    Execution Region ER_IROM1 (Base: 0x08000000, Size: 0x00001d6c, Max: 0x00020000, ABSOLUTE)

    Base Addr    Size         Type   Attr      Idx    E Section Name        Object

    0x08000000   0x000000ec   Data   RO          678    RESET               startup_stm32f10x_md.o
    0x080000ec   0x00000000   Code   RO         3614  * .ARM.Collect$$$$00000000  mc_w.l(entry.o)
    0x080000ec   0x00000004   Code   RO         3617    .ARM.Collect$$$$00000001  mc_w.l(entry2.o)
    0x080000f0   0x00000004   Code   RO         3620    .ARM.Collect$$$$00000004  mc_w.l(entry5.o)
    0x080000f4   0x00000000   Code   RO         3622    .ARM.Collect$$$$00000008  mc_w.l(entry7b.o)
    0x080000f4   0x00000000   Code   RO         3624    .ARM.Collect$$$$0000000A  mc_w.l(entry8b.o)
    0x080000f4   0x00000008   Code   RO         3625    .ARM.Collect$$$$0000000B  mc_w.l(entry9a.o)
    0x080000fc   0x00000000   Code   RO         3627    .ARM.Collect$$$$0000000D  mc_w.l(entry10a.o)
    0x080000fc   0x00000000   Code   RO         3629    .ARM.Collect$$$$0000000F  mc_w.l(entry11a.o)
    0x080000fc   0x00000004   Code   RO         3618    .ARM.Collect$$$$00002712  mc_w.l(entry2.o)
    0x08000100   0x00000024   Code   RO          679    .text               startup_stm32f10x_md.o
    0x08000124   0x00000024   Code   RO         3631    .text               mc_w.l(init.o)
    0x08000148   0x00000022   Code   RO            4    i.Audio_Config      hw_config.o
    0x0800016a   0x00000002   Code   RO          573    i.BusFault_Handler  stm32_it.o
    0x0800016c   0x0000000a   Code   RO          968    i.ByteSwap          usb_regs.o
    0x08000176   0x00000002   PAD
    0x08000178   0x00000080   Code   RO          896    i.CTR_HP            usb_int.o
    0x080001f8   0x0000015c   Code   RO          897    i.CTR_LP            usb_int.o
    0x08000354   0x00000028   Code   RO          969    i.ClearDTOG_RX      usb_regs.o
    0x0800037c   0x00000028   Code   RO          970    i.ClearDTOG_TX      usb_regs.o
    0x080003a4   0x00000020   Code   RO          975    i.Clear_Status_Out  usb_regs.o
    0x080003c4   0x000000b4   Code   RO          727    i.DataStageIn       usb_core.o
    0x08000478   0x000000a4   Code   RO          728    i.DataStageOut      usb_core.o
    0x0800051c   0x0000019c   Code   RO          729    i.Data_Setup0       usb_core.o
    0x080006b8   0x00000002   Code   RO          574    i.DebugMon_Handler  stm32_it.o
    0x080006ba   0x00000002   PAD
    0x080006bc   0x00000048   Code   RO          289    i.EP1_OUT_Callback  usb_endp.o
    0x08000704   0x0000000c   Code   RO         2906    i.EXTI_ClearITPendingBit  stm32f10x_exti.o
    0x08000710   0x00000070   Code   RO         2911    i.EXTI_Init         stm32f10x_exti.o
    0x08000780   0x00000034   Code   RO          976    i.FreeUserBuffer    usb_regs.o
    0x080007b4   0x000000a2   Code   RO         1927    i.GPIO_Init         stm32f10x_gpio.o
    0x08000856   0x00000004   Code   RO         1934    i.GPIO_ResetBits    stm32f10x_gpio.o
    0x0800085a   0x00000004   Code   RO         1935    i.GPIO_SetBits      stm32f10x_gpio.o
    0x0800085e   0x00000002   PAD
    0x08000860   0x00000014   Code   RO          980    i.GetENDPOINT       usb_regs.o
    0x08000874   0x00000020   Code   RO          983    i.GetEPDblBuf0Count  usb_regs.o
    0x08000894   0x00000020   Code   RO          985    i.GetEPDblBuf1Count  usb_regs.o
    0x080008b4   0x00000020   Code   RO          987    i.GetEPRxAddr       usb_regs.o
    0x080008d4   0x0000001c   Code   RO          990    i.GetEPTxAddr       usb_regs.o
    0x080008f0   0x00000034   Code   RO            6    i.Get_SerialNum     hw_config.o
    0x08000924   0x00000002   Code   RO          575    i.HardFault_Handler  stm32_it.o
    0x08000926   0x00000002   PAD
    0x08000928   0x0000005c   Code   RO          730    i.In0_Process       usb_core.o
    0x08000984   0x00000038   Code   RO            7    i.IntToUnicode      hw_config.o
    0x080009bc   0x0000001c   Code   RO            8    i.Leave_LowPowerMode  hw_config.o
    0x080009d8   0x00000002   Code   RO          576    i.MemManage_Handler  stm32_it.o
    0x080009da   0x00000002   PAD
    0x080009dc   0x0000001c   Code   RO          358    i.Mute_Command      usb_prop.o
    0x080009f8   0x00000002   Code   RO          577    i.NMI_Handler       stm32_it.o
    0x080009fa   0x00000002   Code   RO          731    i.NOP_Process       usb_core.o
    0x080009fc   0x00000064   Code   RO          525    i.NVIC_Init         misc.o
    0x08000a60   0x00000014   Code   RO          526    i.NVIC_PriorityGroupConfig  misc.o
    0x08000a74   0x000000d4   Code   RO          732    i.NoData_Setup0     usb_core.o
    0x08000b48   0x00000048   Code   RO          733    i.Out0_Process      usb_core.o
    0x08000b90   0x00000020   Code   RO          938    i.PMAToUserBufferCopy  usb_mem.o
    0x08000bb0   0x00000002   Code   RO          578    i.PendSV_Handler    stm32_it.o
    0x08000bb2   0x00000002   PAD
    0x08000bb4   0x00000044   Code   RO          734    i.Post0_Process     usb_core.o
    0x08000bf8   0x0000002c   Code   RO          469    i.PowerOn           usb_pwr.o
    0x08000c24   0x00000018   Code   RO         2265    i.RCC_APB1PeriphClockCmd  stm32f10x_rcc.o
    0x08000c3c   0x00000018   Code   RO         2267    i.RCC_APB2PeriphClockCmd  stm32f10x_rcc.o
    0x08000c54   0x0000000c   Code   RO         2293    i.RCC_USBCLKConfig  stm32f10x_rcc.o
    0x08000c60   0x00000094   Code   RO          470    i.Resume            usb_pwr.o
    0x08000cf4   0x00000020   Code   RO          471    i.Resume_Init       usb_pwr.o
    0x08000d14   0x00000014   Code   RO          320    i.SOF_Callback      usb_istr.o
    0x08000d28   0x00000002   Code   RO          579    i.SVC_Handler       stm32_it.o
    0x08000d2a   0x00000002   PAD
    0x08000d2c   0x00000010   Code   RO          998    i.SetBTABLE         usb_regs.o
    0x08000d3c   0x00000048   Code   RO          735    i.SetDeviceAddress  usb_core.o
    0x08000d84   0x00000034   Code   RO         1009    i.SetEPDblBuffAddr  usb_regs.o
    0x08000db8   0x000000a4   Code   RO         1010    i.SetEPDblBuffCount  usb_regs.o
    0x08000e5c   0x00000020   Code   RO         1012    i.SetEPRxAddr       usb_regs.o
    0x08000e7c   0x00000040   Code   RO         1013    i.SetEPRxCount      usb_regs.o
    0x08000ebc   0x00000030   Code   RO         1014    i.SetEPRxStatus     usb_regs.o
    0x08000eec   0x00000024   Code   RO         1015    i.SetEPRxValid      usb_regs.o
    0x08000f10   0x00000020   Code   RO         1016    i.SetEPTxAddr       usb_regs.o
    0x08000f30   0x0000001c   Code   RO         1017    i.SetEPTxCount      usb_regs.o
    0x08000f4c   0x00000030   Code   RO         1018    i.SetEPTxStatus     usb_regs.o
    0x08000f7c   0x0000001c   Code   RO         1020    i.SetEPType         usb_regs.o
    0x08000f98   0x000000a8   Code   RO          686    i.SetSysClockTo72   system_stm32f10x.o
    0x08001040   0x00000068   Code   RO            9    i.Set_System        hw_config.o
    0x080010a8   0x00000014   Code   RO           10    i.Set_USBClock      hw_config.o
    0x080010bc   0x00000068   Code   RO          736    i.Setup0_Process    usb_core.o
    0x08001124   0x000000c0   Code   RO           11    i.Speaker_Config    hw_config.o
    0x080011e4   0x0000002c   Code   RO          359    i.Speaker_Data_Setup  usb_prop.o
    0x08001210   0x0000000c   Code   RO          360    i.Speaker_GetConfigDescriptor  usb_prop.o
    0x0800121c   0x0000000c   Code   RO          361    i.Speaker_GetDeviceDescriptor  usb_prop.o
    0x08001228   0x00000020   Code   RO          362    i.Speaker_GetStringDescriptor  usb_prop.o
    0x08001248   0x00000010   Code   RO          363    i.Speaker_Get_Interface_Setting  usb_prop.o
    0x08001258   0x00000004   Code   RO          364    i.Speaker_NoData_Setup  usb_prop.o
    0x0800125c   0x000000c8   Code   RO          365    i.Speaker_Reset     usb_prop.o
    0x08001324   0x00000018   Code   RO          366    i.Speaker_SetConfiguration  usb_prop.o
    0x0800133c   0x0000000c   Code   RO          367    i.Speaker_SetDeviceAddress  usb_prop.o
    0x08001348   0x00000002   Code   RO          368    i.Speaker_Status_In  usb_prop.o
    0x0800134a   0x00000002   Code   RO          369    i.Speaker_Status_Out  usb_prop.o
    0x0800134c   0x00000024   Code   RO          370    i.Speaker_init      usb_prop.o
    0x08001370   0x000000fc   Code   RO          737    i.Standard_ClearFeature  usb_core.o
    0x0800146c   0x00000028   Code   RO          738    i.Standard_GetConfiguration  usb_core.o
    0x08001494   0x0000001c   Code   RO          739    i.Standard_GetDescriptorData  usb_core.o
    0x080014b0   0x00000028   Code   RO          740    i.Standard_GetInterface  usb_core.o
    0x080014d8   0x00000094   Code   RO          741    i.Standard_GetStatus  usb_core.o
    0x0800156c   0x00000038   Code   RO          742    i.Standard_SetConfiguration  usb_core.o
    0x080015a4   0x00000024   Code   RO          743    i.Standard_SetDeviceFeature  usb_core.o
    0x080015c8   0x00000088   Code   RO          744    i.Standard_SetEndPointFeature  usb_core.o
    0x08001650   0x00000048   Code   RO          745    i.Standard_SetInterface  usb_core.o
    0x08001698   0x000000c4   Code   RO          472    i.Suspend           usb_pwr.o
    0x0800175c   0x00000002   Code   RO          580    i.SysTick_Handler   stm32_it.o
    0x0800175e   0x00000002   PAD
    0x08001760   0x00000050   Code   RO          688    i.SystemInit        system_stm32f10x.o
    0x080017b0   0x00000054   Code   RO          581    i.TIM2_IRQHandler   stm32_it.o
    0x08001804   0x00000006   Code   RO         1385    i.TIM_ClearITPendingBit  stm32f10x_tim.o
    0x0800180a   0x00000014   Code   RO         1390    i.TIM_Cmd           stm32f10x_tim.o
    0x0800181e   0x00000018   Code   RO         1411    i.TIM_GetITStatus   stm32f10x_tim.o
    0x08001836   0x00000010   Code   RO         1415    i.TIM_ITConfig      stm32f10x_tim.o
    0x08001846   0x00000002   PAD
    0x08001848   0x00000080   Code   RO         1419    i.TIM_OC1Init       stm32f10x_tim.o
    0x080018c8   0x0000000c   Code   RO         1422    i.TIM_OC1PreloadConfig  stm32f10x_tim.o
    0x080018d4   0x0000007c   Code   RO         1429    i.TIM_OC3Init       stm32f10x_tim.o
    0x08001950   0x0000000c   Code   RO         1432    i.TIM_OC3PreloadConfig  stm32f10x_tim.o
    0x0800195c   0x00000004   Code   RO         1453    i.TIM_SetCompare3   stm32f10x_tim.o
    0x08001960   0x0000009c   Code   RO         1461    i.TIM_TimeBaseInit  stm32f10x_tim.o
    0x080019fc   0x00000020   Code   RO         1026    i.ToggleDTOG_TX     usb_regs.o
    0x08001a1c   0x00000008   Code   RO          582    i.USBWakeUp_IRQHandler  stm32_it.o
    0x08001a24   0x00000018   Code   RO           12    i.USB_Cable_Config  hw_config.o
    0x08001a3c   0x00000042   Code   RO           13    i.USB_Config        hw_config.o
    0x08001a7e   0x00000004   Code   RO          583    i.USB_HP_CAN1_TX_IRQHandler  stm32_it.o
    0x08001a82   0x00000002   PAD
    0x08001a84   0x00000028   Code   RO          858    i.USB_Init          usb_init.o
    0x08001aac   0x00000150   Code   RO          321    i.USB_Istr          usb_istr.o
    0x08001bfc   0x00000004   Code   RO          585    i.USB_LP_CAN1_RX0_IRQHandler  stm32_it.o
    0x08001c00   0x00000020   Code   RO         1340    i.USB_SIL_Init      usb_sil.o
    0x08001c20   0x00000002   Code   RO          586    i.UsageFault_Handler  stm32_it.o
    0x08001c22   0x00000002   PAD
    0x08001c24   0x0000002c   Code   RO          939    i.UserToPMABufferCopy  usb_mem.o
    0x08001c50   0x0000000e   Code   RO         3635    i.__scatterload_copy  mc_w.l(handlers.o)
    0x08001c5e   0x00000002   Code   RO         3636    i.__scatterload_null  mc_w.l(handlers.o)
    0x08001c60   0x0000000e   Code   RO         3637    i.__scatterload_zeroinit  mc_w.l(handlers.o)
    0x08001c6e   0x00000016   Code   RO          235    i.main              main.o
    0x08001c84   0x00000012   Data   RO          260    .constdata          usb_desc.o
    0x08001c96   0x0000006d   Data   RO          261    .constdata          usb_desc.o
    0x08001d03   0x00000004   Data   RO          262    .constdata          usb_desc.o
    0x08001d07   0x00000026   Data   RO          263    .constdata          usb_desc.o
    0x08001d2d   0x0000001c   Data   RO          264    .constdata          usb_desc.o
    0x08001d49   0x00000003   PAD
    0x08001d4c   0x00000020   Data   RO         3633    Region$$Table       anon$$obj.o


    Execution Region RW_IRAM1 (Base: 0x20000000, Size: 0x00000578, Max: 0x00005000, ABSOLUTE)

    Base Addr    Size         Type   Attr      Idx    E Section Name        Object

    0x20000000   0x00000008   Data   RW           15    .data               hw_config.o
    0x20000008   0x0000001a   Data   RW          265    .data               usb_desc.o
    0x20000022   0x00000002   Data   RW          291    .data               usb_endp.o
    0x20000024   0x0000000c   Data   RW          322    .data               usb_istr.o
    0x20000030   0x0000001c   Data   RW          323    .data               usb_istr.o
    0x2000004c   0x0000001c   Data   RW          324    .data               usb_istr.o
    0x20000068   0x00000064   Data   RW          371    .data               usb_prop.o
    0x200000cc   0x00000002   Data   RW          372    .data               usb_prop.o
    0x200000ce   0x00000002   PAD
    0x200000d0   0x00000024   Data   RW          373    .data               usb_prop.o
    0x200000f4   0x00000004   Data   RW          474    .data               usb_pwr.o
    0x200000f8   0x00000001   Data   RW          475    .data               usb_pwr.o
    0x200000f9   0x00000003   PAD
    0x200000fc   0x00000008   Data   RW          476    .data               usb_pwr.o
    0x20000104   0x00000002   Data   RW          587    .data               stm32_it.o
    0x20000106   0x00000004   Data   RW          746    .data               usb_core.o
    0x2000010a   0x00000001   Data   RW          860    .data               usb_init.o
    0x2000010b   0x00000001   PAD
    0x2000010c   0x0000000c   Data   RW          861    .data               usb_init.o
    0x20000118   0x00000002   Data   RW          863    .data               usb_init.o
    0x2000011a   0x00000004   Data   RW          898    .data               usb_int.o
    0x2000011e   0x00000002   PAD
    0x20000120   0x00000018   Zero   RW          290    .bss                usb_endp.o
    0x20000138   0x00000020   Zero   RW          473    .bss                usb_pwr.o
    0x20000158   0x0000001c   Zero   RW          859    .bss                usb_init.o
    0x20000174   0x00000004   PAD
    0x20000178   0x00000400   Zero   RW          676    STACK               startup_stm32f10x_md.o


==============================================================================

Image component sizes


      Code (inc. data)   RO Data    RW Data    ZI Data      Debug   Object Name

       576         36          0          8          0     250413   hw_config.o
        22          0          0          0          0        475   main.o
       120         16          0          0          0       1799   misc.o
        36          8        236          0       1024        948   startup_stm32f10x_md.o
       118         20          0          2          0       6294   stm32_it.o
       124         10          0          0          0       1821   stm32f10x_exti.o
       170          0          0          0          0       3328   stm32f10x_gpio.o
        60         16          0          0          0       1957   stm32f10x_rcc.o
       502         72          0          0          0       8589   stm32f10x_tim.o
       248         24          0          0          0       1645   system_stm32f10x.o
      2186        284          0          4          0      16487   usb_core.o
         0          0        197         26          0       1033   usb_desc.o
        72         10          0          2         24       1268   usb_endp.o
        40         18          0         15         28       4402   usb_init.o
       476         54          0          4          0       2597   usb_int.o
       356         34          0         68          0       2257   usb_istr.o
        76         12          0          0          0       2052   usb_mem.o
       424         86          0        138          0      10950   usb_prop.o
       420         48          0         13         32       3916   usb_pwr.o
       898        136          0          0          0      14463   usb_regs.o
        32          8          0          0          0        571   usb_sil.o

    ----------------------------------------------------------------------
      6978        892        468        288       1112     337265   Object Totals
         0          0         32          0          0          0   (incl. Generated)
        22          0          3          8          4          0   (incl. Padding)

    ----------------------------------------------------------------------

      Code (inc. data)   RO Data    RW Data    ZI Data      Debug   Library Member Name

         0          0          0          0          0          0   entry.o
         0          0          0          0          0          0   entry10a.o
         0          0          0          0          0          0   entry11a.o
         8          4          0          0          0          0   entry2.o
         4          0          0          0          0          0   entry5.o
         0          0          0          0          0          0   entry7b.o
         0          0          0          0          0          0   entry8b.o
         8          4          0          0          0          0   entry9a.o
        30          0          0          0          0          0   handlers.o
        36          8          0          0          0         68   init.o

    ----------------------------------------------------------------------
        86         16          0          0          0         68   Library Totals
         0          0          0          0          0          0   (incl. Padding)

    ----------------------------------------------------------------------

      Code (inc. data)   RO Data    RW Data    ZI Data      Debug   Library Name

        86         16          0          0          0         68   mc_w.l

    ----------------------------------------------------------------------
        86         16          0          0          0         68   Library Totals

    ----------------------------------------------------------------------

==============================================================================


      Code (inc. data)   RO Data    RW Data    ZI Data      Debug   

      7064        908        468        288       1112     332025   Grand Totals
      7064        908        468        288       1112     332025   ELF Image Totals
      7064        908        468        288          0          0   ROM Totals

==============================================================================

    Total RO  Size (Code + RO Data)                 7532 (   7.36kB)
    Total RW  Size (RW Data + ZI Data)              1400 (   1.37kB)
    Total ROM Size (Code + RO Data + RW Data)       7820 (   7.64kB)

==============================================================================

