Component: ARM Compiler 5.06 update 4 (build 422) Tool: armlink [4d35d2]

==============================================================================

Section Cross References

    hw_config.o(i.ADC30x_Configuration) refers to stm32f30x_rcc.o(i.RCC_AHBPeriphClockCmd) for RCC_AHBPeriphClockCmd
    hw_config.o(i.ADC30x_Configuration) refers to stm32f30x_dma.o(i.DMA_DeInit) for DMA_DeInit
    hw_config.o(i.ADC30x_Configuration) refers to stm32f30x_dma.o(i.DMA_Init) for DMA_Init
    hw_config.o(i.ADC30x_Configuration) refers to stm32f30x_dma.o(i.DMA_Cmd) for DMA_Cmd
    hw_config.o(i.ADC30x_Configuration) refers to stm32f30x_dma.o(i.DMA_ITConfig) for DMA_ITConfig
    hw_config.o(i.ADC30x_Configuration) refers to stm32f30x_rcc.o(i.RCC_ADCCLKConfig) for RCC_ADCCLKConfig
    hw_config.o(i.ADC30x_Configuration) refers to stm32f30x_adc.o(i.ADC_DeInit) for ADC_DeInit
    hw_config.o(i.ADC30x_Configuration) refers to stm32f30x_adc.o(i.ADC_StructInit) for ADC_StructInit
    hw_config.o(i.ADC30x_Configuration) refers to stm32f30x_adc.o(i.ADC_VoltageRegulatorCmd) for ADC_VoltageRegulatorCmd
    hw_config.o(i.ADC30x_Configuration) refers to stm32f30x_adc.o(i.ADC_SelectCalibrationMode) for ADC_SelectCalibrationMode
    hw_config.o(i.ADC30x_Configuration) refers to stm32f30x_adc.o(i.ADC_StartCalibration) for ADC_StartCalibration
    hw_config.o(i.ADC30x_Configuration) refers to stm32f30x_adc.o(i.ADC_GetCalibrationStatus) for ADC_GetCalibrationStatus
    hw_config.o(i.ADC30x_Configuration) refers to stm32f30x_adc.o(i.ADC_GetCalibrationValue) for ADC_GetCalibrationValue
    hw_config.o(i.ADC30x_Configuration) refers to stm32f30x_adc.o(i.ADC_CommonInit) for ADC_CommonInit
    hw_config.o(i.ADC30x_Configuration) refers to stm32f30x_adc.o(i.ADC_DMACmd) for ADC_DMACmd
    hw_config.o(i.ADC30x_Configuration) refers to stm32f30x_adc.o(i.ADC_DMAConfig) for ADC_DMAConfig
    hw_config.o(i.ADC30x_Configuration) refers to stm32f30x_adc.o(i.ADC_Init) for ADC_Init
    hw_config.o(i.ADC30x_Configuration) refers to stm32f30x_adc.o(i.ADC_RegularChannelConfig) for ADC_RegularChannelConfig
    hw_config.o(i.ADC30x_Configuration) refers to stm32f30x_adc.o(i.ADC_Cmd) for ADC_Cmd
    hw_config.o(i.ADC30x_Configuration) refers to stm32f30x_adc.o(i.ADC_GetFlagStatus) for ADC_GetFlagStatus
    hw_config.o(i.ADC30x_Configuration) refers to stm32f30x_adc.o(i.ADC_StartConversion) for ADC_StartConversion
    hw_config.o(i.ADC30x_Configuration) refers to stm32f30x_adc.o(i.ADC_GetConversionValue) for ADC_GetConversionValue
    hw_config.o(i.ADC30x_Configuration) refers to hw_config.o(.data) for .data
    hw_config.o(i.EXTI_Configuration) refers to stm32f30x_exti.o(i.EXTI_Init) for EXTI_Init
    hw_config.o(i.EXTI_Configuration) refers to stm32f30x_exti.o(i.EXTI_ClearITPendingBit) for EXTI_ClearITPendingBit
    hw_config.o(i.Enter_LowPowerMode) refers to usb_pwr.o(.data) for bDeviceState
    hw_config.o(i.GPIO_Configuration) refers to stm32f30x_rcc.o(i.RCC_AHBPeriphClockCmd) for RCC_AHBPeriphClockCmd
    hw_config.o(i.GPIO_Configuration) refers to stm32f30x_gpio.o(i.GPIO_Init) for GPIO_Init
    hw_config.o(i.Get_SerialNum) refers to hw_config.o(i.IntToUnicode) for IntToUnicode
    hw_config.o(i.Get_SerialNum) refers to usb_desc.o(.data) for CustomHID_StringSerial
    hw_config.o(i.Leave_LowPowerMode) refers to system_stm32f30x.o(i.SystemInit) for SystemInit
    hw_config.o(i.Leave_LowPowerMode) refers to hw_config.o(i.ADC30x_Configuration) for ADC30x_Configuration
    hw_config.o(i.Leave_LowPowerMode) refers to usb_init.o(.bss) for Device_Info
    hw_config.o(i.Leave_LowPowerMode) refers to usb_pwr.o(.data) for bDeviceState
    hw_config.o(i.Set_System) refers to stm32f30x_rcc.o(i.RCC_APB2PeriphClockCmd) for RCC_APB2PeriphClockCmd
    hw_config.o(i.Set_System) refers to hw_config.o(i.GPIO_Configuration) for GPIO_Configuration
    hw_config.o(i.Set_System) refers to stm32f30x_rcc.o(i.RCC_AHBPeriphClockCmd) for RCC_AHBPeriphClockCmd
    hw_config.o(i.Set_System) refers to stm32f30x_gpio.o(i.GPIO_Init) for GPIO_Init
    hw_config.o(i.Set_System) refers to stm32f30x_gpio.o(i.GPIO_PinAFConfig) for GPIO_PinAFConfig
    hw_config.o(i.Set_System) refers to stm32303c_eval.o(i.STM_EVAL_PBInit) for STM_EVAL_PBInit
    hw_config.o(i.Set_System) refers to hw_config.o(i.EXTI_Configuration) for EXTI_Configuration
    hw_config.o(i.Set_System) refers to stm32303c_eval.o(i.STM_EVAL_LEDInit) for STM_EVAL_LEDInit
    hw_config.o(i.Set_System) refers to hw_config.o(i.ADC30x_Configuration) for ADC30x_Configuration
    hw_config.o(i.Set_USBClock) refers to stm32f30x_rcc.o(i.RCC_USBCLKConfig) for RCC_USBCLKConfig
    hw_config.o(i.Set_USBClock) refers to stm32f30x_rcc.o(i.RCC_APB1PeriphClockCmd) for RCC_APB1PeriphClockCmd
    hw_config.o(i.USB_Cable_Config) refers to stm32f30x_gpio.o(i.GPIO_ResetBits) for GPIO_ResetBits
    hw_config.o(i.USB_Cable_Config) refers to stm32f30x_gpio.o(i.GPIO_SetBits) for GPIO_SetBits
[...]
    Removing stm32f30x_rcc.o(i.RCC_WaitForHSEStartUp), (44 bytes).
    Removing stm32f30x_rcc.o(.data), (42 bytes).
    Removing stm32f30x_rtc.o(.rev16_text), (4 bytes).
    Removing stm32f30x_rtc.o(.revsh_text), (4 bytes).
    Removing stm32f30x_rtc.o(.rrx_text), (6 bytes).
    Removing stm32f30x_rtc.o(i.RTC_AlarmCmd), (84 bytes).
    Removing stm32f30x_rtc.o(i.RTC_AlarmStructInit), (20 bytes).
    Removing stm32f30x_rtc.o(i.RTC_AlarmSubSecondConfig), (44 bytes).
    Removing stm32f30x_rtc.o(i.RTC_Bcd2ToByte), (18 bytes).
    Removing stm32f30x_rtc.o(i.RTC_BypassShadowCmd), (44 bytes).
    Removing stm32f30x_rtc.o(i.RTC_ByteToBcd2), (24 bytes).
    Removing stm32f30x_rtc.o(i.RTC_CalibOutputCmd), (44 bytes).
    Removing stm32f30x_rtc.o(i.RTC_CalibOutputConfig), (40 bytes).
    Removing stm32f30x_rtc.o(i.RTC_ClearFlag), (28 bytes).
    Removing stm32f30x_rtc.o(i.RTC_ClearITPendingBit), (28 bytes).
    Removing stm32f30x_rtc.o(i.RTC_DateStructInit), (14 bytes).
    Removing stm32f30x_rtc.o(i.RTC_DayLightSavingConfig), (44 bytes).
    Removing stm32f30x_rtc.o(i.RTC_DeInit), (172 bytes).
    Removing stm32f30x_rtc.o(i.RTC_EnterInitMode), (60 bytes).
    Removing stm32f30x_rtc.o(i.RTC_ExitInitMode), (16 bytes).
    Removing stm32f30x_rtc.o(i.RTC_GetAlarm), (108 bytes).
    Removing stm32f30x_rtc.o(i.RTC_GetAlarmSubSecond), (28 bytes).
    Removing stm32f30x_rtc.o(i.RTC_GetDate), (72 bytes).
    Removing stm32f30x_rtc.o(i.RTC_GetFlagStatus), (28 bytes).
    Removing stm32f30x_rtc.o(i.RTC_GetITStatus), (64 bytes).
    Removing stm32f30x_rtc.o(i.RTC_GetStoreOperation), (16 bytes).
    Removing stm32f30x_rtc.o(i.RTC_GetSubSecond), (16 bytes).
    Removing stm32f30x_rtc.o(i.RTC_GetTime), (76 bytes).
    Removing stm32f30x_rtc.o(i.RTC_GetTimeStamp), (136 bytes).
    Removing stm32f30x_rtc.o(i.RTC_GetTimeStampSubSecond), (12 bytes).
    Removing stm32f30x_rtc.o(i.RTC_GetWakeUpCounter), (12 bytes).
    Removing stm32f30x_rtc.o(i.RTC_ITConfig), (64 bytes).
    Removing stm32f30x_rtc.o(i.RTC_Init), (80 bytes).
    Removing stm32f30x_rtc.o(i.RTC_OutputConfig), (44 bytes).
    Removing stm32f30x_rtc.o(i.RTC_OutputTypeConfig), (24 bytes).
    Removing stm32f30x_rtc.o(i.RTC_ReadBackupRegister), (20 bytes).
    Removing stm32f30x_rtc.o(i.RTC_RefClockCmd), (60 bytes).
    Removing stm32f30x_rtc.o(i.RTC_SetAlarm), (164 bytes).
    Removing stm32f30x_rtc.o(i.RTC_SetDate), (156 bytes).
    Removing stm32f30x_rtc.o(i.RTC_SetTime), (160 bytes).
    Removing stm32f30x_rtc.o(i.RTC_SetWakeUpCounter), (28 bytes).
    Removing stm32f30x_rtc.o(i.RTC_SmoothCalibConfig), (72 bytes).
    Removing stm32f30x_rtc.o(i.RTC_StructInit), (14 bytes).
    Removing stm32f30x_rtc.o(i.RTC_SynchroShiftConfig), (88 bytes).
    Removing stm32f30x_rtc.o(i.RTC_TamperCmd), (24 bytes).
    Removing stm32f30x_rtc.o(i.RTC_TamperFilterConfig), (24 bytes).
    Removing stm32f30x_rtc.o(i.RTC_TamperPinsPrechargeDuration), (24 bytes).
    Removing stm32f30x_rtc.o(i.RTC_TamperPullUpCmd), (28 bytes).
    Removing stm32f30x_rtc.o(i.RTC_TamperSamplingFreqConfig), (24 bytes).
    Removing stm32f30x_rtc.o(i.RTC_TamperTriggerConfig), (28 bytes).
    Removing stm32f30x_rtc.o(i.RTC_TimeStampCmd), (48 bytes).
    Removing stm32f30x_rtc.o(i.RTC_TimeStampOnTamperDetectionCmd), (28 bytes).
    Removing stm32f30x_rtc.o(i.RTC_TimeStructInit), (12 bytes).
    Removing stm32f30x_rtc.o(i.RTC_WaitForSynchro), (88 bytes).
    Removing stm32f30x_rtc.o(i.RTC_WakeUpClockConfig), (40 bytes).
    Removing stm32f30x_rtc.o(i.RTC_WakeUpCmd), (88 bytes).
    Removing stm32f30x_rtc.o(i.RTC_WriteBackupRegister), (20 bytes).
    Removing stm32f30x_rtc.o(i.RTC_WriteProtectionCmd), (24 bytes).
    Removing stm32f30x_spi.o(.rev16_text), (4 bytes).
    Removing stm32f30x_spi.o(.revsh_text), (4 bytes).
    Removing stm32f30x_spi.o(.rrx_text), (6 bytes).
    Removing stm32f30x_spi.o(i.I2S_Cmd), (20 bytes).
    Removing stm32f30x_spi.o(i.I2S_FullDuplexConfig), (58 bytes).
    Removing stm32f30x_spi.o(i.I2S_Init), (152 bytes).
    Removing stm32f30x_spi.o(i.I2S_StructInit), (18 bytes).
    Removing stm32f30x_spi.o(i.SPI_BiDirectionalLineConfig), (22 bytes).
    Removing stm32f30x_spi.o(i.SPI_CRCLengthConfig), (16 bytes).
    Removing stm32f30x_spi.o(i.SPI_CalculateCRC), (20 bytes).
    Removing stm32f30x_spi.o(i.SPI_Cmd), (20 bytes).
    Removing stm32f30x_spi.o(i.SPI_DataSizeConfig), (12 bytes).
    Removing stm32f30x_spi.o(i.SPI_GetCRC), (12 bytes).
    Removing stm32f30x_spi.o(i.SPI_GetCRCPolynomial), (4 bytes).
    Removing stm32f30x_spi.o(i.SPI_GetReceptionFIFOStatus), (8 bytes).
    Removing stm32f30x_spi.o(i.SPI_GetTransmissionFIFOStatus), (8 bytes).
    Removing stm32f30x_spi.o(i.SPI_I2S_ClearFlag), (6 bytes).
    Removing stm32f30x_spi.o(i.SPI_I2S_DMACmd), (16 bytes).
    Removing stm32f30x_spi.o(i.SPI_I2S_DeInit), (84 bytes).
    Removing stm32f30x_spi.o(i.SPI_I2S_GetFlagStatus), (14 bytes).
    Removing stm32f30x_spi.o(i.SPI_I2S_GetITStatus), (42 bytes).
    Removing stm32f30x_spi.o(i.SPI_I2S_ITConfig), (24 bytes).
    Removing stm32f30x_spi.o(i.SPI_I2S_ReceiveData16), (4 bytes).
    Removing stm32f30x_spi.o(i.SPI_I2S_SendData16), (4 bytes).
    Removing stm32f30x_spi.o(i.SPI_Init), (122 bytes).
    Removing stm32f30x_spi.o(i.SPI_LastDMATransferCmd), (16 bytes).
    Removing stm32f30x_spi.o(i.SPI_NSSInternalSoftwareConfig), (24 bytes).
    Removing stm32f30x_spi.o(i.SPI_NSSPulseModeCmd), (20 bytes).
    Removing stm32f30x_spi.o(i.SPI_ReceiveData8), (4 bytes).
    Removing stm32f30x_spi.o(i.SPI_RxFIFOThresholdConfig), (16 bytes).
    Removing stm32f30x_spi.o(i.SPI_SSOutputCmd), (20 bytes).
    Removing stm32f30x_spi.o(i.SPI_SendData8), (4 bytes).
    Removing stm32f30x_spi.o(i.SPI_StructInit), (28 bytes).
    Removing stm32f30x_spi.o(i.SPI_TIModeCmd), (20 bytes).
    Removing stm32f30x_spi.o(i.SPI_TransmitCRC), (10 bytes).
    Removing stm32f30x_syscfg.o(.rev16_text), (4 bytes).
    Removing stm32f30x_syscfg.o(.revsh_text), (4 bytes).
    Removing stm32f30x_syscfg.o(.rrx_text), (6 bytes).
    Removing stm32f30x_syscfg.o(i.SYSCFG_BreakConfig), (16 bytes).
    Removing stm32f30x_syscfg.o(i.SYSCFG_BypassParityCheckDisable), (16 bytes).
    Removing stm32f30x_syscfg.o(i.SYSCFG_ClearFlag), (16 bytes).
    Removing stm32f30x_syscfg.o(i.SYSCFG_DMAChannelRemapConfig), (24 bytes).
    Removing stm32f30x_syscfg.o(i.SYSCFG_DeInit), (40 bytes).
    Removing stm32f30x_syscfg.o(i.SYSCFG_EncoderRemapConfig), (24 bytes).
    Removing stm32f30x_syscfg.o(i.SYSCFG_GetFlagStatus), (20 bytes).
    Removing stm32f30x_syscfg.o(i.SYSCFG_I2CFastModePlusConfig), (24 bytes).
    Removing stm32f30x_syscfg.o(i.SYSCFG_ITConfig), (24 bytes).
    Removing stm32f30x_syscfg.o(i.SYSCFG_MemoryRemapConfig), (20 bytes).
    Removing stm32f30x_syscfg.o(i.SYSCFG_SRAMWRPEnable), (16 bytes).
    Removing stm32f30x_syscfg.o(i.SYSCFG_TriggerRemapConfig), (24 bytes).
    Removing stm32f30x_syscfg.o(i.SYSCFG_USBInterruptLineRemapCmd), (12 bytes).
    Removing stm32f30x_usart.o(.rev16_text), (4 bytes).
    Removing stm32f30x_usart.o(.revsh_text), (4 bytes).
    Removing stm32f30x_usart.o(.rrx_text), (6 bytes).
    Removing stm32f30x_usart.o(i.USART_AddressDetectionConfig), (16 bytes).
    Removing stm32f30x_usart.o(i.USART_AutoBaudRateCmd), (20 bytes).
    Removing stm32f30x_usart.o(i.USART_AutoBaudRateConfig), (16 bytes).
    Removing stm32f30x_usart.o(i.USART_ClearFlag), (4 bytes).
    Removing stm32f30x_usart.o(i.USART_ClearITPendingBit), (10 bytes).
    Removing stm32f30x_usart.o(i.USART_ClockInit), (28 bytes).
    Removing stm32f30x_usart.o(i.USART_ClockStructInit), (12 bytes).
    Removing stm32f30x_usart.o(i.USART_Cmd), (20 bytes).
    Removing stm32f30x_usart.o(i.USART_DECmd), (20 bytes).
    Removing stm32f30x_usart.o(i.USART_DEPolarityConfig), (16 bytes).
    Removing stm32f30x_usart.o(i.USART_DMACmd), (16 bytes).
    Removing stm32f30x_usart.o(i.USART_DMAReceptionErrorConfig), (16 bytes).
    Removing stm32f30x_usart.o(i.USART_DataInvCmd), (20 bytes).
    Removing stm32f30x_usart.o(i.USART_DeInit), (116 bytes).
    Removing stm32f30x_usart.o(i.USART_DirectionModeCmd), (16 bytes).
    Removing stm32f30x_usart.o(i.USART_GetFlagStatus), (14 bytes).
    Removing stm32f30x_usart.o(i.USART_GetITStatus), (58 bytes).
    Removing stm32f30x_usart.o(i.USART_HalfDuplexCmd), (20 bytes).
    Removing stm32f30x_usart.o(i.USART_ITConfig), (40 bytes).
    Removing stm32f30x_usart.o(i.USART_Init), (200 bytes).
    Removing stm32f30x_usart.o(i.USART_InvPinCmd), (16 bytes).
    Removing stm32f30x_usart.o(i.USART_IrDACmd), (20 bytes).
    Removing stm32f30x_usart.o(i.USART_IrDAConfig), (16 bytes).
    Removing stm32f30x_usart.o(i.USART_LINBreakDetectLengthConfig), (16 bytes).
    Removing stm32f30x_usart.o(i.USART_LINCmd), (20 bytes).
    Removing stm32f30x_usart.o(i.USART_MSBFirstCmd), (20 bytes).
    Removing stm32f30x_usart.o(i.USART_MuteModeCmd), (20 bytes).
    Removing stm32f30x_usart.o(i.USART_MuteModeWakeUpConfig), (16 bytes).
    Removing stm32f30x_usart.o(i.USART_OneBitMethodCmd), (20 bytes).
    Removing stm32f30x_usart.o(i.USART_OverSampling8Cmd), (20 bytes).
    Removing stm32f30x_usart.o(i.USART_OverrunDetectionConfig), (16 bytes).
    Removing stm32f30x_usart.o(i.USART_ReceiveData), (8 bytes).
    Removing stm32f30x_usart.o(i.USART_ReceiverTimeOutCmd), (20 bytes).
    Removing stm32f30x_usart.o(i.USART_RequestCmd), (16 bytes).
    Removing stm32f30x_usart.o(i.USART_STOPModeCmd), (20 bytes).
    Removing stm32f30x_usart.o(i.USART_SWAPPinCmd), (20 bytes).
    Removing stm32f30x_usart.o(i.USART_SendData), (8 bytes).
    Removing stm32f30x_usart.o(i.USART_SetAddress), (18 bytes).
    Removing stm32f30x_usart.o(i.USART_SetAutoRetryCount), (18 bytes).
    Removing stm32f30x_usart.o(i.USART_SetBlockLength), (18 bytes).
    Removing stm32f30x_usart.o(i.USART_SetDEAssertionTime), (18 bytes).
    Removing stm32f30x_usart.o(i.USART_SetDEDeassertionTime), (18 bytes).
    Removing stm32f30x_usart.o(i.USART_SetGuardTime), (16 bytes).
    Removing stm32f30x_usart.o(i.USART_SetPrescaler), (16 bytes).
    Removing stm32f30x_usart.o(i.USART_SetReceiverTimeOut), (16 bytes).
    Removing stm32f30x_usart.o(i.USART_SmartCardCmd), (20 bytes).
    Removing stm32f30x_usart.o(i.USART_SmartCardNACKCmd), (20 bytes).
    Removing stm32f30x_usart.o(i.USART_StopModeWakeUpSourceConfig), (16 bytes).
    Removing stm32f30x_usart.o(i.USART_StructInit), (22 bytes).
    Removing stm32303c_eval.o(.rev16_text), (4 bytes).
    Removing stm32303c_eval.o(.revsh_text), (4 bytes).
    Removing stm32303c_eval.o(.rrx_text), (6 bytes).
    Removing stm32303c_eval.o(i.SD_LowLevel_DeInit), (120 bytes).
    Removing stm32303c_eval.o(i.SD_LowLevel_Init), (280 bytes).
    Removing stm32303c_eval.o(i.STM_EVAL_COMInit), (188 bytes).
    Removing stm32303c_eval.o(i.STM_EVAL_LEDToggle), (28 bytes).
    Removing stm32303c_eval.o(i.TS751_LowLevel_DeInit), (92 bytes).
    Removing stm32303c_eval.o(i.TS751_LowLevel_Init), (136 bytes).
    Removing stm32303c_eval.o(i.sEE_I2C_LowLevel_DeInit), (76 bytes).
    Removing stm32303c_eval.o(i.sEE_I2C_LowLevel_Init), (108 bytes).
    Removing stm32303c_eval.o(i.sEE_SPI_LowLevel_DeInit), (104 bytes).
    Removing stm32303c_eval.o(i.sEE_SPI_LowLevel_Init), (256 bytes).

547 unused section(s) (total 17228 bytes) removed from the image.

==============================================================================

Image Symbol Table

    Local Symbols

    Symbol Name                              Value     Ov Type        Size  Object(Section)

    ../clib/../cmprslib/zerorunl2.c          0x00000000   Number         0  __dczerorl2.o ABSOLUTE
    ../clib/microlib/init/entry.s            0x00000000   Number         0  entry5.o ABSOLUTE
    ../clib/microlib/init/entry.s            0x00000000   Number         0  entry10a.o ABSOLUTE
    ../clib/microlib/init/entry.s            0x00000000   Number         0  entry9b.o ABSOLUTE
    ../clib/microlib/init/entry.s            0x00000000   Number         0  entry9a.o ABSOLUTE
    ../clib/microlib/init/entry.s            0x00000000   Number         0  entry8b.o ABSOLUTE
    ../clib/microlib/init/entry.s            0x00000000   Number         0  entry8a.o ABSOLUTE
    ../clib/microlib/init/entry.s            0x00000000   Number         0  entry7b.o ABSOLUTE
    ../clib/microlib/init/entry.s            0x00000000   Number         0  entry7a.o ABSOLUTE
    ../clib/microlib/init/entry.s            0x00000000   Number         0  entry2.o ABSOLUTE
    ../clib/microlib/init/entry.s            0x00000000   Number         0  entry11b.o ABSOLUTE
    ../clib/microlib/init/entry.s            0x00000000   Number         0  entry11a.o ABSOLUTE
    ../clib/microlib/init/entry.s            0x00000000   Number         0  entry.o ABSOLUTE
    ../clib/microlib/init/entry.s            0x00000000   Number         0  entry10b.o ABSOLUTE
    ..\..\..\Libraries\CMSIS\Device\ST\STM32F30x\Source\Templates\arm\startup_stm32f30x.s 0x00000000   Number         0  startup_stm32f30x.o ABSOLUTE
    ..\..\..\Libraries\STM32F30x_StdPeriph_Driver\src\stm32f30x_adc.c 0x00000000   Number         0  stm32f30x_adc.o ABSOLUTE
    ..\..\..\Libraries\STM32F30x_StdPeriph_Driver\src\stm32f30x_can.c 0x00000000   Number         0  stm32f30x_can.o ABSOLUTE
    ..\..\..\Libraries\STM32F30x_StdPeriph_Driver\src\stm32f30x_crc.c 0x00000000   Number         0  stm32f30x_crc.o ABSOLUTE
    ..\..\..\Libraries\STM32F30x_StdPeriph_Driver\src\stm32f30x_dac.c 0x00000000   Number         0  stm32f30x_dac.o ABSOLUTE
    ..\..\..\Libraries\STM32F30x_StdPeriph_Driver\src\stm32f30x_dma.c 0x00000000   Number         0  stm32f30x_dma.o ABSOLUTE
    ..\..\..\Libraries\STM32F30x_StdPeriph_Driver\src\stm32f30x_exti.c 0x00000000   Number         0  stm32f30x_exti.o ABSOLUTE
    ..\..\..\Libraries\STM32F30x_StdPeriph_Driver\src\stm32f30x_flash.c 0x00000000   Number         0  stm32f30x_flash.o ABSOLUTE
    ..\..\..\Libraries\STM32F30x_StdPeriph_Driver\src\stm32f30x_gpio.c 0x00000000   Number         0  stm32f30x_gpio.o ABSOLUTE
    ..\..\..\Libraries\STM32F30x_StdPeriph_Driver\src\stm32f30x_i2c.c 0x00000000   Number         0  stm32f30x_i2c.o ABSOLUTE
    ..\..\..\Libraries\STM32F30x_StdPeriph_Driver\src\stm32f30x_misc.c 0x00000000   Number         0  stm32f30x_misc.o ABSOLUTE
    ..\..\..\Libraries\STM32F30x_StdPeriph_Driver\src\stm32f30x_pwr.c 0x00000000   Number         0  stm32f30x_pwr.o ABSOLUTE
    ..\..\..\Libraries\STM32F30x_StdPeriph_Driver\src\stm32f30x_rcc.c 0x00000000   Number         0  stm32f30x_rcc.o ABSOLUTE
    ..\..\..\Libraries\STM32F30x_StdPeriph_Driver\src\stm32f30x_rtc.c 0x00000000   Number         0  stm32f30x_rtc.o ABSOLUTE
    ..\..\..\Libraries\STM32F30x_StdPeriph_Driver\src\stm32f30x_spi.c 0x00000000   Number         0  stm32f30x_spi.o ABSOLUTE
    ..\..\..\Libraries\STM32F30x_StdPeriph_Driver\src\stm32f30x_syscfg.c 0x00000000   Number         0  stm32f30x_syscfg.o ABSOLUTE
    ..\..\..\Libraries\STM32F30x_StdPeriph_Driver\src\stm32f30x_usart.c 0x00000000   Number         0  stm32f30x_usart.o ABSOLUTE
    ..\..\..\Libraries\STM32_USB-FS-Device_Driver\src\usb_core.c 0x00000000   Number         0  usb_core.o ABSOLUTE
    ..\..\..\Libraries\STM32_USB-FS-Device_Driver\src\usb_init.c 0x00000000   Number         0  usb_init.o ABSOLUTE
    ..\..\..\Libraries\STM32_USB-FS-Device_Driver\src\usb_int.c 0x00000000   Number         0  usb_int.o ABSOLUTE
    ..\..\..\Libraries\STM32_USB-FS-Device_Driver\src\usb_mem.c 0x00000000   Number         0  usb_mem.o ABSOLUTE
    ..\..\..\Libraries\STM32_USB-FS-Device_Driver\src\usb_regs.c 0x00000000   Number         0  usb_regs.o ABSOLUTE
    ..\..\..\Libraries\STM32_USB-FS-Device_Driver\src\usb_sil.c 0x00000000   Number         0  usb_sil.o ABSOLUTE
    ..\..\..\Utilities\STM32_EVAL\STM32303C_EVAL\stm32303c_eval.c 0x00000000   Number         0  stm32303c_eval.o ABSOLUTE
    ..\\..\\..\\Libraries\\STM32F30x_StdPeriph_Driver\\src\\stm32f30x_adc.c 0x00000000   Number         0  stm32f30x_adc.o ABSOLUTE
    ..\\..\\..\\Libraries\\STM32F30x_StdPeriph_Driver\\src\\stm32f30x_can.c 0x00000000   Number         0  stm32f30x_can.o ABSOLUTE
    ..\\..\\..\\Libraries\\STM32F30x_StdPeriph_Driver\\src\\stm32f30x_crc.c 0x00000000   Number         0  stm32f30x_crc.o ABSOLUTE
    ..\\..\\..\\Libraries\\STM32F30x_StdPeriph_Driver\\src\\stm32f30x_dac.c 0x00000000   Number         0  stm32f30x_dac.o ABSOLUTE
    ..\\..\\..\\Libraries\\STM32F30x_StdPeriph_Driver\\src\\stm32f30x_dma.c 0x00000000   Number         0  stm32f30x_dma.o ABSOLUTE
    ..\\..\\..\\Libraries\\STM32F30x_StdPeriph_Driver\\src\\stm32f30x_exti.c 0x00000000   Number         0  stm32f30x_exti.o ABSOLUTE
    ..\\..\\..\\Libraries\\STM32F30x_StdPeriph_Driver\\src\\stm32f30x_flash.c 0x00000000   Number         0  stm32f30x_flash.o ABSOLUTE
    ..\\..\\..\\Libraries\\STM32F30x_StdPeriph_Driver\\src\\stm32f30x_gpio.c 0x00000000   Number         0  stm32f30x_gpio.o ABSOLUTE
    ..\\..\\..\\Libraries\\STM32F30x_StdPeriph_Driver\\src\\stm32f30x_i2c.c 0x00000000   Number         0  stm32f30x_i2c.o ABSOLUTE
    ..\\..\\..\\Libraries\\STM32F30x_StdPeriph_Driver\\src\\stm32f30x_misc.c 0x00000000   Number         0  stm32f30x_misc.o ABSOLUTE
    ..\\..\\..\\Libraries\\STM32F30x_StdPeriph_Driver\\src\\stm32f30x_pwr.c 0x00000000   Number         0  stm32f30x_pwr.o ABSOLUTE
    ..\\..\\..\\Libraries\\STM32F30x_StdPeriph_Driver\\src\\stm32f30x_rcc.c 0x00000000   Number         0  stm32f30x_rcc.o ABSOLUTE
    ..\\..\\..\\Libraries\\STM32F30x_StdPeriph_Driver\\src\\stm32f30x_rtc.c 0x00000000   Number         0  stm32f30x_rtc.o ABSOLUTE
    ..\\..\\..\\Libraries\\STM32F30x_StdPeriph_Driver\\src\\stm32f30x_spi.c 0x00000000   Number         0  stm32f30x_spi.o ABSOLUTE
    ..\\..\\..\\Libraries\\STM32F30x_StdPeriph_Driver\\src\\stm32f30x_syscfg.c 0x00000000   Number         0  stm32f30x_syscfg.o ABSOLUTE
    ..\\..\\..\\Libraries\\STM32F30x_StdPeriph_Driver\\src\\stm32f30x_usart.c 0x00000000   Number         0  stm32f30x_usart.o ABSOLUTE
    ..\\..\\..\\Libraries\\STM32_USB-FS-Device_Driver\\src\\usb_core.c 0x00000000   Number         0  usb_core.o ABSOLUTE
    ..\\..\\..\\Libraries\\STM32_USB-FS-Device_Driver\\src\\usb_init.c 0x00000000   Number         0  usb_init.o ABSOLUTE
    ..\\..\\..\\Libraries\\STM32_USB-FS-Device_Driver\\src\\usb_int.c 0x00000000   Number         0  usb_int.o ABSOLUTE
    ..\\..\\..\\Libraries\\STM32_USB-FS-Device_Driver\\src\\usb_mem.c 0x00000000   Number         0  usb_mem.o ABSOLUTE
    ..\\..\\..\\Libraries\\STM32_USB-FS-Device_Driver\\src\\usb_regs.c 0x00000000   Number         0  usb_regs.o ABSOLUTE
    ..\\..\\..\\Libraries\\STM32_USB-FS-Device_Driver\\src\\usb_sil.c 0x00000000   Number         0  usb_sil.o ABSOLUTE
    ..\\..\\..\\Utilities\\STM32_EVAL\\STM32303C_EVAL\\stm32303c_eval.c 0x00000000   Number         0  stm32303c_eval.o ABSOLUTE
    ..\\src\\hw_config.c                     0x00000000   Number         0  hw_config.o ABSOLUTE
    ..\\src\\main.c                          0x00000000   Number         0  main.o ABSOLUTE
    ..\\src\\stm32_it.c                      0x00000000   Number         0  stm32_it.o ABSOLUTE
    ..\\src\\system_stm32f30x.c              0x00000000   Number         0  system_stm32f30x.o ABSOLUTE
    ..\\src\\usb_desc.c                      0x00000000   Number         0  usb_desc.o ABSOLUTE
    ..\\src\\usb_endp.c                      0x00000000   Number         0  usb_endp.o ABSOLUTE
    ..\\src\\usb_istr.c                      0x00000000   Number         0  usb_istr.o ABSOLUTE
    ..\\src\\usb_prop.c                      0x00000000   Number         0  usb_prop.o ABSOLUTE
    ..\\src\\usb_pwr.c                       0x00000000   Number         0  usb_pwr.o ABSOLUTE
    ..\src\hw_config.c                       0x00000000   Number         0  hw_config.o ABSOLUTE
    ..\src\main.c                            0x00000000   Number         0  main.o ABSOLUTE
    ..\src\stm32_it.c                        0x00000000   Number         0  stm32_it.o ABSOLUTE
    ..\src\system_stm32f30x.c                0x00000000   Number         0  system_stm32f30x.o ABSOLUTE
    ..\src\usb_desc.c                        0x00000000   Number         0  usb_desc.o ABSOLUTE
    ..\src\usb_endp.c                        0x00000000   Number         0  usb_endp.o ABSOLUTE
    ..\src\usb_istr.c                        0x00000000   Number         0  usb_istr.o ABSOLUTE
    ..\src\usb_prop.c                        0x00000000   Number         0  usb_prop.o ABSOLUTE
    ..\src\usb_pwr.c                         0x00000000   Number         0  usb_pwr.o ABSOLUTE
    dc.s                                     0x00000000   Number         0  dc.o ABSOLUTE
    handlers.s                               0x00000000   Number         0  handlers.o ABSOLUTE
    init.s                                   0x00000000   Number         0  init.o ABSOLUTE
    RESET                                    0x08000000   Section      392  startup_stm32f30x.o(RESET)
    .ARM.Collect$$$$00000000                 0x08000188   Section        0  entry.o(.ARM.Collect$$$$00000000)
    .ARM.Collect$$$$00000001                 0x08000188   Section        4  entry2.o(.ARM.Collect$$$$00000001)
    .ARM.Collect$$$$00000004                 0x0800018c   Section        4  entry5.o(.ARM.Collect$$$$00000004)
    .ARM.Collect$$$$00000008                 0x08000190   Section        0  entry7b.o(.ARM.Collect$$$$00000008)
    .ARM.Collect$$$$0000000A                 0x08000190   Section        0  entry8b.o(.ARM.Collect$$$$0000000A)
    .ARM.Collect$$$$0000000B                 0x08000190   Section        8  entry9a.o(.ARM.Collect$$$$0000000B)
    .ARM.Collect$$$$0000000D                 0x08000198   Section        0  entry10a.o(.ARM.Collect$$$$0000000D)
    .ARM.Collect$$$$0000000F                 0x08000198   Section        0  entry11a.o(.ARM.Collect$$$$0000000F)
    .ARM.Collect$$$$00002712                 0x08000198   Section        4  entry2.o(.ARM.Collect$$$$00002712)
    __lit__00000000                          0x08000198   Data           4  entry2.o(.ARM.Collect$$$$00002712)
    .text                                    0x0800019c   Section       36  startup_stm32f30x.o(.text)
    $v0                                      0x0800019c   Number         0  startup_stm32f30x.o(.text)
    .text                                    0x080001c0   Section       36  init.o(.text)
    .text                                    0x080001e4   Section        0  __dczerorl2.o(.text)
    i.ADC30x_Configuration                   0x0800023c   Section        0  hw_config.o(i.ADC30x_Configuration)
    i.ADC_Cmd                                0x0800036c   Section        0  stm32f30x_adc.o(i.ADC_Cmd)
    i.ADC_CommonInit                         0x08000380   Section        0  stm32f30x_adc.o(i.ADC_CommonInit)
    i.ADC_DMACmd                             0x080003d4   Section        0  stm32f30x_adc.o(i.ADC_DMACmd)
    i.ADC_DMAConfig                          0x080003e8   Section        0  stm32f30x_adc.o(i.ADC_DMAConfig)
    i.ADC_DeInit                             0x080003f8   Section        0  stm32f30x_adc.o(i.ADC_DeInit)
    i.ADC_GetCalibrationStatus               0x0800043c   Section        0  stm32f30x_adc.o(i.ADC_GetCalibrationStatus)
    i.ADC_GetCalibrationValue                0x0800044a   Section        0  stm32f30x_adc.o(i.ADC_GetCalibrationValue)
    i.ADC_GetConversionValue                 0x08000450   Section        0  stm32f30x_adc.o(i.ADC_GetConversionValue)
    i.ADC_GetFlagStatus                      0x08000456   Section        0  stm32f30x_adc.o(i.ADC_GetFlagStatus)
    i.ADC_Init                               0x08000464   Section        0  stm32f30x_adc.o(i.ADC_Init)
    i.ADC_RegularChannelConfig               0x080004a0   Section        0  stm32f30x_adc.o(i.ADC_RegularChannelConfig)
    i.ADC_SelectCalibrationMode              0x0800054c   Section        0  stm32f30x_adc.o(i.ADC_SelectCalibrationMode)
    i.ADC_StartCalibration                   0x0800055c   Section        0  stm32f30x_adc.o(i.ADC_StartCalibration)
    i.ADC_StartConversion                    0x08000566   Section        0  stm32f30x_adc.o(i.ADC_StartConversion)
    i.ADC_StructInit                         0x08000570   Section        0  stm32f30x_adc.o(i.ADC_StructInit)
    i.ADC_VoltageRegulatorCmd                0x08000586   Section        0  stm32f30x_adc.o(i.ADC_VoltageRegulatorCmd)
    i.BusFault_Handler                       0x080005a2   Section        0  stm32_it.o(i.BusFault_Handler)
    i.ByteSwap                               0x080005a4   Section        0  usb_regs.o(i.ByteSwap)
    i.CTR_LP                                 0x080005b0   Section        0  usb_int.o(i.CTR_LP)
    i.ClearDTOG_RX                           0x0800070c   Section        0  usb_regs.o(i.ClearDTOG_RX)
    i.ClearDTOG_TX                           0x08000734   Section        0  usb_regs.o(i.ClearDTOG_TX)
    i.Clear_Status_Out                       0x0800075c   Section        0  usb_regs.o(i.Clear_Status_Out)
    i.CustomHID_Data_Setup                   0x0800077c   Section        0  usb_prop.o(i.CustomHID_Data_Setup)
    i.CustomHID_GetConfigDescriptor          0x080007f4   Section        0  usb_prop.o(i.CustomHID_GetConfigDescriptor)
    i.CustomHID_GetDeviceDescriptor          0x08000800   Section        0  usb_prop.o(i.CustomHID_GetDeviceDescriptor)
    i.CustomHID_GetHIDDescriptor             0x0800080c   Section        0  usb_prop.o(i.CustomHID_GetHIDDescriptor)
    i.CustomHID_GetProtocolValue             0x08000818   Section        0  usb_prop.o(i.CustomHID_GetProtocolValue)
    i.CustomHID_GetReportDescriptor          0x08000834   Section        0  usb_prop.o(i.CustomHID_GetReportDescriptor)
    i.CustomHID_GetStringDescriptor          0x08000840   Section        0  usb_prop.o(i.CustomHID_GetStringDescriptor)
    i.CustomHID_Get_Interface_Setting        0x08000860   Section        0  usb_prop.o(i.CustomHID_Get_Interface_Setting)
    i.CustomHID_NoData_Setup                 0x0800086c   Section        0  usb_prop.o(i.CustomHID_NoData_Setup)
    i.CustomHID_Reset                        0x0800088c   Section        0  usb_prop.o(i.CustomHID_Reset)
    i.CustomHID_SetConfiguration             0x0800093c   Section        0  usb_prop.o(i.CustomHID_SetConfiguration)
    i.CustomHID_SetDeviceAddress             0x0800095c   Section        0  usb_prop.o(i.CustomHID_SetDeviceAddress)
    i.CustomHID_SetProtocol                  0x08000968   Section        0  usb_prop.o(i.CustomHID_SetProtocol)
    i.CustomHID_SetReport_Feature            0x08000980   Section        0  usb_prop.o(i.CustomHID_SetReport_Feature)
    i.CustomHID_Status_In                    0x0800099c   Section        0  usb_prop.o(i.CustomHID_Status_In)
    i.CustomHID_Status_Out                   0x08000a00   Section        0  usb_prop.o(i.CustomHID_Status_Out)
    i.CustomHID_init                         0x08000a04   Section        0  usb_prop.o(i.CustomHID_init)
    i.DMA1_Channel1_IRQHandler               0x08000a28   Section        0  stm32_it.o(i.DMA1_Channel1_IRQHandler)
    i.DMA_ClearFlag                          0x08000a88   Section        0  stm32f30x_dma.o(i.DMA_ClearFlag)
    i.DMA_Cmd                                0x08000aa0   Section        0  stm32f30x_dma.o(i.DMA_Cmd)
    i.DMA_DeInit                             0x08000ab8   Section        0  stm32f30x_dma.o(i.DMA_DeInit)
    i.DMA_ITConfig                           0x08000b9c   Section        0  stm32f30x_dma.o(i.DMA_ITConfig)
    i.DMA_Init                               0x08000bac   Section        0  stm32f30x_dma.o(i.DMA_Init)
    i.DataStageIn                            0x08000be8   Section        0  usb_core.o(i.DataStageIn)
    DataStageIn                              0x08000be9   Thumb Code   156  usb_core.o(i.DataStageIn)
    i.DataStageOut                           0x08000c9c   Section        0  usb_core.o(i.DataStageOut)
    DataStageOut                             0x08000c9d   Thumb Code   142  usb_core.o(i.DataStageOut)
    i.Data_Setup0                            0x08000d40   Section        0  usb_core.o(i.Data_Setup0)
    Data_Setup0                              0x08000d41   Thumb Code   376  usb_core.o(i.Data_Setup0)
    i.DebugMon_Handler                       0x08000edc   Section        0  stm32_it.o(i.DebugMon_Handler)
    i.EP1_IN_Callback                        0x08000ee0   Section        0  usb_endp.o(i.EP1_IN_Callback)
    i.EP1_OUT_Callback                       0x08000eec   Section        0  usb_endp.o(i.EP1_OUT_Callback)
    i.EXTI9_5_IRQHandler                     0x08000f60   Section        0  stm32_it.o(i.EXTI9_5_IRQHandler)
    i.EXTI_ClearITPendingBit                 0x08000fbc   Section        0  stm32f30x_exti.o(i.EXTI_ClearITPendingBit)
    i.EXTI_Configuration                     0x08000fd8   Section        0  hw_config.o(i.EXTI_Configuration)
    i.EXTI_GetITStatus                       0x08001018   Section        0  stm32f30x_exti.o(i.EXTI_GetITStatus)
    i.EXTI_Init                              0x08001048   Section        0  stm32f30x_exti.o(i.EXTI_Init)
    i.GPIO_Configuration                     0x08001140   Section        0  hw_config.o(i.GPIO_Configuration)
    i.GPIO_Init                              0x08001164   Section        0  stm32f30x_gpio.o(i.GPIO_Init)
    i.GPIO_PinAFConfig                       0x080011dc   Section        0  stm32f30x_gpio.o(i.GPIO_PinAFConfig)
    i.GPIO_ReadInputDataBit                  0x080011fc   Section        0  stm32f30x_gpio.o(i.GPIO_ReadInputDataBit)
    i.GPIO_ResetBits                         0x0800120a   Section        0  stm32f30x_gpio.o(i.GPIO_ResetBits)
    i.GPIO_SetBits                           0x0800120e   Section        0  stm32f30x_gpio.o(i.GPIO_SetBits)
    i.GetEPRxAddr                            0x08001214   Section        0  usb_regs.o(i.GetEPRxAddr)
    i.GetEPRxCount                           0x08001234   Section        0  usb_regs.o(i.GetEPRxCount)
    i.GetEPTxAddr                            0x08001254   Section        0  usb_regs.o(i.GetEPTxAddr)
    i.Get_SerialNum                          0x08001270   Section        0  hw_config.o(i.Get_SerialNum)
    i.HardFault_Handler                      0x080012a4   Section        0  stm32_it.o(i.HardFault_Handler)
    i.In0_Process                            0x080012a8   Section        0  usb_core.o(i.In0_Process)
    i.IntToUnicode                           0x08001304   Section        0  hw_config.o(i.IntToUnicode)
    IntToUnicode                             0x08001305   Thumb Code    56  hw_config.o(i.IntToUnicode)
    i.Leave_LowPowerMode                     0x0800133c   Section        0  hw_config.o(i.Leave_LowPowerMode)
    i.MemManage_Handler                      0x08001364   Section        0  stm32_it.o(i.MemManage_Handler)
    i.NMI_Handler                            0x08001366   Section        0  stm32_it.o(i.NMI_Handler)
    i.NOP_Process                            0x08001368   Section        0  usb_core.o(i.NOP_Process)
    i.NVIC_Init                              0x0800136c   Section        0  stm32f30x_misc.o(i.NVIC_Init)
    i.NVIC_PriorityGroupConfig               0x080013d0   Section        0  stm32f30x_misc.o(i.NVIC_PriorityGroupConfig)
    i.NoData_Setup0                          0x080013e4   Section        0  usb_core.o(i.NoData_Setup0)
    NoData_Setup0                            0x080013e5   Thumb Code   190  usb_core.o(i.NoData_Setup0)
    i.Out0_Process                           0x080014b8   Section        0  usb_core.o(i.Out0_Process)
    i.PMAToUserBufferCopy                    0x08001500   Section        0  usb_mem.o(i.PMAToUserBufferCopy)
    i.PendSV_Handler                         0x08001520   Section        0  stm32_it.o(i.PendSV_Handler)
    i.Post0_Process                          0x08001524   Section        0  usb_core.o(i.Post0_Process)
    i.PowerOn                                0x08001568   Section        0  usb_pwr.o(i.PowerOn)
    i.RCC_ADCCLKConfig                       0x08001594   Section        0  stm32f30x_rcc.o(i.RCC_ADCCLKConfig)
    i.RCC_AHBPeriphClockCmd                  0x080015b4   Section        0  stm32f30x_rcc.o(i.RCC_AHBPeriphClockCmd)
    i.RCC_AHBPeriphResetCmd                  0x080015cc   Section        0  stm32f30x_rcc.o(i.RCC_AHBPeriphResetCmd)
    i.RCC_APB1PeriphClockCmd                 0x080015e4   Section        0  stm32f30x_rcc.o(i.RCC_APB1PeriphClockCmd)
    i.RCC_APB2PeriphClockCmd                 0x080015fc   Section        0  stm32f30x_rcc.o(i.RCC_APB2PeriphClockCmd)
    i.RCC_USBCLKConfig                       0x08001614   Section        0  stm32f30x_rcc.o(i.RCC_USBCLKConfig)
    i.Resume                                 0x08001620   Section        0  usb_pwr.o(i.Resume)
    i.Resume_Init                            0x080016b4   Section        0  usb_pwr.o(i.Resume_Init)
    i.STM_EVAL_LEDInit                       0x080016d4   Section        0  stm32303c_eval.o(i.STM_EVAL_LEDInit)
    i.STM_EVAL_LEDOff                        0x08001724   Section        0  stm32303c_eval.o(i.STM_EVAL_LEDOff)
    i.STM_EVAL_LEDOn                         0x0800173c   Section        0  stm32303c_eval.o(i.STM_EVAL_LEDOn)
    i.STM_EVAL_PBGetState                    0x08001754   Section        0  stm32303c_eval.o(i.STM_EVAL_PBGetState)
    i.STM_EVAL_PBInit                        0x08001778   Section        0  stm32303c_eval.o(i.STM_EVAL_PBInit)
    i.SVC_Handler                            0x08001820   Section        0  stm32_it.o(i.SVC_Handler)
    i.SYSCFG_EXTILineConfig                  0x08001824   Section        0  stm32f30x_syscfg.o(i.SYSCFG_EXTILineConfig)
    i.SetBTABLE                              0x0800184c   Section        0  usb_regs.o(i.SetBTABLE)
    i.SetDeviceAddress                       0x0800185c   Section        0  usb_core.o(i.SetDeviceAddress)
    i.SetEPRxAddr                            0x080018a4   Section        0  usb_regs.o(i.SetEPRxAddr)
    i.SetEPRxCount                           0x080018c4   Section        0  usb_regs.o(i.SetEPRxCount)
    i.SetEPRxStatus                          0x08001904   Section        0  usb_regs.o(i.SetEPRxStatus)
    i.SetEPRxValid                           0x08001934   Section        0  usb_regs.o(i.SetEPRxValid)
    i.SetEPTxAddr                            0x08001958   Section        0  usb_regs.o(i.SetEPTxAddr)
    i.SetEPTxCount                           0x08001978   Section        0  usb_regs.o(i.SetEPTxCount)
    i.SetEPTxStatus                          0x08001994   Section        0  usb_regs.o(i.SetEPTxStatus)
    i.SetEPTxValid                           0x080019c4   Section        0  usb_regs.o(i.SetEPTxValid)
    i.SetEPType                              0x080019e8   Section        0  usb_regs.o(i.SetEPType)
    i.SetSysClock                            0x08001a04   Section        0  system_stm32f30x.o(i.SetSysClock)
    SetSysClock                              0x08001a05   Thumb Code   140  system_stm32f30x.o(i.SetSysClock)
    i.Set_System                             0x08001a98   Section        0  hw_config.o(i.Set_System)
    i.Set_USBClock                           0x08001b40   Section        0  hw_config.o(i.Set_USBClock)
    i.Setup0_Process                         0x08001b54   Section        0  usb_core.o(i.Setup0_Process)
    i.Standard_ClearFeature                  0x08001bbc   Section        0  usb_core.o(i.Standard_ClearFeature)
    i.Standard_GetConfiguration              0x08001cb8   Section        0  usb_core.o(i.Standard_GetConfiguration)
    i.Standard_GetDescriptorData             0x08001ce0   Section        0  usb_core.o(i.Standard_GetDescriptorData)
    i.Standard_GetInterface                  0x08001cfc   Section        0  usb_core.o(i.Standard_GetInterface)
    i.Standard_GetStatus                     0x08001d24   Section        0  usb_core.o(i.Standard_GetStatus)
    i.Standard_SetConfiguration              0x08001db8   Section        0  usb_core.o(i.Standard_SetConfiguration)
    i.Standard_SetDeviceFeature              0x08001df0   Section        0  usb_core.o(i.Standard_SetDeviceFeature)
    i.Standard_SetEndPointFeature            0x08001e14   Section        0  usb_core.o(i.Standard_SetEndPointFeature)
    i.Standard_SetInterface                  0x08001e9c   Section        0  usb_core.o(i.Standard_SetInterface)
    i.Suspend                                0x08001ee4   Section        0  usb_pwr.o(i.Suspend)
    i.SysTick_Handler                        0x08001fa8   Section        0  stm32_it.o(i.SysTick_Handler)
    i.SystemInit                             0x08001fb8   Section        0  system_stm32f30x.o(i.SystemInit)
    i.USBWakeUp_IRQHandler                   0x08002028   Section        0  stm32_it.o(i.USBWakeUp_IRQHandler)
    i.USB_Cable_Config                       0x08002030   Section        0  hw_config.o(i.USB_Cable_Config)
    i.USB_Init                               0x08002048   Section        0  usb_init.o(i.USB_Init)
    i.USB_Interrupts_Config                  0x08002070   Section        0  hw_config.o(i.USB_Interrupts_Config)
    i.USB_Istr                               0x080020e0   Section        0  usb_istr.o(i.USB_Istr)
    i.USB_LP_CAN1_RX0_IRQHandler             0x08002228   Section        0  stm32_it.o(i.USB_LP_CAN1_RX0_IRQHandler)
    i.USB_SIL_Init                           0x0800222c   Section        0  usb_sil.o(i.USB_SIL_Init)
    i.USB_SIL_Read                           0x0800224c   Section        0  usb_sil.o(i.USB_SIL_Read)
    i.USB_SIL_Write                          0x08002270   Section        0  usb_sil.o(i.USB_SIL_Write)
    i.UsageFault_Handler                     0x08002296   Section        0  stm32_it.o(i.UsageFault_Handler)
    i.UserToPMABufferCopy                    0x08002298   Section        0  usb_mem.o(i.UserToPMABufferCopy)
    i.__scatterload_copy                     0x080022c4   Section       14  handlers.o(i.__scatterload_copy)
    i.__scatterload_null                     0x080022d2   Section        2  handlers.o(i.__scatterload_null)
    i.__scatterload_zeroinit                 0x080022d4   Section       14  handlers.o(i.__scatterload_zeroinit)
    i.main                                   0x080022e2   Section        0  main.o(i.main)
    .constdata                               0x080022f4   Section       18  usb_desc.o(.constdata)
    .constdata                               0x08002306   Section       41  usb_desc.o(.constdata)
    .constdata                               0x0800232f   Section      163  usb_desc.o(.constdata)
    .constdata                               0x080023d2   Section        4  usb_desc.o(.constdata)
    .constdata                               0x080023d6   Section       38  usb_desc.o(.constdata)
    .constdata                               0x080023fc   Section       32  usb_desc.o(.constdata)
    .constdata                               0x0800241c   Section      116  stm32303c_eval.o(.constdata)
    .data                                    0x20000000   Section        8  hw_config.o(.data)
    .data                                    0x20000008   Section        4  hw_config.o(.data)
    .data                                    0x2000000c   Section        1  main.o(.data)
    .data                                    0x20000010   Section        4  main.o(.data)
    .data                                    0x20000014   Section       26  usb_desc.o(.data)
    .data                                    0x2000002e   Section        2  usb_endp.o(.data)
    .data                                    0x20000030   Section       12  usb_istr.o(.data)
    .data                                    0x2000003c   Section       28  usb_istr.o(.data)
    .data                                    0x20000058   Section       28  usb_istr.o(.data)
    .data                                    0x20000074   Section      120  usb_prop.o(.data)
    .data                                    0x200000ec   Section        2  usb_prop.o(.data)
    .data                                    0x200000f0   Section       36  usb_prop.o(.data)
    .data                                    0x20000114   Section        4  usb_pwr.o(.data)
    .data                                    0x20000118   Section        1  usb_pwr.o(.data)
    .data                                    0x2000011c   Section        8  usb_pwr.o(.data)
    .data                                    0x20000124   Section        2  stm32_it.o(.data)
    .data                                    0x20000126   Section        1  usb_init.o(.data)
    .data                                    0x20000128   Section       12  usb_init.o(.data)
    .data                                    0x20000134   Section        2  usb_init.o(.data)
    .data                                    0x20000136   Section        4  usb_int.o(.data)
    .data                                    0x2000013a   Section        4  usb_core.o(.data)
    .data                                    0x20000140   Section       52  stm32303c_eval.o(.data)
    .bss                                     0x20000174   Section       32  usb_pwr.o(.bss)
    .bss                                     0x20000194   Section       28  usb_init.o(.bss)
    STACK                                    0x200001b0   Section     1024  startup_stm32f30x.o(STACK)

    Global Symbols

    Symbol Name                              Value     Ov Type        Size  Object(Section)

    BuildAttributes$$THM_ISAv4$E$P$D$K$B$S$7EM$VFPi3$EXTD16$VFPS$VFMA$PE$A:L22UL41UL21$X:L11$S22US41US21$IEEE1$IW$USESV6$~STKCKD$USESV7$~SHL$OSPACE$EBA8$MICROLIB$REQ8$PRES8$EABIv2 0x00000000   Number         0  anon$$obj.o ABSOLUTE
    __ARM_use_no_argv                        0x00000000   Number         0  main.o ABSOLUTE
    __cpp_initialize__aeabi_                  - Undefined Weak Reference
    __cxa_finalize                            - Undefined Weak Reference
    _clock_init                               - Undefined Weak Reference
    _microlib_exit                            - Undefined Weak Reference
    __Vectors_Size                           0x00000188   Number         0  startup_stm32f30x.o ABSOLUTE
    __Vectors                                0x08000000   Data           4  startup_stm32f30x.o(RESET)
    __Vectors_End                            0x08000188   Data           0  startup_stm32f30x.o(RESET)
    __main                                   0x08000189   Thumb Code     0  entry.o(.ARM.Collect$$$$00000000)
    _main_stk                                0x08000189   Thumb Code     0  entry2.o(.ARM.Collect$$$$00000001)
    _main_scatterload                        0x0800018d   Thumb Code     0  entry5.o(.ARM.Collect$$$$00000004)
    __main_after_scatterload                 0x08000191   Thumb Code     0  entry5.o(.ARM.Collect$$$$00000004)
    _main_clock                              0x08000191   Thumb Code     0  entry7b.o(.ARM.Collect$$$$00000008)
    _main_cpp_init                           0x08000191   Thumb Code     0  entry8b.o(.ARM.Collect$$$$0000000A)
    _main_init                               0x08000191   Thumb Code     0  entry9a.o(.ARM.Collect$$$$0000000B)
    __rt_final_cpp                           0x08000199   Thumb Code     0  entry10a.o(.ARM.Collect$$$$0000000D)
    __rt_final_exit                          0x08000199   Thumb Code     0  entry11a.o(.ARM.Collect$$$$0000000F)
    Reset_Handler                            0x0800019d   Thumb Code     8  startup_stm32f30x.o(.text)
    ADC1_2_IRQHandler                        0x080001b7   Thumb Code     0  startup_stm32f30x.o(.text)
    ADC3_IRQHandler                          0x080001b7   Thumb Code     0  startup_stm32f30x.o(.text)
    ADC4_IRQHandler                          0x080001b7   Thumb Code     0  startup_stm32f30x.o(.text)
    CAN1_RX1_IRQHandler                      0x080001b7   Thumb Code     0  startup_stm32f30x.o(.text)
    CAN1_SCE_IRQHandler                      0x080001b7   Thumb Code     0  startup_stm32f30x.o(.text)
    COMP1_2_3_IRQHandler                     0x080001b7   Thumb Code     0  startup_stm32f30x.o(.text)
    COMP4_5_6_IRQHandler                     0x080001b7   Thumb Code     0  startup_stm32f30x.o(.text)
    COMP7_IRQHandler                         0x080001b7   Thumb Code     0  startup_stm32f30x.o(.text)
    DMA1_Channel2_IRQHandler                 0x080001b7   Thumb Code     0  startup_stm32f30x.o(.text)
    DMA1_Channel3_IRQHandler                 0x080001b7   Thumb Code     0  startup_stm32f30x.o(.text)
    DMA1_Channel4_IRQHandler                 0x080001b7   Thumb Code     0  startup_stm32f30x.o(.text)
    DMA1_Channel5_IRQHandler                 0x080001b7   Thumb Code     0  startup_stm32f30x.o(.text)
    DMA1_Channel6_IRQHandler                 0x080001b7   Thumb Code     0  startup_stm32f30x.o(.text)
    DMA1_Channel7_IRQHandler                 0x080001b7   Thumb Code     0  startup_stm32f30x.o(.text)
    DMA2_Channel1_IRQHandler                 0x080001b7   Thumb Code     0  startup_stm32f30x.o(.text)
    DMA2_Channel2_IRQHandler                 0x080001b7   Thumb Code     0  startup_stm32f30x.o(.text)
    DMA2_Channel3_IRQHandler                 0x080001b7   Thumb Code     0  startup_stm32f30x.o(.text)
    DMA2_Channel4_IRQHandler                 0x080001b7   Thumb Code     0  startup_stm32f30x.o(.text)
    DMA2_Channel5_IRQHandler                 0x080001b7   Thumb Code     0  startup_stm32f30x.o(.text)
    EXTI0_IRQHandler                         0x080001b7   Thumb Code     0  startup_stm32f30x.o(.text)
    EXTI15_10_IRQHandler                     0x080001b7   Thumb Code     0  startup_stm32f30x.o(.text)
    EXTI1_IRQHandler                         0x080001b7   Thumb Code     0  startup_stm32f30x.o(.text)
    EXTI2_TS_IRQHandler                      0x080001b7   Thumb Code     0  startup_stm32f30x.o(.text)
    EXTI3_IRQHandler                         0x080001b7   Thumb Code     0  startup_stm32f30x.o(.text)
    EXTI4_IRQHandler                         0x080001b7   Thumb Code     0  startup_stm32f30x.o(.text)
    FLASH_IRQHandler                         0x080001b7   Thumb Code     0  startup_stm32f30x.o(.text)
    FPU_IRQHandler                           0x080001b7   Thumb Code     0  startup_stm32f30x.o(.text)
    I2C1_ER_IRQHandler                       0x080001b7   Thumb Code     0  startup_stm32f30x.o(.text)
    I2C1_EV_IRQHandler                       0x080001b7   Thumb Code     0  startup_stm32f30x.o(.text)
    I2C2_ER_IRQHandler                       0x080001b7   Thumb Code     0  startup_stm32f30x.o(.text)
    I2C2_EV_IRQHandler                       0x080001b7   Thumb Code     0  startup_stm32f30x.o(.text)
    PVD_IRQHandler                           0x080001b7   Thumb Code     0  startup_stm32f30x.o(.text)
    RCC_IRQHandler                           0x080001b7   Thumb Code     0  startup_stm32f30x.o(.text)
    RTC_Alarm_IRQHandler                     0x080001b7   Thumb Code     0  startup_stm32f30x.o(.text)
    RTC_WKUP_IRQHandler                      0x080001b7   Thumb Code     0  startup_stm32f30x.o(.text)
    SPI1_IRQHandler                          0x080001b7   Thumb Code     0  startup_stm32f30x.o(.text)
    SPI2_IRQHandler                          0x080001b7   Thumb Code     0  startup_stm32f30x.o(.text)
    SPI3_IRQHandler                          0x080001b7   Thumb Code     0  startup_stm32f30x.o(.text)
    TAMPER_STAMP_IRQHandler                  0x080001b7   Thumb Code     0  startup_stm32f30x.o(.text)
    TIM1_BRK_TIM15_IRQHandler                0x080001b7   Thumb Code     0  startup_stm32f30x.o(.text)
    TIM1_CC_IRQHandler                       0x080001b7   Thumb Code     0  startup_stm32f30x.o(.text)
    TIM1_TRG_COM_TIM17_IRQHandler            0x080001b7   Thumb Code     0  startup_stm32f30x.o(.text)
    TIM1_UP_TIM16_IRQHandler                 0x080001b7   Thumb Code     0  startup_stm32f30x.o(.text)
    TIM2_IRQHandler                          0x080001b7   Thumb Code     0  startup_stm32f30x.o(.text)
    TIM3_IRQHandler                          0x080001b7   Thumb Code     0  startup_stm32f30x.o(.text)
    TIM4_IRQHandler                          0x080001b7   Thumb Code     0  startup_stm32f30x.o(.text)
    TIM6_DAC_IRQHandler                      0x080001b7   Thumb Code     0  startup_stm32f30x.o(.text)
    TIM7_IRQHandler                          0x080001b7   Thumb Code     0  startup_stm32f30x.o(.text)
    TIM8_BRK_IRQHandler                      0x080001b7   Thumb Code     0  startup_stm32f30x.o(.text)
    TIM8_CC_IRQHandler                       0x080001b7   Thumb Code     0  startup_stm32f30x.o(.text)
    TIM8_TRG_COM_IRQHandler                  0x080001b7   Thumb Code     0  startup_stm32f30x.o(.text)
    TIM8_UP_IRQHandler                       0x080001b7   Thumb Code     0  startup_stm32f30x.o(.text)
    UART4_IRQHandler                         0x080001b7   Thumb Code     0  startup_stm32f30x.o(.text)
    UART5_IRQHandler                         0x080001b7   Thumb Code     0  startup_stm32f30x.o(.text)
    USART1_IRQHandler                        0x080001b7   Thumb Code     0  startup_stm32f30x.o(.text)
    USART2_IRQHandler                        0x080001b7   Thumb Code     0  startup_stm32f30x.o(.text)
    USART3_IRQHandler                        0x080001b7   Thumb Code     0  startup_stm32f30x.o(.text)
    USBWakeUp_RMP_IRQHandler                 0x080001b7   Thumb Code     0  startup_stm32f30x.o(.text)
    USB_HP_CAN1_TX_IRQHandler                0x080001b7   Thumb Code     0  startup_stm32f30x.o(.text)
    USB_HP_IRQHandler                        0x080001b7   Thumb Code     0  startup_stm32f30x.o(.text)
    USB_LP_IRQHandler                        0x080001b7   Thumb Code     0  startup_stm32f30x.o(.text)
    WWDG_IRQHandler                          0x080001b7   Thumb Code     0  startup_stm32f30x.o(.text)
    __scatterload                            0x080001c1   Thumb Code    28  init.o(.text)
    __scatterload_rt2                        0x080001c1   Thumb Code     0  init.o(.text)
    __decompress                             0x080001e5   Thumb Code     0  __dczerorl2.o(.text)
    __decompress1                            0x080001e5   Thumb Code    86  __dczerorl2.o(.text)
    ADC30x_Configuration                     0x0800023d   Thumb Code   290  hw_config.o(i.ADC30x_Configuration)
    ADC_Cmd                                  0x0800036d   Thumb Code    20  stm32f30x_adc.o(i.ADC_Cmd)
    ADC_CommonInit                           0x08000381   Thumb Code    72  stm32f30x_adc.o(i.ADC_CommonInit)
    ADC_DMACmd                               0x080003d5   Thumb Code    20  stm32f30x_adc.o(i.ADC_DMACmd)
    ADC_DMAConfig                            0x080003e9   Thumb Code    16  stm32f30x_adc.o(i.ADC_DMAConfig)
    ADC_DeInit                               0x080003f9   Thumb Code    56  stm32f30x_adc.o(i.ADC_DeInit)
    ADC_GetCalibrationStatus                 0x0800043d   Thumb Code    14  stm32f30x_adc.o(i.ADC_GetCalibrationStatus)
    ADC_GetCalibrationValue                  0x0800044b   Thumb Code     6  stm32f30x_adc.o(i.ADC_GetCalibrationValue)
    ADC_GetConversionValue                   0x08000451   Thumb Code     6  stm32f30x_adc.o(i.ADC_GetConversionValue)
    ADC_GetFlagStatus                        0x08000457   Thumb Code    14  stm32f30x_adc.o(i.ADC_GetFlagStatus)
    ADC_Init                                 0x08000465   Thumb Code    54  stm32f30x_adc.o(i.ADC_Init)
    ADC_RegularChannelConfig                 0x080004a1   Thumb Code   172  stm32f30x_adc.o(i.ADC_RegularChannelConfig)
    ADC_SelectCalibrationMode                0x0800054d   Thumb Code    16  stm32f30x_adc.o(i.ADC_SelectCalibrationMode)
    ADC_StartCalibration                     0x0800055d   Thumb Code    10  stm32f30x_adc.o(i.ADC_StartCalibration)
    ADC_StartConversion                      0x08000567   Thumb Code    10  stm32f30x_adc.o(i.ADC_StartConversion)
    ADC_StructInit                           0x08000571   Thumb Code    22  stm32f30x_adc.o(i.ADC_StructInit)
    ADC_VoltageRegulatorCmd                  0x08000587   Thumb Code    28  stm32f30x_adc.o(i.ADC_VoltageRegulatorCmd)
    BusFault_Handler                         0x080005a3   Thumb Code     2  stm32_it.o(i.BusFault_Handler)
    ByteSwap                                 0x080005a5   Thumb Code    10  usb_regs.o(i.ByteSwap)
    CTR_LP                                   0x080005b1   Thumb Code   318  usb_int.o(i.CTR_LP)
    ClearDTOG_RX                             0x0800070d   Thumb Code    36  usb_regs.o(i.ClearDTOG_RX)
    ClearDTOG_TX                             0x08000735   Thumb Code    36  usb_regs.o(i.ClearDTOG_TX)
    Clear_Status_Out                         0x0800075d   Thumb Code    28  usb_regs.o(i.Clear_Status_Out)
    CustomHID_Data_Setup                     0x0800077d   Thumb Code    96  usb_prop.o(i.CustomHID_Data_Setup)
    CustomHID_GetConfigDescriptor            0x080007f5   Thumb Code     6  usb_prop.o(i.CustomHID_GetConfigDescriptor)
    CustomHID_GetDeviceDescriptor            0x08000801   Thumb Code     6  usb_prop.o(i.CustomHID_GetDeviceDescriptor)
    CustomHID_GetHIDDescriptor               0x0800080d   Thumb Code     6  usb_prop.o(i.CustomHID_GetHIDDescriptor)
    CustomHID_GetProtocolValue               0x08000819   Thumb Code    18  usb_prop.o(i.CustomHID_GetProtocolValue)
    CustomHID_GetReportDescriptor            0x08000835   Thumb Code     6  usb_prop.o(i.CustomHID_GetReportDescriptor)
    CustomHID_GetStringDescriptor            0x08000841   Thumb Code    24  usb_prop.o(i.CustomHID_GetStringDescriptor)
    CustomHID_Get_Interface_Setting          0x08000861   Thumb Code    10  usb_prop.o(i.CustomHID_Get_Interface_Setting)
    CustomHID_NoData_Setup                   0x0800086d   Thumb Code    26  usb_prop.o(i.CustomHID_NoData_Setup)
    CustomHID_Reset                          0x0800088d   Thumb Code   160  usb_prop.o(i.CustomHID_Reset)
    CustomHID_SetConfiguration               0x0800093d   Thumb Code    24  usb_prop.o(i.CustomHID_SetConfiguration)
    CustomHID_SetDeviceAddress               0x0800095d   Thumb Code     8  usb_prop.o(i.CustomHID_SetDeviceAddress)
    CustomHID_SetProtocol                    0x08000969   Thumb Code    14  usb_prop.o(i.CustomHID_SetProtocol)
    CustomHID_SetReport_Feature              0x08000981   Thumb Code    18  usb_prop.o(i.CustomHID_SetReport_Feature)
    CustomHID_Status_In                      0x0800099d   Thumb Code    96  usb_prop.o(i.CustomHID_Status_In)
    CustomHID_Status_Out                     0x08000a01   Thumb Code     2  usb_prop.o(i.CustomHID_Status_Out)
    CustomHID_init                           0x08000a05   Thumb Code    28  usb_prop.o(i.CustomHID_init)
    DMA1_Channel1_IRQHandler                 0x08000a29   Thumb Code    76  stm32_it.o(i.DMA1_Channel1_IRQHandler)
    DMA_ClearFlag                            0x08000a89   Thumb Code    16  stm32f30x_dma.o(i.DMA_ClearFlag)
    DMA_Cmd                                  0x08000aa1   Thumb Code    22  stm32f30x_dma.o(i.DMA_Cmd)
    DMA_DeInit                               0x08000ab9   Thumb Code   218  stm32f30x_dma.o(i.DMA_DeInit)
    DMA_ITConfig                             0x08000b9d   Thumb Code    16  stm32f30x_dma.o(i.DMA_ITConfig)
    DMA_Init                                 0x08000bad   Thumb Code    58  stm32f30x_dma.o(i.DMA_Init)
    DebugMon_Handler                         0x08000edd   Thumb Code     2  stm32_it.o(i.DebugMon_Handler)
    EP1_IN_Callback                          0x08000ee1   Thumb Code     8  usb_endp.o(i.EP1_IN_Callback)
    EP1_OUT_Callback                         0x08000eed   Thumb Code   112  usb_endp.o(i.EP1_OUT_Callback)
    EXTI9_5_IRQHandler                       0x08000f61   Thumb Code    78  stm32_it.o(i.EXTI9_5_IRQHandler)
    EXTI_ClearITPendingBit                   0x08000fbd   Thumb Code    22  stm32f30x_exti.o(i.EXTI_ClearITPendingBit)
    EXTI_Configuration                       0x08000fd9   Thumb Code    64  hw_config.o(i.EXTI_Configuration)
    EXTI_GetITStatus                         0x08001019   Thumb Code    44  stm32f30x_exti.o(i.EXTI_GetITStatus)
    EXTI_Init                                0x08001049   Thumb Code   240  stm32f30x_exti.o(i.EXTI_Init)
    GPIO_Configuration                       0x08001141   Thumb Code    32  hw_config.o(i.GPIO_Configuration)
    GPIO_Init                                0x08001165   Thumb Code   120  stm32f30x_gpio.o(i.GPIO_Init)
    GPIO_PinAFConfig                         0x080011dd   Thumb Code    32  stm32f30x_gpio.o(i.GPIO_PinAFConfig)
    GPIO_ReadInputDataBit                    0x080011fd   Thumb Code    14  stm32f30x_gpio.o(i.GPIO_ReadInputDataBit)
    GPIO_ResetBits                           0x0800120b   Thumb Code     4  stm32f30x_gpio.o(i.GPIO_ResetBits)
    GPIO_SetBits                             0x0800120f   Thumb Code     4  stm32f30x_gpio.o(i.GPIO_SetBits)
    GetEPRxAddr                              0x08001215   Thumb Code    22  usb_regs.o(i.GetEPRxAddr)
    GetEPRxCount                             0x08001235   Thumb Code    24  usb_regs.o(i.GetEPRxCount)
    GetEPTxAddr                              0x08001255   Thumb Code    20  usb_regs.o(i.GetEPTxAddr)
    Get_SerialNum                            0x08001271   Thumb Code    44  hw_config.o(i.Get_SerialNum)
    HardFault_Handler                        0x080012a5   Thumb Code     2  stm32_it.o(i.HardFault_Handler)
    In0_Process                              0x080012a9   Thumb Code    80  usb_core.o(i.In0_Process)
    Leave_LowPowerMode                       0x0800133d   Thumb Code    30  hw_config.o(i.Leave_LowPowerMode)
    MemManage_Handler                        0x08001365   Thumb Code     2  stm32_it.o(i.MemManage_Handler)
    NMI_Handler                              0x08001367   Thumb Code     2  stm32_it.o(i.NMI_Handler)
    NOP_Process                              0x08001369   Thumb Code     2  usb_core.o(i.NOP_Process)
    NVIC_Init                                0x0800136d   Thumb Code    94  stm32f30x_misc.o(i.NVIC_Init)
    NVIC_PriorityGroupConfig                 0x080013d1   Thumb Code    10  stm32f30x_misc.o(i.NVIC_PriorityGroupConfig)
    Out0_Process                             0x080014b9   Thumb Code    62  usb_core.o(i.Out0_Process)
    PMAToUserBufferCopy                      0x08001501   Thumb Code    26  usb_mem.o(i.PMAToUserBufferCopy)
    PendSV_Handler                           0x08001521   Thumb Code     2  stm32_it.o(i.PendSV_Handler)
    Post0_Process                            0x08001525   Thumb Code    52  usb_core.o(i.Post0_Process)
    PowerOn                                  0x08001569   Thumb Code    36  usb_pwr.o(i.PowerOn)
    RCC_ADCCLKConfig                         0x08001595   Thumb Code    28  stm32f30x_rcc.o(i.RCC_ADCCLKConfig)
    RCC_AHBPeriphClockCmd                    0x080015b5   Thumb Code    18  stm32f30x_rcc.o(i.RCC_AHBPeriphClockCmd)
    RCC_AHBPeriphResetCmd                    0x080015cd   Thumb Code    18  stm32f30x_rcc.o(i.RCC_AHBPeriphResetCmd)
    RCC_APB1PeriphClockCmd                   0x080015e5   Thumb Code    18  stm32f30x_rcc.o(i.RCC_APB1PeriphClockCmd)
    RCC_APB2PeriphClockCmd                   0x080015fd   Thumb Code    18  stm32f30x_rcc.o(i.RCC_APB2PeriphClockCmd)
    RCC_USBCLKConfig                         0x08001615   Thumb Code     8  stm32f30x_rcc.o(i.RCC_USBCLKConfig)
    Resume                                   0x08001621   Thumb Code   140  usb_pwr.o(i.Resume)
    Resume_Init                              0x080016b5   Thumb Code    26  usb_pwr.o(i.Resume_Init)
    STM_EVAL_LEDInit                         0x080016d5   Thumb Code    72  stm32303c_eval.o(i.STM_EVAL_LEDInit)
    STM_EVAL_LEDOff                          0x08001725   Thumb Code    16  stm32303c_eval.o(i.STM_EVAL_LEDOff)
    STM_EVAL_LEDOn                           0x0800173d   Thumb Code    16  stm32303c_eval.o(i.STM_EVAL_LEDOn)
    STM_EVAL_PBGetState                      0x08001755   Thumb Code    26  stm32303c_eval.o(i.STM_EVAL_PBGetState)
    STM_EVAL_PBInit                          0x08001779   Thumb Code   160  stm32303c_eval.o(i.STM_EVAL_PBInit)
    SVC_Handler                              0x08001821   Thumb Code     2  stm32_it.o(i.SVC_Handler)
    SYSCFG_EXTILineConfig                    0x08001825   Thumb Code    34  stm32f30x_syscfg.o(i.SYSCFG_EXTILineConfig)
    SetBTABLE                                0x0800184d   Thumb Code    10  usb_regs.o(i.SetBTABLE)
    SetDeviceAddress                         0x0800185d   Thumb Code    58  usb_core.o(i.SetDeviceAddress)
    SetEPRxAddr                              0x080018a5   Thumb Code    24  usb_regs.o(i.SetEPRxAddr)
    SetEPRxCount                             0x080018c5   Thumb Code    54  usb_regs.o(i.SetEPRxCount)
    SetEPRxStatus                            0x08001905   Thumb Code    44  usb_regs.o(i.SetEPRxStatus)
    SetEPRxValid                             0x08001935   Thumb Code    32  usb_regs.o(i.SetEPRxValid)
    SetEPTxAddr                              0x08001959   Thumb Code    22  usb_regs.o(i.SetEPTxAddr)
    SetEPTxCount                             0x08001979   Thumb Code    20  usb_regs.o(i.SetEPTxCount)
    SetEPTxStatus                            0x08001995   Thumb Code    44  usb_regs.o(i.SetEPTxStatus)
    SetEPTxValid                             0x080019c5   Thumb Code    32  usb_regs.o(i.SetEPTxValid)
    SetEPType                                0x080019e9   Thumb Code    24  usb_regs.o(i.SetEPType)
    Set_System                               0x08001a99   Thumb Code   162  hw_config.o(i.Set_System)
    Set_USBClock                             0x08001b41   Thumb Code    20  hw_config.o(i.Set_USBClock)
    Setup0_Process                           0x08001b55   Thumb Code    92  usb_core.o(i.Setup0_Process)
    Standard_ClearFeature                    0x08001bbd   Thumb Code   232  usb_core.o(i.Standard_ClearFeature)
    Standard_GetConfiguration                0x08001cb9   Thumb Code    30  usb_core.o(i.Standard_GetConfiguration)
    Standard_GetDescriptorData               0x08001ce1   Thumb Code    24  usb_core.o(i.Standard_GetDescriptorData)
    Standard_GetInterface                    0x08001cfd   Thumb Code    30  usb_core.o(i.Standard_GetInterface)
    Standard_GetStatus                       0x08001d25   Thumb Code   130  usb_core.o(i.Standard_GetStatus)
    Standard_SetConfiguration                0x08001db9   Thumb Code    42  usb_core.o(i.Standard_SetConfiguration)
    Standard_SetDeviceFeature                0x08001df1   Thumb Code    26  usb_core.o(i.Standard_SetDeviceFeature)
    Standard_SetEndPointFeature              0x08001e15   Thumb Code   118  usb_core.o(i.Standard_SetEndPointFeature)
    Standard_SetInterface                    0x08001e9d   Thumb Code    60  usb_core.o(i.Standard_SetInterface)
    Suspend                                  0x08001ee5   Thumb Code   176  usb_pwr.o(i.Suspend)
    SysTick_Handler                          0x08001fa9   Thumb Code    10  stm32_it.o(i.SysTick_Handler)
    SystemInit                               0x08001fb9   Thumb Code    90  system_stm32f30x.o(i.SystemInit)
    USBWakeUp_IRQHandler                     0x08002029   Thumb Code     6  stm32_it.o(i.USBWakeUp_IRQHandler)
    USB_Cable_Config                         0x08002031   Thumb Code    20  hw_config.o(i.USB_Cable_Config)
    USB_Init                                 0x08002049   Thumb Code    22  usb_init.o(i.USB_Init)
    USB_Interrupts_Config                    0x08002071   Thumb Code   110  hw_config.o(i.USB_Interrupts_Config)
    USB_Istr                                 0x080020e1   Thumb Code   302  usb_istr.o(i.USB_Istr)
    USB_LP_CAN1_RX0_IRQHandler               0x08002229   Thumb Code     4  stm32_it.o(i.USB_LP_CAN1_RX0_IRQHandler)
    USB_SIL_Init                             0x0800222d   Thumb Code    24  usb_sil.o(i.USB_SIL_Init)
    USB_SIL_Read                             0x0800224d   Thumb Code    36  usb_sil.o(i.USB_SIL_Read)
    USB_SIL_Write                            0x08002271   Thumb Code    38  usb_sil.o(i.USB_SIL_Write)
    UsageFault_Handler                       0x08002297   Thumb Code     2  stm32_it.o(i.UsageFault_Handler)
    UserToPMABufferCopy                      0x08002299   Thumb Code    38  usb_mem.o(i.UserToPMABufferCopy)
    __scatterload_copy                       0x080022c5   Thumb Code    14  handlers.o(i.__scatterload_copy)
    __scatterload_null                       0x080022d3   Thumb Code     2  handlers.o(i.__scatterload_null)
    __scatterload_zeroinit                   0x080022d5   Thumb Code    14  handlers.o(i.__scatterload_zeroinit)
    main                                     0x080022e3   Thumb Code    18  main.o(i.main)
    CustomHID_DeviceDescriptor               0x080022f4   Data          18  usb_desc.o(.constdata)
    CustomHID_ConfigDescriptor               0x08002306   Data          41  usb_desc.o(.constdata)
    CustomHID_ReportDescriptor               0x0800232f   Data         163  usb_desc.o(.constdata)
    CustomHID_StringLangID                   0x080023d2   Data           4  usb_desc.o(.constdata)
    CustomHID_StringVendor                   0x080023d6   Data          38  usb_desc.o(.constdata)
    CustomHID_StringProduct                  0x080023fc   Data          32  usb_desc.o(.constdata)
    COM_TX_AF                                0x0800241c   Data           1  stm32303c_eval.o(.constdata)
    COM_RX_AF                                0x0800241d   Data           1  stm32303c_eval.o(.constdata)
    COM_TX_PIN                               0x0800241e   Data           2  stm32303c_eval.o(.constdata)
    COM_RX_PIN                               0x08002420   Data           2  stm32303c_eval.o(.constdata)
    COM_TX_PIN_SOURCE                        0x08002422   Data           2  stm32303c_eval.o(.constdata)
    COM_RX_PIN_SOURCE                        0x08002424   Data           2  stm32303c_eval.o(.constdata)
    COM_USART_CLK                            0x08002428   Data           4  stm32303c_eval.o(.constdata)
    COM_TX_PORT_CLK                          0x0800242c   Data           4  stm32303c_eval.o(.constdata)
    COM_RX_PORT_CLK                          0x08002430   Data           4  stm32303c_eval.o(.constdata)
    BUTTON_PORT_SOURCE                       0x08002434   Data           6  stm32303c_eval.o(.constdata)
    BUTTON_PIN_SOURCE                        0x0800243a   Data           6  stm32303c_eval.o(.constdata)
    BUTTON_IRQn                              0x08002440   Data           6  stm32303c_eval.o(.constdata)
    GPIO_PIN                                 0x08002446   Data           8  stm32303c_eval.o(.constdata)
    GPIO_CLK                                 0x08002450   Data          16  stm32303c_eval.o(.constdata)
    BUTTON_PIN                               0x08002460   Data          12  stm32303c_eval.o(.constdata)
    BUTTON_CLK                               0x0800246c   Data          24  stm32303c_eval.o(.constdata)
    BUTTON_EXTI_LINE                         0x08002484   Data          12  stm32303c_eval.o(.constdata)
    Region$$Table$$Base                      0x08002490   Number         0  anon$$obj.o(Region$$Table)
    Region$$Table$$Limit                     0x080024b0   Number         0  anon$$obj.o(Region$$Table)
    calibration_value                        0x20000000   Data           2  hw_config.o(.data)
    ADC_ConvertedValueX                      0x20000004   Data           4  hw_config.o(.data)
    ADC_ConvertedValueX_1                    0x20000008   Data           4  hw_config.o(.data)
    PrevXferComplete                         0x2000000c   Data           1  main.o(.data)
    TimingDelay                              0x20000010   Data           4  main.o(.data)
    CustomHID_StringSerial                   0x20000014   Data          26  usb_desc.o(.data)
    Receive_Buffer                           0x2000002e   Data           2  usb_endp.o(.data)
    bIntPackSOF                              0x20000030   Data           1  usb_istr.o(.data)
    wIstr                                    0x20000032   Data           2  usb_istr.o(.data)
    esof_counter                             0x20000034   Data           4  usb_istr.o(.data)
    wCNTR                                    0x20000038   Data           4  usb_istr.o(.data)
    pEpInt_IN                                0x2000003c   Data          28  usb_istr.o(.data)
    pEpInt_OUT                               0x20000058   Data          28  usb_istr.o(.data)
    Request                                  0x20000074   Data           1  usb_prop.o(.data)
    Report_Buf                               0x20000075   Data           2  usb_prop.o(.data)
    ProtocolValue                            0x20000078   Data           4  usb_prop.o(.data)
    Device_Descriptor                        0x2000007c   Data           8  usb_prop.o(.data)
    Config_Descriptor                        0x20000084   Data           8  usb_prop.o(.data)
    CustomHID_Report_Descriptor              0x2000008c   Data           8  usb_prop.o(.data)
    CustomHID_Hid_Descriptor                 0x20000094   Data           8  usb_prop.o(.data)
    Device_Property                          0x2000009c   Data          48  usb_prop.o(.data)
    String_Descriptor                        0x200000cc   Data          32  usb_prop.o(.data)
    Device_Table                             0x200000ec   Data           2  usb_prop.o(.data)
    User_Standard_Requests                   0x200000f0   Data          36  usb_prop.o(.data)
    bDeviceState                             0x20000114   Data           4  usb_pwr.o(.data)
    fSuspendEnabled                          0x20000118   Data           1  usb_pwr.o(.data)
    ResumeS                                  0x2000011c   Data           2  usb_pwr.o(.data)
    remotewakeupon                           0x20000120   Data           4  usb_pwr.o(.data)
    Send_Buffer                              0x20000124   Data           2  stm32_it.o(.data)
    EPindex                                  0x20000126   Data           1  usb_init.o(.data)
    pInformation                             0x20000128   Data           4  usb_init.o(.data)
    pProperty                                0x2000012c   Data           4  usb_init.o(.data)
    pUser_Standard_Requests                  0x20000130   Data           4  usb_init.o(.data)
    wInterrupt_Mask                          0x20000134   Data           2  usb_init.o(.data)
    SaveRState                               0x20000136   Data           2  usb_int.o(.data)
    SaveTState                               0x20000138   Data           2  usb_int.o(.data)
    Data_Mul_MaxPacketSize                   0x2000013a   Data           1  usb_core.o(.data)
    StatusInfo                               0x2000013c   Data           2  usb_core.o(.data)
    COM_USART                                0x20000140   Data           4  stm32303c_eval.o(.data)
    COM_TX_PORT                              0x20000144   Data           4  stm32303c_eval.o(.data)
    COM_RX_PORT                              0x20000148   Data           4  stm32303c_eval.o(.data)
    GPIO_PORT                                0x2000014c   Data          16  stm32303c_eval.o(.data)
    BUTTON_PORT                              0x2000015c   Data          24  stm32303c_eval.o(.data)
    EP                                       0x20000174   Data          32  usb_pwr.o(.bss)
    Device_Info                              0x20000194   Data          28  usb_init.o(.bss)
    __initial_sp                             0x200005b0   Data           0  startup_stm32f30x.o(STACK)



==============================================================================

Memory Map of the image

  Image Entry point : 0x08000189

  Load Region LR_IROM1 (Base: 0x08000000, Size: 0x00002624, Max: 0x00040000, ABSOLUTE, COMPRESSED[0x00002544])

    Execution Region ER_IROM1 (Base: 0x08000000, Size: 0x000024b0, Max: 0x00040000, ABSOLUTE)

    Base Addr    Size         Type   Attr      Idx    E Section Name        Object

    0x08000000   0x00000188   Data   RO          709    RESET               startup_stm32f30x.o
    0x08000188   0x00000000   Code   RO         4305  * .ARM.Collect$$$$00000000  mc_w.l(entry.o)
    0x08000188   0x00000004   Code   RO         4308    .ARM.Collect$$$$00000001  mc_w.l(entry2.o)
    0x0800018c   0x00000004   Code   RO         4311    .ARM.Collect$$$$00000004  mc_w.l(entry5.o)
    0x08000190   0x00000000   Code   RO         4313    .ARM.Collect$$$$00000008  mc_w.l(entry7b.o)
    0x08000190   0x00000000   Code   RO         4315    .ARM.Collect$$$$0000000A  mc_w.l(entry8b.o)
    0x08000190   0x00000008   Code   RO         4316    .ARM.Collect$$$$0000000B  mc_w.l(entry9a.o)
    0x08000198   0x00000000   Code   RO         4318    .ARM.Collect$$$$0000000D  mc_w.l(entry10a.o)
    0x08000198   0x00000000   Code   RO         4320    .ARM.Collect$$$$0000000F  mc_w.l(entry11a.o)
    0x08000198   0x00000004   Code   RO         4309    .ARM.Collect$$$$00002712  mc_w.l(entry2.o)
    0x0800019c   0x00000024   Code   RO          710    .text               startup_stm32f30x.o
    0x080001c0   0x00000024   Code   RO         4322    .text               mc_w.l(init.o)
    0x080001e4   0x00000056   Code   RO         4332    .text               mc_w.l(__dczerorl2.o)
    0x0800023a   0x00000002   PAD
    0x0800023c   0x00000130   Code   RO            4    i.ADC30x_Configuration  hw_config.o
    0x0800036c   0x00000014   Code   RO         1382    i.ADC_Cmd           stm32f30x_adc.o
    0x08000380   0x00000054   Code   RO         1383    i.ADC_CommonInit    stm32f30x_adc.o
    0x080003d4   0x00000014   Code   RO         1385    i.ADC_DMACmd        stm32f30x_adc.o
    0x080003e8   0x00000010   Code   RO         1386    i.ADC_DMAConfig     stm32f30x_adc.o
    0x080003f8   0x00000044   Code   RO         1387    i.ADC_DeInit        stm32f30x_adc.o
    0x0800043c   0x0000000e   Code   RO         1392    i.ADC_GetCalibrationStatus  stm32f30x_adc.o
    0x0800044a   0x00000006   Code   RO         1393    i.ADC_GetCalibrationValue  stm32f30x_adc.o
    0x08000450   0x00000006   Code   RO         1395    i.ADC_GetConversionValue  stm32f30x_adc.o
    0x08000456   0x0000000e   Code   RO         1398    i.ADC_GetFlagStatus  stm32f30x_adc.o
    0x08000464   0x0000003c   Code   RO         1404    i.ADC_Init          stm32f30x_adc.o
    0x080004a0   0x000000ac   Code   RO         1409    i.ADC_RegularChannelConfig  stm32f30x_adc.o
    0x0800054c   0x00000010   Code   RO         1411    i.ADC_SelectCalibrationMode  stm32f30x_adc.o
    0x0800055c   0x0000000a   Code   RO         1419    i.ADC_StartCalibration  stm32f30x_adc.o
    0x08000566   0x0000000a   Code   RO         1420    i.ADC_StartConversion  stm32f30x_adc.o
    0x08000570   0x00000016   Code   RO         1424    i.ADC_StructInit    stm32f30x_adc.o
    0x08000586   0x0000001c   Code   RO         1427    i.ADC_VoltageRegulatorCmd  stm32f30x_adc.o
    0x080005a2   0x00000002   Code   RO          566    i.BusFault_Handler  stm32_it.o
    0x080005a4   0x0000000a   Code   RO          827    i.ByteSwap          usb_regs.o
    0x080005ae   0x00000002   PAD
    0x080005b0   0x0000015c   Code   RO          756    i.CTR_LP            usb_int.o
    0x0800070c   0x00000028   Code   RO          828    i.ClearDTOG_RX      usb_regs.o
    0x08000734   0x00000028   Code   RO          829    i.ClearDTOG_TX      usb_regs.o
    0x0800075c   0x00000020   Code   RO          834    i.Clear_Status_Out  usb_regs.o
    0x0800077c   0x00000078   Code   RO          375    i.CustomHID_Data_Setup  usb_prop.o
    0x080007f4   0x0000000c   Code   RO          376    i.CustomHID_GetConfigDescriptor  usb_prop.o
    0x08000800   0x0000000c   Code   RO          377    i.CustomHID_GetDeviceDescriptor  usb_prop.o
    0x0800080c   0x0000000c   Code   RO          378    i.CustomHID_GetHIDDescriptor  usb_prop.o
    0x08000818   0x0000001c   Code   RO          379    i.CustomHID_GetProtocolValue  usb_prop.o
    0x08000834   0x0000000c   Code   RO          380    i.CustomHID_GetReportDescriptor  usb_prop.o
    0x08000840   0x00000020   Code   RO          381    i.CustomHID_GetStringDescriptor  usb_prop.o
    0x08000860   0x0000000a   Code   RO          382    i.CustomHID_Get_Interface_Setting  usb_prop.o
    0x0800086a   0x00000002   PAD
    0x0800086c   0x00000020   Code   RO          383    i.CustomHID_NoData_Setup  usb_prop.o
    0x0800088c   0x000000b0   Code   RO          384    i.CustomHID_Reset   usb_prop.o
    0x0800093c   0x00000020   Code   RO          385    i.CustomHID_SetConfiguration  usb_prop.o
    0x0800095c   0x0000000c   Code   RO          386    i.CustomHID_SetDeviceAddress  usb_prop.o
    0x08000968   0x00000018   Code   RO          387    i.CustomHID_SetProtocol  usb_prop.o
    0x08000980   0x0000001c   Code   RO          388    i.CustomHID_SetReport_Feature  usb_prop.o
    0x0800099c   0x00000064   Code   RO          389    i.CustomHID_Status_In  usb_prop.o
    0x08000a00   0x00000002   Code   RO          390    i.CustomHID_Status_Out  usb_prop.o
    0x08000a02   0x00000002   PAD
    0x08000a04   0x00000024   Code   RO          391    i.CustomHID_init    usb_prop.o
    0x08000a28   0x00000060   Code   RO          567    i.DMA1_Channel1_IRQHandler  stm32_it.o
    0x08000a88   0x00000018   Code   RO         2151    i.DMA_ClearFlag     stm32f30x_dma.o
    0x08000aa0   0x00000016   Code   RO         2153    i.DMA_Cmd           stm32f30x_dma.o
    0x08000ab6   0x00000002   PAD
    0x08000ab8   0x000000e4   Code   RO         2154    i.DMA_DeInit        stm32f30x_dma.o
    0x08000b9c   0x00000010   Code   RO         2158    i.DMA_ITConfig      stm32f30x_dma.o
    0x08000bac   0x0000003a   Code   RO         2159    i.DMA_Init          stm32f30x_dma.o
    0x08000be6   0x00000002   PAD
    0x08000be8   0x000000b4   Code   RO         1199    i.DataStageIn       usb_core.o
    0x08000c9c   0x000000a4   Code   RO         1200    i.DataStageOut      usb_core.o
    0x08000d40   0x0000019c   Code   RO         1201    i.Data_Setup0       usb_core.o
    0x08000edc   0x00000002   Code   RO          568    i.DebugMon_Handler  stm32_it.o
    0x08000ede   0x00000002   PAD
    0x08000ee0   0x0000000c   Code   RO          303    i.EP1_IN_Callback   usb_endp.o
    0x08000eec   0x00000074   Code   RO          304    i.EP1_OUT_Callback  usb_endp.o
    0x08000f60   0x0000005c   Code   RO          569    i.EXTI9_5_IRQHandler  stm32_it.o
    0x08000fbc   0x0000001c   Code   RO         2236    i.EXTI_ClearITPendingBit  stm32f30x_exti.o
    0x08000fd8   0x00000040   Code   RO            5    i.EXTI_Configuration  hw_config.o
    0x08001018   0x00000030   Code   RO         2240    i.EXTI_GetITStatus  stm32f30x_exti.o
    0x08001048   0x000000f8   Code   RO         2241    i.EXTI_Init         stm32f30x_exti.o
    0x08001140   0x00000024   Code   RO            7    i.GPIO_Configuration  hw_config.o
    0x08001164   0x00000078   Code   RO         2493    i.GPIO_Init         stm32f30x_gpio.o
    0x080011dc   0x00000020   Code   RO         2494    i.GPIO_PinAFConfig  stm32f30x_gpio.o
    0x080011fc   0x0000000e   Code   RO         2497    i.GPIO_ReadInputDataBit  stm32f30x_gpio.o
    0x0800120a   0x00000004   Code   RO         2500    i.GPIO_ResetBits    stm32f30x_gpio.o
    0x0800120e   0x00000004   Code   RO         2501    i.GPIO_SetBits      stm32f30x_gpio.o
    0x08001212   0x00000002   PAD
    0x08001214   0x00000020   Code   RO          846    i.GetEPRxAddr       usb_regs.o
    0x08001234   0x00000020   Code   RO          847    i.GetEPRxCount      usb_regs.o
    0x08001254   0x0000001c   Code   RO          849    i.GetEPTxAddr       usb_regs.o
    0x08001270   0x00000034   Code   RO            8    i.Get_SerialNum     hw_config.o
    0x080012a4   0x00000002   Code   RO          570    i.HardFault_Handler  stm32_it.o
    0x080012a6   0x00000002   PAD
    0x080012a8   0x0000005c   Code   RO         1202    i.In0_Process       usb_core.o
    0x08001304   0x00000038   Code   RO            9    i.IntToUnicode      hw_config.o
    0x0800133c   0x00000028   Code   RO           10    i.Leave_LowPowerMode  hw_config.o
    0x08001364   0x00000002   Code   RO          571    i.MemManage_Handler  stm32_it.o
    0x08001366   0x00000002   Code   RO          572    i.NMI_Handler       stm32_it.o
    0x08001368   0x00000002   Code   RO         1203    i.NOP_Process       usb_core.o
    0x0800136a   0x00000002   PAD
    0x0800136c   0x00000064   Code   RO         2858    i.NVIC_Init         stm32f30x_misc.o
    0x080013d0   0x00000014   Code   RO         2859    i.NVIC_PriorityGroupConfig  stm32f30x_misc.o
    0x080013e4   0x000000d4   Code   RO         1204    i.NoData_Setup0     usb_core.o
    0x080014b8   0x00000048   Code   RO         1205    i.Out0_Process      usb_core.o
    0x08001500   0x00000020   Code   RO          797    i.PMAToUserBufferCopy  usb_mem.o
    0x08001520   0x00000002   Code   RO          573    i.PendSV_Handler    stm32_it.o
    0x08001522   0x00000002   PAD
    0x08001524   0x00000044   Code   RO         1206    i.Post0_Process     usb_core.o
    0x08001568   0x0000002c   Code   RO          510    i.PowerOn           usb_pwr.o
    0x08001594   0x00000020   Code   RO         2984    i.RCC_ADCCLKConfig  stm32f30x_rcc.o
    0x080015b4   0x00000018   Code   RO         2985    i.RCC_AHBPeriphClockCmd  stm32f30x_rcc.o
    0x080015cc   0x00000018   Code   RO         2986    i.RCC_AHBPeriphResetCmd  stm32f30x_rcc.o
    0x080015e4   0x00000018   Code   RO         2987    i.RCC_APB1PeriphClockCmd  stm32f30x_rcc.o
    0x080015fc   0x00000018   Code   RO         2989    i.RCC_APB2PeriphClockCmd  stm32f30x_rcc.o
    0x08001614   0x0000000c   Code   RO         3021    i.RCC_USBCLKConfig  stm32f30x_rcc.o
    0x08001620   0x00000094   Code   RO          511    i.Resume            usb_pwr.o
    0x080016b4   0x00000020   Code   RO          512    i.Resume_Init       usb_pwr.o
    0x080016d4   0x00000050   Code   RO         4199    i.STM_EVAL_LEDInit  stm32303c_eval.o
    0x08001724   0x00000018   Code   RO         4200    i.STM_EVAL_LEDOff   stm32303c_eval.o
    0x0800173c   0x00000018   Code   RO         4201    i.STM_EVAL_LEDOn    stm32303c_eval.o
    0x08001754   0x00000024   Code   RO         4203    i.STM_EVAL_PBGetState  stm32303c_eval.o
    0x08001778   0x000000a8   Code   RO         4204    i.STM_EVAL_PBInit   stm32303c_eval.o
    0x08001820   0x00000002   Code   RO          574    i.SVC_Handler       stm32_it.o
    0x08001822   0x00000002   PAD
    0x08001824   0x00000028   Code   RO         3787    i.SYSCFG_EXTILineConfig  stm32f30x_syscfg.o
    0x0800184c   0x00000010   Code   RO          857    i.SetBTABLE         usb_regs.o
    0x0800185c   0x00000048   Code   RO         1207    i.SetDeviceAddress  usb_core.o
    0x080018a4   0x00000020   Code   RO          871    i.SetEPRxAddr       usb_regs.o
    0x080018c4   0x00000040   Code   RO          872    i.SetEPRxCount      usb_regs.o
    0x08001904   0x00000030   Code   RO          873    i.SetEPRxStatus     usb_regs.o
    0x08001934   0x00000024   Code   RO          874    i.SetEPRxValid      usb_regs.o
    0x08001958   0x00000020   Code   RO          875    i.SetEPTxAddr       usb_regs.o
    0x08001978   0x0000001c   Code   RO          876    i.SetEPTxCount      usb_regs.o
    0x08001994   0x00000030   Code   RO          877    i.SetEPTxStatus     usb_regs.o
    0x080019c4   0x00000024   Code   RO          878    i.SetEPTxValid      usb_regs.o
    0x080019e8   0x0000001c   Code   RO          879    i.SetEPType         usb_regs.o
    0x08001a04   0x00000094   Code   RO          669    i.SetSysClock       system_stm32f30x.o
    0x08001a98   0x000000a8   Code   RO           11    i.Set_System        hw_config.o
    0x08001b40   0x00000014   Code   RO           12    i.Set_USBClock      hw_config.o
    0x08001b54   0x00000068   Code   RO         1208    i.Setup0_Process    usb_core.o
    0x08001bbc   0x000000fc   Code   RO         1209    i.Standard_ClearFeature  usb_core.o
    0x08001cb8   0x00000028   Code   RO         1210    i.Standard_GetConfiguration  usb_core.o
    0x08001ce0   0x0000001c   Code   RO         1211    i.Standard_GetDescriptorData  usb_core.o
    0x08001cfc   0x00000028   Code   RO         1212    i.Standard_GetInterface  usb_core.o
    0x08001d24   0x00000094   Code   RO         1213    i.Standard_GetStatus  usb_core.o
    0x08001db8   0x00000038   Code   RO         1214    i.Standard_SetConfiguration  usb_core.o
    0x08001df0   0x00000024   Code   RO         1215    i.Standard_SetDeviceFeature  usb_core.o
    0x08001e14   0x00000088   Code   RO         1216    i.Standard_SetEndPointFeature  usb_core.o
    0x08001e9c   0x00000048   Code   RO         1217    i.Standard_SetInterface  usb_core.o
    0x08001ee4   0x000000c4   Code   RO          513    i.Suspend           usb_pwr.o
    0x08001fa8   0x00000010   Code   RO          575    i.SysTick_Handler   stm32_it.o
    0x08001fb8   0x00000070   Code   RO          671    i.SystemInit        system_stm32f30x.o
    0x08002028   0x00000006   Code   RO          576    i.USBWakeUp_IRQHandler  stm32_it.o
    0x0800202e   0x00000002   PAD
    0x08002030   0x00000018   Code   RO           13    i.USB_Cable_Config  hw_config.o
    0x08002048   0x00000028   Code   RO          717    i.USB_Init          usb_init.o
    0x08002070   0x0000006e   Code   RO           14    i.USB_Interrupts_Config  hw_config.o
    0x080020de   0x00000002   PAD
    0x080020e0   0x00000148   Code   RO          340    i.USB_Istr          usb_istr.o
    0x08002228   0x00000004   Code   RO          577    i.USB_LP_CAN1_RX0_IRQHandler  stm32_it.o
    0x0800222c   0x00000020   Code   RO         1330    i.USB_SIL_Init      usb_sil.o
    0x0800224c   0x00000024   Code   RO         1331    i.USB_SIL_Read      usb_sil.o
    0x08002270   0x00000026   Code   RO         1332    i.USB_SIL_Write     usb_sil.o
    0x08002296   0x00000002   Code   RO          578    i.UsageFault_Handler  stm32_it.o
    0x08002298   0x0000002c   Code   RO          798    i.UserToPMABufferCopy  usb_mem.o
    0x080022c4   0x0000000e   Code   RO         4326    i.__scatterload_copy  mc_w.l(handlers.o)
    0x080022d2   0x00000002   Code   RO         4327    i.__scatterload_null  mc_w.l(handlers.o)
    0x080022d4   0x0000000e   Code   RO         4328    i.__scatterload_zeroinit  mc_w.l(handlers.o)
    0x080022e2   0x00000012   Code   RO          240    i.main              main.o
    0x080022f4   0x00000012   Data   RO          273    .constdata          usb_desc.o
    0x08002306   0x00000029   Data   RO          274    .constdata          usb_desc.o
    0x0800232f   0x000000a3   Data   RO          275    .constdata          usb_desc.o
    0x080023d2   0x00000004   Data   RO          276    .constdata          usb_desc.o
    0x080023d6   0x00000026   Data   RO          277    .constdata          usb_desc.o
    0x080023fc   0x00000020   Data   RO          278    .constdata          usb_desc.o
    0x0800241c   0x00000074   Data   RO         4211    .constdata          stm32303c_eval.o
    0x08002490   0x00000020   Data   RO         4324    Region$$Table       anon$$obj.o


    Execution Region RW_IRAM2 (Base: 0x10000000, Size: 0x00000000, Max: 0x00002000, ABSOLUTE)

    **** No section assigned to this execution region ****


    Execution Region RW_IRAM1 (Base: 0x20000000, Size: 0x000005b0, Max: 0x0000c000, ABSOLUTE, COMPRESSED[0x00000094])

    Base Addr    Size         Type   Attr      Idx    E Section Name        Object

    0x20000000   0x00000008   Data   RW           15    .data               hw_config.o
    0x20000008   0x00000004   Data   RW           16    .data               hw_config.o
    0x2000000c   0x00000001   Data   RW          241    .data               main.o
    0x2000000d   0x00000003   PAD
    0x20000010   0x00000004   Data   RW          242    .data               main.o
    0x20000014   0x0000001a   Data   RW          279    .data               usb_desc.o
    0x2000002e   0x00000002   Data   RW          305    .data               usb_endp.o
    0x20000030   0x0000000c   Data   RW          341    .data               usb_istr.o
    0x2000003c   0x0000001c   Data   RW          342    .data               usb_istr.o
    0x20000058   0x0000001c   Data   RW          343    .data               usb_istr.o
    0x20000074   0x00000078   Data   RW          392    .data               usb_prop.o
    0x200000ec   0x00000002   Data   RW          393    .data               usb_prop.o
    0x200000ee   0x00000002   PAD
    0x200000f0   0x00000024   Data   RW          394    .data               usb_prop.o
    0x20000114   0x00000004   Data   RW          515    .data               usb_pwr.o
    0x20000118   0x00000001   Data   RW          516    .data               usb_pwr.o
    0x20000119   0x00000003   PAD
    0x2000011c   0x00000008   Data   RW          517    .data               usb_pwr.o
    0x20000124   0x00000002   Data   RW          579    .data               stm32_it.o
    0x20000126   0x00000001   Data   RW          719    .data               usb_init.o
    0x20000127   0x00000001   PAD
    0x20000128   0x0000000c   Data   RW          720    .data               usb_init.o
    0x20000134   0x00000002   Data   RW          722    .data               usb_init.o
    0x20000136   0x00000004   Data   RW          757    .data               usb_int.o
    0x2000013a   0x00000004   Data   RW         1218    .data               usb_core.o
    0x2000013e   0x00000002   PAD
    0x20000140   0x00000034   Data   RW         4212    .data               stm32303c_eval.o
    0x20000174   0x00000020   Zero   RW          514    .bss                usb_pwr.o
    0x20000194   0x0000001c   Zero   RW          718    .bss                usb_init.o
    0x200001b0   0x00000400   Zero   RW          707    STACK               startup_stm32f30x.o


==============================================================================

Image component sizes


      Code (inc. data)   RO Data    RW Data    ZI Data      Debug   Object Name

       874         46          0         12          0     259812   hw_config.o
        18          0          0          5          0       1226   main.o
        36          8        392          0       1024        988   startup_stm32f30x.o
       332         42        116         52          0       5414   stm32303c_eval.o
       230         40          0          2          0       7701   stm32_it.o
       566         30          0          0          0      12237   stm32f30x_adc.o
       348         18          0          0          0       5481   stm32f30x_dma.o
       324         18          0          0          0       2768   stm32f30x_exti.o
       174          0          0          0          0       4275   stm32f30x_gpio.o
       120         16          0          0          0       1959   stm32f30x_misc.o
       140         32          0          0          0       4216   stm32f30x_rcc.o
        40          6          0          0          0        792   stm32f30x_syscfg.o
       260         30          0          0          0       1677   system_stm32f30x.o
      2186        284          0          4          0      17331   usb_core.o
         0          0        296         26          0       1132   usb_desc.o
       128          8          0          2          0       1921   usb_endp.o
        40         18          0         15         28       4438   usb_init.o
       348         30          0          4          0       1964   usb_int.o
       328         26          0         68          0       1735   usb_istr.o
        76         12          0          0          0       2136   usb_mem.o
       680        132          0        158          0      14462   usb_prop.o
       420         48          0         13         32       4092   usb_pwr.o
       582        100          0          0          0      11853   usb_regs.o
       106          8          0          0          0       2606   usb_sil.o

    ----------------------------------------------------------------------
      8382        952        836        372       1084     372216   Object Totals
         0          0         32          0          0          0   (incl. Generated)
        26          0          0         11          0          0   (incl. Padding)

    ----------------------------------------------------------------------

      Code (inc. data)   RO Data    RW Data    ZI Data      Debug   Library Member Name

        86          0          0          0          0          0   __dczerorl2.o
         0          0          0          0          0          0   entry.o
         0          0          0          0          0          0   entry10a.o
         0          0          0          0          0          0   entry11a.o
         8          4          0          0          0          0   entry2.o
         4          0          0          0          0          0   entry5.o
         0          0          0          0          0          0   entry7b.o
         0          0          0          0          0          0   entry8b.o
         8          4          0          0          0          0   entry9a.o
        30          0          0          0          0          0   handlers.o
        36          8          0          0          0         68   init.o

    ----------------------------------------------------------------------
       174         16          0          0          0         68   Library Totals
         2          0          0          0          0          0   (incl. Padding)

    ----------------------------------------------------------------------

      Code (inc. data)   RO Data    RW Data    ZI Data      Debug   Library Name

       172         16          0          0          0         68   mc_w.l

    ----------------------------------------------------------------------
       174         16          0          0          0         68   Library Totals

    ----------------------------------------------------------------------

==============================================================================


      Code (inc. data)   RO Data    RW Data    ZI Data      Debug   

      8556        968        836        372       1084     359768   Grand Totals
      8556        968        836        148       1084     359768   ELF Image Totals (compressed)
      8556        968        836        148          0          0   ROM Totals

==============================================================================

    Total RO  Size (Code + RO Data)                 9392 (   9.17kB)
    Total RW  Size (RW Data + ZI Data)              1456 (   1.42kB)
    Total ROM Size (Code + RO Data + RW Data)       9540 (   9.32kB)

==============================================================================

