Component: ARM Compiler 5.06 update 4 (build 422) Tool: armlink [4d35d2]

==============================================================================

Section Cross References

    hw_config.o(i.ADC_Configuration) refers to stm32f10x_rcc.o(i.RCC_AHBPeriphClockCmd) for RCC_AHBPeriphClockCmd
    hw_config.o(i.ADC_Configuration) refers to stm32f10x_rcc.o(i.RCC_APB2PeriphClockCmd) for RCC_APB2PeriphClockCmd
    hw_config.o(i.ADC_Configuration) refers to stm32f10x_dma.o(i.DMA_DeInit) for DMA_DeInit
    hw_config.o(i.ADC_Configuration) refers to stm32f10x_dma.o(i.DMA_Init) for DMA_Init
    hw_config.o(i.ADC_Configuration) refers to stm32f10x_dma.o(i.DMA_Cmd) for DMA_Cmd
    hw_config.o(i.ADC_Configuration) refers to stm32f10x_dma.o(i.DMA_ITConfig) for DMA_ITConfig
    hw_config.o(i.ADC_Configuration) refers to stm32f10x_adc.o(i.ADC_Init) for ADC_Init
    hw_config.o(i.ADC_Configuration) refers to stm32f10x_adc.o(i.ADC_RegularChannelConfig) for ADC_RegularChannelConfig
    hw_config.o(i.ADC_Configuration) refers to stm32f10x_adc.o(i.ADC_DMACmd) for ADC_DMACmd
    hw_config.o(i.ADC_Configuration) refers to stm32f10x_adc.o(i.ADC_Cmd) for ADC_Cmd
    hw_config.o(i.ADC_Configuration) refers to stm32f10x_adc.o(i.ADC_ResetCalibration) for ADC_ResetCalibration
    hw_config.o(i.ADC_Configuration) refers to stm32f10x_adc.o(i.ADC_GetResetCalibrationStatus) for ADC_GetResetCalibrationStatus
    hw_config.o(i.ADC_Configuration) refers to stm32f10x_adc.o(i.ADC_StartCalibration) for ADC_StartCalibration
    hw_config.o(i.ADC_Configuration) refers to stm32f10x_adc.o(i.ADC_GetCalibrationStatus) for ADC_GetCalibrationStatus
    hw_config.o(i.ADC_Configuration) refers to hw_config.o(.data) for .data
    hw_config.o(i.EXTI_Configuration) refers to stm32f10x_exti.o(i.EXTI_Init) for EXTI_Init
    hw_config.o(i.EXTI_Configuration) refers to stm32f10x_exti.o(i.EXTI_ClearITPendingBit) for EXTI_ClearITPendingBit
    hw_config.o(i.Enter_LowPowerMode) refers to usb_pwr.o(.data) for bDeviceState
    hw_config.o(i.GPIO_Configuration) refers to stm32f10x_rcc.o(i.RCC_APB2PeriphClockCmd) for RCC_APB2PeriphClockCmd
    hw_config.o(i.GPIO_Configuration) refers to stm32f10x_gpio.o(i.GPIO_Init) for GPIO_Init
    hw_config.o(i.Get_SerialNum) refers to hw_config.o(i.IntToUnicode) for IntToUnicode
    hw_config.o(i.Get_SerialNum) refers to usb_desc.o(.data) for CustomHID_StringSerial
    hw_config.o(i.Leave_LowPowerMode) refers to system_stm32f10x.o(i.SystemInit) for SystemInit
    hw_config.o(i.Leave_LowPowerMode) refers to usb_init.o(.bss) for Device_Info
    hw_config.o(i.Leave_LowPowerMode) refers to usb_pwr.o(.data) for bDeviceState
    hw_config.o(i.Set_System) refers to stm32f10x_rcc.o(i.RCC_APB2PeriphClockCmd) for RCC_APB2PeriphClockCmd
    hw_config.o(i.Set_System) refers to stm32f10x_rcc.o(i.RCC_ADCCLKConfig) for RCC_ADCCLKConfig
    hw_config.o(i.Set_System) refers to hw_config.o(i.GPIO_Configuration) for GPIO_Configuration
    hw_config.o(i.Set_System) refers to stm3210e_eval.o(i.STM_EVAL_PBInit) for STM_EVAL_PBInit
    hw_config.o(i.Set_System) refers to hw_config.o(i.EXTI_Configuration) for EXTI_Configuration
    hw_config.o(i.Set_System) refers to stm3210e_eval.o(i.STM_EVAL_LEDInit) for STM_EVAL_LEDInit
    hw_config.o(i.Set_System) refers to hw_config.o(i.ADC_Configuration) for ADC_Configuration
    hw_config.o(i.Set_USBClock) refers to stm32f10x_rcc.o(i.RCC_USBCLKConfig) for RCC_USBCLKConfig
    hw_config.o(i.Set_USBClock) refers to stm32f10x_rcc.o(i.RCC_APB1PeriphClockCmd) for RCC_APB1PeriphClockCmd
    hw_config.o(i.USB_Cable_Config) refers to stm32f10x_gpio.o(i.GPIO_ResetBits) for GPIO_ResetBits
    hw_config.o(i.USB_Cable_Config) refers to stm32f10x_gpio.o(i.GPIO_SetBits) for GPIO_SetBits
    hw_config.o(i.USB_Interrupts_Config) refers to misc.o(i.NVIC_PriorityGroupConfig) for NVIC_PriorityGroupConfig
    hw_config.o(i.USB_Interrupts_Config) refers to misc.o(i.NVIC_Init) for NVIC_Init
    main.o(i.Delay) refers to main.o(.data) for .data
    main.o(i.main) refers to hw_config.o(i.Set_System) for Set_System
    main.o(i.main) refers to hw_config.o(i.USB_Interrupts_Config) for USB_Interrupts_Config
    main.o(i.main) refers to hw_config.o(i.Set_USBClock) for Set_USBClock
    main.o(i.main) refers to usb_init.o(i.USB_Init) for USB_Init
    usb_endp.o(i.EP1_IN_Callback) refers to main.o(.data) for PrevXferComplete
    usb_endp.o(i.EP1_OUT_Callback) refers to usb_sil.o(i.USB_SIL_Read) for USB_SIL_Read
    usb_endp.o(i.EP1_OUT_Callback) refers to stm3210e_eval.o(i.STM_EVAL_LEDOff) for STM_EVAL_LEDOff
    usb_endp.o(i.EP1_OUT_Callback) refers to stm3210e_eval.o(i.STM_EVAL_LEDOn) for STM_EVAL_LEDOn
    usb_endp.o(i.EP1_OUT_Callback) refers to usb_regs.o(i.SetEPRxStatus) for SetEPRxStatus
    usb_endp.o(i.EP1_OUT_Callback) refers to usb_endp.o(.data) for .data
    usb_istr.o(i.USB_Istr) refers to usb_int.o(i.CTR_LP) for CTR_LP
    usb_istr.o(i.USB_Istr) refers to usb_pwr.o(i.Resume) for Resume
[...]
    Removing usb_regs.o(i.ToWord), (6 bytes).
    Removing usb_regs.o(i.ToggleDTOG_RX), (32 bytes).
    Removing usb_regs.o(i.ToggleDTOG_TX), (32 bytes).
    Removing usb_core.o(.rev16_text), (4 bytes).
    Removing usb_core.o(.revsh_text), (4 bytes).
    Removing usb_sil.o(.rev16_text), (4 bytes).
    Removing usb_sil.o(.revsh_text), (4 bytes).
    Removing stm32f10x_rcc.o(.rev16_text), (4 bytes).
    Removing stm32f10x_rcc.o(.revsh_text), (4 bytes).
    Removing stm32f10x_rcc.o(i.RCC_APB1PeriphResetCmd), (24 bytes).
    Removing stm32f10x_rcc.o(i.RCC_APB2PeriphResetCmd), (24 bytes).
    Removing stm32f10x_rcc.o(i.RCC_AdjustHSICalibrationValue), (20 bytes).
    Removing stm32f10x_rcc.o(i.RCC_BackupResetCmd), (12 bytes).
    Removing stm32f10x_rcc.o(i.RCC_ClearFlag), (16 bytes).
    Removing stm32f10x_rcc.o(i.RCC_ClearITPendingBit), (12 bytes).
    Removing stm32f10x_rcc.o(i.RCC_ClockSecuritySystemCmd), (12 bytes).
    Removing stm32f10x_rcc.o(i.RCC_DeInit), (64 bytes).
    Removing stm32f10x_rcc.o(i.RCC_GetClocksFreq), (144 bytes).
    Removing stm32f10x_rcc.o(i.RCC_GetFlagStatus), (48 bytes).
    Removing stm32f10x_rcc.o(i.RCC_GetITStatus), (20 bytes).
    Removing stm32f10x_rcc.o(i.RCC_GetSYSCLKSource), (16 bytes).
    Removing stm32f10x_rcc.o(i.RCC_HCLKConfig), (20 bytes).
    Removing stm32f10x_rcc.o(i.RCC_HSEConfig), (52 bytes).
    Removing stm32f10x_rcc.o(i.RCC_HSICmd), (12 bytes).
    Removing stm32f10x_rcc.o(i.RCC_ITConfig), (24 bytes).
    Removing stm32f10x_rcc.o(i.RCC_LSEConfig), (32 bytes).
    Removing stm32f10x_rcc.o(i.RCC_LSICmd), (12 bytes).
    Removing stm32f10x_rcc.o(i.RCC_MCOConfig), (12 bytes).
    Removing stm32f10x_rcc.o(i.RCC_PCLK1Config), (20 bytes).
    Removing stm32f10x_rcc.o(i.RCC_PCLK2Config), (20 bytes).
    Removing stm32f10x_rcc.o(i.RCC_PLLCmd), (12 bytes).
    Removing stm32f10x_rcc.o(i.RCC_PLLConfig), (20 bytes).
    Removing stm32f10x_rcc.o(i.RCC_RTCCLKCmd), (12 bytes).
    Removing stm32f10x_rcc.o(i.RCC_RTCCLKConfig), (16 bytes).
    Removing stm32f10x_rcc.o(i.RCC_SYSCLKConfig), (20 bytes).
    Removing stm32f10x_rcc.o(i.RCC_WaitForHSEStartUp), (44 bytes).
    Removing stm32f10x_rcc.o(.data), (20 bytes).
    Removing stm32f10x_gpio.o(.rev16_text), (4 bytes).
    Removing stm32f10x_gpio.o(.revsh_text), (4 bytes).
    Removing stm32f10x_gpio.o(i.GPIO_AFIODeInit), (22 bytes).
    Removing stm32f10x_gpio.o(i.GPIO_DeInit), (180 bytes).
    Removing stm32f10x_gpio.o(i.GPIO_ETH_MediaInterfaceConfig), (12 bytes).
    Removing stm32f10x_gpio.o(i.GPIO_EventOutputCmd), (12 bytes).
    Removing stm32f10x_gpio.o(i.GPIO_EventOutputConfig), (28 bytes).
    Removing stm32f10x_gpio.o(i.GPIO_PinLockConfig), (16 bytes).
    Removing stm32f10x_gpio.o(i.GPIO_PinRemapConfig), (88 bytes).
    Removing stm32f10x_gpio.o(i.GPIO_ReadInputData), (6 bytes).
    Removing stm32f10x_gpio.o(i.GPIO_ReadOutputData), (6 bytes).
    Removing stm32f10x_gpio.o(i.GPIO_ReadOutputDataBit), (14 bytes).
    Removing stm32f10x_gpio.o(i.GPIO_StructInit), (16 bytes).
    Removing stm32f10x_gpio.o(i.GPIO_Write), (4 bytes).
    Removing stm32f10x_gpio.o(i.GPIO_WriteBit), (10 bytes).
    Removing stm32f10x_adc.o(.rev16_text), (4 bytes).
    Removing stm32f10x_adc.o(.revsh_text), (4 bytes).
    Removing stm32f10x_adc.o(i.ADC_AnalogWatchdogCmd), (16 bytes).
    Removing stm32f10x_adc.o(i.ADC_AnalogWatchdogSingleChannelConfig), (12 bytes).
    Removing stm32f10x_adc.o(i.ADC_AnalogWatchdogThresholdsConfig), (6 bytes).
    Removing stm32f10x_adc.o(i.ADC_AutoInjectedConvCmd), (20 bytes).
    Removing stm32f10x_adc.o(i.ADC_ClearFlag), (6 bytes).
    Removing stm32f10x_adc.o(i.ADC_ClearITPendingBit), (8 bytes).
    Removing stm32f10x_adc.o(i.ADC_DeInit), (68 bytes).
    Removing stm32f10x_adc.o(i.ADC_DiscModeChannelCountConfig), (16 bytes).
    Removing stm32f10x_adc.o(i.ADC_DiscModeCmd), (20 bytes).
    Removing stm32f10x_adc.o(i.ADC_ExternalTrigConvCmd), (20 bytes).
    Removing stm32f10x_adc.o(i.ADC_ExternalTrigInjectedConvCmd), (20 bytes).
    Removing stm32f10x_adc.o(i.ADC_ExternalTrigInjectedConvConfig), (12 bytes).
    Removing stm32f10x_adc.o(i.ADC_GetConversionValue), (6 bytes).
    Removing stm32f10x_adc.o(i.ADC_GetDualModeConversionValue), (12 bytes).
    Removing stm32f10x_adc.o(i.ADC_GetFlagStatus), (14 bytes).
    Removing stm32f10x_adc.o(i.ADC_GetITStatus), (28 bytes).
    Removing stm32f10x_adc.o(i.ADC_GetInjectedConversionValue), (14 bytes).
    Removing stm32f10x_adc.o(i.ADC_GetSoftwareStartConvStatus), (14 bytes).
    Removing stm32f10x_adc.o(i.ADC_GetSoftwareStartInjectedConvCmdStatus), (14 bytes).
    Removing stm32f10x_adc.o(i.ADC_ITConfig), (18 bytes).
    Removing stm32f10x_adc.o(i.ADC_InjectedChannelConfig), (74 bytes).
    Removing stm32f10x_adc.o(i.ADC_InjectedDiscModeCmd), (20 bytes).
    Removing stm32f10x_adc.o(i.ADC_InjectedSequencerLengthConfig), (16 bytes).
    Removing stm32f10x_adc.o(i.ADC_SetInjectedOffset), (10 bytes).
    Removing stm32f10x_adc.o(i.ADC_SoftwareStartInjectedConvCmd), (20 bytes).
    Removing stm32f10x_adc.o(i.ADC_StructInit), (18 bytes).
    Removing stm32f10x_adc.o(i.ADC_TempSensorVrefintCmd), (28 bytes).
    Removing stm32f10x_dma.o(.rev16_text), (4 bytes).
    Removing stm32f10x_dma.o(.revsh_text), (4 bytes).
    Removing stm32f10x_dma.o(i.DMA_ClearITPendingBit), (24 bytes).
    Removing stm32f10x_dma.o(i.DMA_GetCurrDataCounter), (6 bytes).
    Removing stm32f10x_dma.o(i.DMA_GetFlagStatus), (32 bytes).
    Removing stm32f10x_dma.o(i.DMA_GetITStatus), (32 bytes).
    Removing stm32f10x_dma.o(i.DMA_SetCurrDataCounter), (4 bytes).
    Removing stm32f10x_dma.o(i.DMA_StructInit), (26 bytes).
    Removing stm32f10x_exti.o(.rev16_text), (4 bytes).
    Removing stm32f10x_exti.o(.revsh_text), (4 bytes).
    Removing stm32f10x_exti.o(i.EXTI_ClearFlag), (12 bytes).
    Removing stm32f10x_exti.o(i.EXTI_DeInit), (36 bytes).
    Removing stm32f10x_exti.o(i.EXTI_GenerateSWInterrupt), (16 bytes).
    Removing stm32f10x_exti.o(i.EXTI_GetFlagStatus), (20 bytes).
    Removing stm32f10x_exti.o(i.EXTI_StructInit), (14 bytes).
    Removing stm32f10x_flash.o(.rev16_text), (4 bytes).
    Removing stm32f10x_flash.o(.revsh_text), (4 bytes).
    Removing stm32f10x_flash.o(i.FLASH_ClearFlag), (12 bytes).
    Removing stm32f10x_flash.o(i.FLASH_EnableWriteProtection), (172 bytes).
    Removing stm32f10x_flash.o(i.FLASH_EraseAllBank1Pages), (56 bytes).
    Removing stm32f10x_flash.o(i.FLASH_EraseAllPages), (56 bytes).
    Removing stm32f10x_flash.o(i.FLASH_EraseOptionBytes), (124 bytes).
    Removing stm32f10x_flash.o(i.FLASH_ErasePage), (60 bytes).
    Removing stm32f10x_flash.o(i.FLASH_GetBank1Status), (40 bytes).
    Removing stm32f10x_flash.o(i.FLASH_GetFlagStatus), (32 bytes).
    Removing stm32f10x_flash.o(i.FLASH_GetPrefetchBufferStatus), (20 bytes).
    Removing stm32f10x_flash.o(i.FLASH_GetReadOutProtectionStatus), (20 bytes).
    Removing stm32f10x_flash.o(i.FLASH_GetStatus), (40 bytes).
    Removing stm32f10x_flash.o(i.FLASH_GetUserOptionByte), (12 bytes).
    Removing stm32f10x_flash.o(i.FLASH_GetWriteProtectionOptionByte), (12 bytes).
    Removing stm32f10x_flash.o(i.FLASH_HalfCycleAccessCmd), (24 bytes).
    Removing stm32f10x_flash.o(i.FLASH_ITConfig), (24 bytes).
    Removing stm32f10x_flash.o(i.FLASH_Lock), (16 bytes).
    Removing stm32f10x_flash.o(i.FLASH_LockBank1), (16 bytes).
    Removing stm32f10x_flash.o(i.FLASH_PrefetchBufferCmd), (24 bytes).
    Removing stm32f10x_flash.o(i.FLASH_ProgramHalfWord), (52 bytes).
    Removing stm32f10x_flash.o(i.FLASH_ProgramOptionByteData), (76 bytes).
    Removing stm32f10x_flash.o(i.FLASH_ProgramWord), (80 bytes).
    Removing stm32f10x_flash.o(i.FLASH_ReadOutProtection), (136 bytes).
    Removing stm32f10x_flash.o(i.FLASH_SetLatency), (20 bytes).
    Removing stm32f10x_flash.o(i.FLASH_Unlock), (24 bytes).
    Removing stm32f10x_flash.o(i.FLASH_UnlockBank1), (24 bytes).
    Removing stm32f10x_flash.o(i.FLASH_UserOptionByteConfig), (96 bytes).
    Removing stm32f10x_flash.o(i.FLASH_WaitForLastBank1Operation), (36 bytes).
    Removing stm32f10x_flash.o(i.FLASH_WaitForLastOperation), (36 bytes).
    Removing stm32f10x_usart.o(.rev16_text), (4 bytes).
    Removing stm32f10x_usart.o(.revsh_text), (4 bytes).
    Removing stm32f10x_usart.o(i.USART_ClearFlag), (6 bytes).
    Removing stm32f10x_usart.o(i.USART_ClearITPendingBit), (12 bytes).
    Removing stm32f10x_usart.o(i.USART_ClockInit), (30 bytes).
    Removing stm32f10x_usart.o(i.USART_ClockStructInit), (12 bytes).
    Removing stm32f10x_usart.o(i.USART_Cmd), (20 bytes).
    Removing stm32f10x_usart.o(i.USART_DMACmd), (16 bytes).
    Removing stm32f10x_usart.o(i.USART_DeInit), (116 bytes).
    Removing stm32f10x_usart.o(i.USART_GetFlagStatus), (14 bytes).
    Removing stm32f10x_usart.o(i.USART_GetITStatus), (62 bytes).
    Removing stm32f10x_usart.o(i.USART_HalfDuplexCmd), (20 bytes).
    Removing stm32f10x_usart.o(i.USART_ITConfig), (48 bytes).
    Removing stm32f10x_usart.o(i.USART_Init), (172 bytes).
    Removing stm32f10x_usart.o(i.USART_IrDACmd), (20 bytes).
    Removing stm32f10x_usart.o(i.USART_IrDAConfig), (16 bytes).
    Removing stm32f10x_usart.o(i.USART_LINBreakDetectLengthConfig), (16 bytes).
    Removing stm32f10x_usart.o(i.USART_LINCmd), (20 bytes).
    Removing stm32f10x_usart.o(i.USART_OneBitMethodCmd), (20 bytes).
    Removing stm32f10x_usart.o(i.USART_OverSampling8Cmd), (20 bytes).
    Removing stm32f10x_usart.o(i.USART_ReceiveData), (8 bytes).
    Removing stm32f10x_usart.o(i.USART_ReceiverWakeUpCmd), (20 bytes).
    Removing stm32f10x_usart.o(i.USART_SendBreak), (10 bytes).
    Removing stm32f10x_usart.o(i.USART_SendData), (8 bytes).
    Removing stm32f10x_usart.o(i.USART_SetAddress), (16 bytes).
    Removing stm32f10x_usart.o(i.USART_SetGuardTime), (16 bytes).
    Removing stm32f10x_usart.o(i.USART_SetPrescaler), (16 bytes).
    Removing stm32f10x_usart.o(i.USART_SmartCardCmd), (20 bytes).
    Removing stm32f10x_usart.o(i.USART_SmartCardNACKCmd), (20 bytes).
    Removing stm32f10x_usart.o(i.USART_StructInit), (22 bytes).
    Removing stm32f10x_usart.o(i.USART_WakeUpConfig), (16 bytes).
    Removing stm32f10x_i2c.o(.rev16_text), (4 bytes).
    Removing stm32f10x_i2c.o(.revsh_text), (4 bytes).
    Removing stm32f10x_i2c.o(i.I2C_ARPCmd), (20 bytes).
    Removing stm32f10x_i2c.o(i.I2C_AcknowledgeConfig), (20 bytes).
    Removing stm32f10x_i2c.o(i.I2C_CalculatePEC), (20 bytes).
    Removing stm32f10x_i2c.o(i.I2C_CheckEvent), (24 bytes).
    Removing stm32f10x_i2c.o(i.I2C_ClearFlag), (6 bytes).
    Removing stm32f10x_i2c.o(i.I2C_ClearITPendingBit), (6 bytes).
    Removing stm32f10x_i2c.o(i.I2C_Cmd), (20 bytes).
    Removing stm32f10x_i2c.o(i.I2C_DMACmd), (20 bytes).
    Removing stm32f10x_i2c.o(i.I2C_DMALastTransferCmd), (20 bytes).
    Removing stm32f10x_i2c.o(i.I2C_DeInit), (44 bytes).
    Removing stm32f10x_i2c.o(i.I2C_DualAddressCmd), (20 bytes).
    Removing stm32f10x_i2c.o(i.I2C_FastModeDutyCycleConfig), (22 bytes).
    Removing stm32f10x_i2c.o(i.I2C_GeneralCallCmd), (20 bytes).
    Removing stm32f10x_i2c.o(i.I2C_GenerateSTART), (20 bytes).
    Removing stm32f10x_i2c.o(i.I2C_GenerateSTOP), (20 bytes).
    Removing stm32f10x_i2c.o(i.I2C_GetFlagStatus), (42 bytes).
    Removing stm32f10x_i2c.o(i.I2C_GetITStatus), (36 bytes).
    Removing stm32f10x_i2c.o(i.I2C_GetLastEvent), (14 bytes).
    Removing stm32f10x_i2c.o(i.I2C_GetPEC), (6 bytes).
    Removing stm32f10x_i2c.o(i.I2C_ITConfig), (16 bytes).
    Removing stm32f10x_i2c.o(i.I2C_Init), (188 bytes).
    Removing stm32f10x_i2c.o(i.I2C_NACKPositionConfig), (22 bytes).
    Removing stm32f10x_i2c.o(i.I2C_OwnAddress2Config), (16 bytes).
    Removing stm32f10x_i2c.o(i.I2C_PECPositionConfig), (22 bytes).
    Removing stm32f10x_i2c.o(i.I2C_ReadRegister), (10 bytes).
    Removing stm32f10x_i2c.o(i.I2C_ReceiveData), (6 bytes).
    Removing stm32f10x_i2c.o(i.I2C_SMBusAlertConfig), (22 bytes).
    Removing stm32f10x_i2c.o(i.I2C_Send7bitAddress), (16 bytes).
    Removing stm32f10x_i2c.o(i.I2C_SendData), (4 bytes).
    Removing stm32f10x_i2c.o(i.I2C_SoftwareResetCmd), (20 bytes).
    Removing stm32f10x_i2c.o(i.I2C_StretchClockCmd), (20 bytes).
    Removing stm32f10x_i2c.o(i.I2C_StructInit), (28 bytes).
    Removing stm32f10x_i2c.o(i.I2C_TransmitPEC), (20 bytes).
    Removing stm32f10x_spi.o(.rev16_text), (4 bytes).
    Removing stm32f10x_spi.o(.revsh_text), (4 bytes).
    Removing stm32f10x_spi.o(i.I2S_Cmd), (20 bytes).
    Removing stm32f10x_spi.o(i.I2S_Init), (152 bytes).
    Removing stm32f10x_spi.o(i.I2S_StructInit), (18 bytes).
    Removing stm32f10x_spi.o(i.SPI_BiDirectionalLineConfig), (22 bytes).
    Removing stm32f10x_spi.o(i.SPI_CalculateCRC), (20 bytes).
    Removing stm32f10x_spi.o(i.SPI_Cmd), (20 bytes).
    Removing stm32f10x_spi.o(i.SPI_DataSizeConfig), (16 bytes).
    Removing stm32f10x_spi.o(i.SPI_GetCRC), (12 bytes).
    Removing stm32f10x_spi.o(i.SPI_GetCRCPolynomial), (4 bytes).
    Removing stm32f10x_spi.o(i.SPI_I2S_ClearFlag), (6 bytes).
    Removing stm32f10x_spi.o(i.SPI_I2S_ClearITPendingBit), (14 bytes).
    Removing stm32f10x_spi.o(i.SPI_I2S_DMACmd), (16 bytes).
    Removing stm32f10x_spi.o(i.SPI_I2S_DeInit), (84 bytes).
    Removing stm32f10x_spi.o(i.SPI_I2S_GetFlagStatus), (14 bytes).
    Removing stm32f10x_spi.o(i.SPI_I2S_GetITStatus), (42 bytes).
    Removing stm32f10x_spi.o(i.SPI_I2S_ITConfig), (24 bytes).
    Removing stm32f10x_spi.o(i.SPI_I2S_ReceiveData), (4 bytes).
    Removing stm32f10x_spi.o(i.SPI_I2S_SendData), (4 bytes).
    Removing stm32f10x_spi.o(i.SPI_Init), (56 bytes).
    Removing stm32f10x_spi.o(i.SPI_NSSInternalSoftwareConfig), (24 bytes).
    Removing stm32f10x_spi.o(i.SPI_SSOutputCmd), (20 bytes).
    Removing stm32f10x_spi.o(i.SPI_StructInit), (24 bytes).
    Removing stm32f10x_spi.o(i.SPI_TransmitCRC), (10 bytes).
    Removing stm32f10x_sdio.o(.rev16_text), (4 bytes).
    Removing stm32f10x_sdio.o(.revsh_text), (4 bytes).
    Removing stm32f10x_sdio.o(i.SDIO_CEATAITCmd), (16 bytes).
    Removing stm32f10x_sdio.o(i.SDIO_ClearFlag), (12 bytes).
    Removing stm32f10x_sdio.o(i.SDIO_ClearITPendingBit), (12 bytes).
    Removing stm32f10x_sdio.o(i.SDIO_ClockCmd), (12 bytes).
    Removing stm32f10x_sdio.o(i.SDIO_CmdStructInit), (14 bytes).
    Removing stm32f10x_sdio.o(i.SDIO_CommandCompletionCmd), (12 bytes).
    Removing stm32f10x_sdio.o(i.SDIO_DMACmd), (12 bytes).
    Removing stm32f10x_sdio.o(i.SDIO_DataConfig), (44 bytes).
    Removing stm32f10x_sdio.o(i.SDIO_DataStructInit), (20 bytes).
    Removing stm32f10x_sdio.o(i.SDIO_DeInit), (36 bytes).
    Removing stm32f10x_sdio.o(i.SDIO_GetCommandResponse), (12 bytes).
    Removing stm32f10x_sdio.o(i.SDIO_GetDataCounter), (12 bytes).
    Removing stm32f10x_sdio.o(i.SDIO_GetFIFOCount), (12 bytes).
    Removing stm32f10x_sdio.o(i.SDIO_GetFlagStatus), (20 bytes).
    Removing stm32f10x_sdio.o(i.SDIO_GetITStatus), (20 bytes).
    Removing stm32f10x_sdio.o(i.SDIO_GetPowerState), (16 bytes).
    Removing stm32f10x_sdio.o(i.SDIO_GetResponse), (16 bytes).
    Removing stm32f10x_sdio.o(i.SDIO_ITConfig), (24 bytes).
    Removing stm32f10x_sdio.o(i.SDIO_Init), (44 bytes).
    Removing stm32f10x_sdio.o(i.SDIO_ReadData), (12 bytes).
    Removing stm32f10x_sdio.o(i.SDIO_SendCEATACmd), (12 bytes).
    Removing stm32f10x_sdio.o(i.SDIO_SendCommand), (40 bytes).
    Removing stm32f10x_sdio.o(i.SDIO_SendSDIOSuspendCmd), (12 bytes).
    Removing stm32f10x_sdio.o(i.SDIO_SetPowerState), (12 bytes).
    Removing stm32f10x_sdio.o(i.SDIO_SetSDIOOperation), (12 bytes).
    Removing stm32f10x_sdio.o(i.SDIO_SetSDIOReadWaitMode), (12 bytes).
    Removing stm32f10x_sdio.o(i.SDIO_StartSDIOReadWait), (12 bytes).
    Removing stm32f10x_sdio.o(i.SDIO_StopSDIOReadWait), (12 bytes).
    Removing stm32f10x_sdio.o(i.SDIO_StructInit), (16 bytes).
    Removing stm32f10x_sdio.o(i.SDIO_WriteData), (12 bytes).
    Removing stm3210e_eval.o(.rev16_text), (4 bytes).
    Removing stm3210e_eval.o(.revsh_text), (4 bytes).
    Removing stm3210e_eval.o(i.LM75_LowLevel_DeInit), (88 bytes).
    Removing stm3210e_eval.o(i.LM75_LowLevel_Init), (88 bytes).
    Removing stm3210e_eval.o(i.SD_DMAEndOfTransferStatus), (12 bytes).
    Removing stm3210e_eval.o(i.SD_LowLevel_DMA_RxConfig), (104 bytes).
    Removing stm3210e_eval.o(i.SD_LowLevel_DMA_TxConfig), (104 bytes).
    Removing stm3210e_eval.o(i.SD_LowLevel_DeInit), (72 bytes).
    Removing stm3210e_eval.o(i.SD_LowLevel_Init), (104 bytes).
    Removing stm3210e_eval.o(i.STM_EVAL_COMInit), (164 bytes).
    Removing stm3210e_eval.o(i.STM_EVAL_LEDToggle), (28 bytes).
    Removing stm3210e_eval.o(i.sFLASH_LowLevel_DeInit), (104 bytes).
    Removing stm3210e_eval.o(i.sFLASH_LowLevel_Init), (108 bytes).

345 unused section(s) (total 9562 bytes) removed from the image.

==============================================================================

Image Symbol Table

    Local Symbols

    Symbol Name                              Value     Ov Type        Size  Object(Section)

    ../clib/../cmprslib/zerorunl2.c          0x00000000   Number         0  __dczerorl2.o ABSOLUTE
    ../clib/microlib/init/entry.s            0x00000000   Number         0  entry10a.o ABSOLUTE
    ../clib/microlib/init/entry.s            0x00000000   Number         0  entry7b.o ABSOLUTE
    ../clib/microlib/init/entry.s            0x00000000   Number         0  entry9a.o ABSOLUTE
    ../clib/microlib/init/entry.s            0x00000000   Number         0  entry7a.o ABSOLUTE
    ../clib/microlib/init/entry.s            0x00000000   Number         0  entry11b.o ABSOLUTE
    ../clib/microlib/init/entry.s            0x00000000   Number         0  entry11a.o ABSOLUTE
    ../clib/microlib/init/entry.s            0x00000000   Number         0  entry8b.o ABSOLUTE
    ../clib/microlib/init/entry.s            0x00000000   Number         0  entry8a.o ABSOLUTE
    ../clib/microlib/init/entry.s            0x00000000   Number         0  entry2.o ABSOLUTE
    ../clib/microlib/init/entry.s            0x00000000   Number         0  entry5.o ABSOLUTE
    ../clib/microlib/init/entry.s            0x00000000   Number         0  entry.o ABSOLUTE
    ../clib/microlib/init/entry.s            0x00000000   Number         0  entry10b.o ABSOLUTE
    ../clib/microlib/init/entry.s            0x00000000   Number         0  entry9b.o ABSOLUTE
    ..\..\..\Libraries\CMSIS\Device\ST\STM32F10x\Source\Templates\arm\startup_stm32f10x_hd.s 0x00000000   Number         0  startup_stm32f10x_hd.o ABSOLUTE
    ..\..\..\Libraries\STM32F10x_StdPeriph_Driver\src\misc.c 0x00000000   Number         0  misc.o ABSOLUTE
    ..\..\..\Libraries\STM32F10x_StdPeriph_Driver\src\stm32f10x_adc.c 0x00000000   Number         0  stm32f10x_adc.o ABSOLUTE
    ..\..\..\Libraries\STM32F10x_StdPeriph_Driver\src\stm32f10x_dma.c 0x00000000   Number         0  stm32f10x_dma.o ABSOLUTE
    ..\..\..\Libraries\STM32F10x_StdPeriph_Driver\src\stm32f10x_exti.c 0x00000000   Number         0  stm32f10x_exti.o ABSOLUTE
    ..\..\..\Libraries\STM32F10x_StdPeriph_Driver\src\stm32f10x_flash.c 0x00000000   Number         0  stm32f10x_flash.o ABSOLUTE
    ..\..\..\Libraries\STM32F10x_StdPeriph_Driver\src\stm32f10x_gpio.c 0x00000000   Number         0  stm32f10x_gpio.o ABSOLUTE
    ..\..\..\Libraries\STM32F10x_StdPeriph_Driver\src\stm32f10x_i2c.c 0x00000000   Number         0  stm32f10x_i2c.o ABSOLUTE
    ..\..\..\Libraries\STM32F10x_StdPeriph_Driver\src\stm32f10x_rcc.c 0x00000000   Number         0  stm32f10x_rcc.o ABSOLUTE
    ..\..\..\Libraries\STM32F10x_StdPeriph_Driver\src\stm32f10x_sdio.c 0x00000000   Number         0  stm32f10x_sdio.o ABSOLUTE
    ..\..\..\Libraries\STM32F10x_StdPeriph_Driver\src\stm32f10x_spi.c 0x00000000   Number         0  stm32f10x_spi.o ABSOLUTE
    ..\..\..\Libraries\STM32F10x_StdPeriph_Driver\src\stm32f10x_usart.c 0x00000000   Number         0  stm32f10x_usart.o ABSOLUTE
    ..\..\..\Libraries\STM32_USB-FS-Device_Driver\src\usb_core.c 0x00000000   Number         0  usb_core.o ABSOLUTE
    ..\..\..\Libraries\STM32_USB-FS-Device_Driver\src\usb_init.c 0x00000000   Number         0  usb_init.o ABSOLUTE
    ..\..\..\Libraries\STM32_USB-FS-Device_Driver\src\usb_int.c 0x00000000   Number         0  usb_int.o ABSOLUTE
    ..\..\..\Libraries\STM32_USB-FS-Device_Driver\src\usb_mem.c 0x00000000   Number         0  usb_mem.o ABSOLUTE
    ..\..\..\Libraries\STM32_USB-FS-Device_Driver\src\usb_regs.c 0x00000000   Number         0  usb_regs.o ABSOLUTE
    ..\..\..\Libraries\STM32_USB-FS-Device_Driver\src\usb_sil.c 0x00000000   Number         0  usb_sil.o ABSOLUTE
    ..\..\..\Utilities\STM32_EVAL\STM3210E_EVAL\stm3210e_eval.c 0x00000000   Number         0  stm3210e_eval.o ABSOLUTE
    ..\\..\\..\\Libraries\\STM32F10x_StdPeriph_Driver\\src\\misc.c 0x00000000   Number         0  misc.o ABSOLUTE
    ..\\..\\..\\Libraries\\STM32F10x_StdPeriph_Driver\\src\\stm32f10x_adc.c 0x00000000   Number         0  stm32f10x_adc.o ABSOLUTE
    ..\\..\\..\\Libraries\\STM32F10x_StdPeriph_Driver\\src\\stm32f10x_dma.c 0x00000000   Number         0  stm32f10x_dma.o ABSOLUTE
    ..\\..\\..\\Libraries\\STM32F10x_StdPeriph_Driver\\src\\stm32f10x_exti.c 0x00000000   Number         0  stm32f10x_exti.o ABSOLUTE
    ..\\..\\..\\Libraries\\STM32F10x_StdPeriph_Driver\\src\\stm32f10x_flash.c 0x00000000   Number         0  stm32f10x_flash.o ABSOLUTE
    ..\\..\\..\\Libraries\\STM32F10x_StdPeriph_Driver\\src\\stm32f10x_gpio.c 0x00000000   Number         0  stm32f10x_gpio.o ABSOLUTE
    ..\\..\\..\\Libraries\\STM32F10x_StdPeriph_Driver\\src\\stm32f10x_i2c.c 0x00000000   Number         0  stm32f10x_i2c.o ABSOLUTE
    ..\\..\\..\\Libraries\\STM32F10x_StdPeriph_Driver\\src\\stm32f10x_rcc.c 0x00000000   Number         0  stm32f10x_rcc.o ABSOLUTE
    ..\\..\\..\\Libraries\\STM32F10x_StdPeriph_Driver\\src\\stm32f10x_sdio.c 0x00000000   Number         0  stm32f10x_sdio.o ABSOLUTE
    ..\\..\\..\\Libraries\\STM32F10x_StdPeriph_Driver\\src\\stm32f10x_spi.c 0x00000000   Number         0  stm32f10x_spi.o ABSOLUTE
    ..\\..\\..\\Libraries\\STM32F10x_StdPeriph_Driver\\src\\stm32f10x_usart.c 0x00000000   Number         0  stm32f10x_usart.o ABSOLUTE
    ..\\..\\..\\Libraries\\STM32_USB-FS-Device_Driver\\src\\usb_core.c 0x00000000   Number         0  usb_core.o ABSOLUTE
    ..\\..\\..\\Libraries\\STM32_USB-FS-Device_Driver\\src\\usb_init.c 0x00000000   Number         0  usb_init.o ABSOLUTE
    ..\\..\\..\\Libraries\\STM32_USB-FS-Device_Driver\\src\\usb_int.c 0x00000000   Number         0  usb_int.o ABSOLUTE
    ..\\..\\..\\Libraries\\STM32_USB-FS-Device_Driver\\src\\usb_mem.c 0x00000000   Number         0  usb_mem.o ABSOLUTE
    ..\\..\\..\\Libraries\\STM32_USB-FS-Device_Driver\\src\\usb_regs.c 0x00000000   Number         0  usb_regs.o ABSOLUTE
    ..\\..\\..\\Libraries\\STM32_USB-FS-Device_Driver\\src\\usb_sil.c 0x00000000   Number         0  usb_sil.o ABSOLUTE
    ..\\..\\..\\Utilities\\STM32_EVAL\\STM3210E_EVAL\\stm3210e_eval.c 0x00000000   Number         0  stm3210e_eval.o ABSOLUTE
    ..\\src\\hw_config.c                     0x00000000   Number         0  hw_config.o ABSOLUTE
    ..\\src\\main.c                          0x00000000   Number         0  main.o ABSOLUTE
    ..\\src\\stm32_it.c                      0x00000000   Number         0  stm32_it.o ABSOLUTE
    ..\\src\\system_stm32f10x.c              0x00000000   Number         0  system_stm32f10x.o ABSOLUTE
    ..\\src\\usb_desc.c                      0x00000000   Number         0  usb_desc.o ABSOLUTE
    ..\\src\\usb_endp.c                      0x00000000   Number         0  usb_endp.o ABSOLUTE
    ..\\src\\usb_istr.c                      0x00000000   Number         0  usb_istr.o ABSOLUTE
    ..\\src\\usb_prop.c                      0x00000000   Number         0  usb_prop.o ABSOLUTE
    ..\\src\\usb_pwr.c                       0x00000000   Number         0  usb_pwr.o ABSOLUTE
    ..\src\hw_config.c                       0x00000000   Number         0  hw_config.o ABSOLUTE
    ..\src\main.c                            0x00000000   Number         0  main.o ABSOLUTE
    ..\src\stm32_it.c                        0x00000000   Number         0  stm32_it.o ABSOLUTE
    ..\src\system_stm32f10x.c                0x00000000   Number         0  system_stm32f10x.o ABSOLUTE
    ..\src\usb_desc.c                        0x00000000   Number         0  usb_desc.o ABSOLUTE
    ..\src\usb_endp.c                        0x00000000   Number         0  usb_endp.o ABSOLUTE
    ..\src\usb_istr.c                        0x00000000   Number         0  usb_istr.o ABSOLUTE
    ..\src\usb_prop.c                        0x00000000   Number         0  usb_prop.o ABSOLUTE
    ..\src\usb_pwr.c                         0x00000000   Number         0  usb_pwr.o ABSOLUTE
    dc.s                                     0x00000000   Number         0  dc.o ABSOLUTE
    handlers.s                               0x00000000   Number         0  handlers.o ABSOLUTE
    init.s                                   0x00000000   Number         0  init.o ABSOLUTE
    RESET                                    0x08000000   Section      304  startup_stm32f10x_hd.o(RESET)
    .ARM.Collect$$$$00000000                 0x08000130   Section        0  entry.o(.ARM.Collect$$$$00000000)
    .ARM.Collect$$$$00000001                 0x08000130   Section        4  entry2.o(.ARM.Collect$$$$00000001)
    .ARM.Collect$$$$00000004                 0x08000134   Section        4  entry5.o(.ARM.Collect$$$$00000004)
    .ARM.Collect$$$$00000008                 0x08000138   Section        0  entry7b.o(.ARM.Collect$$$$00000008)
    .ARM.Collect$$$$0000000A                 0x08000138   Section        0  entry8b.o(.ARM.Collect$$$$0000000A)
    .ARM.Collect$$$$0000000B                 0x08000138   Section        8  entry9a.o(.ARM.Collect$$$$0000000B)
    .ARM.Collect$$$$0000000D                 0x08000140   Section        0  entry10a.o(.ARM.Collect$$$$0000000D)
    .ARM.Collect$$$$0000000F                 0x08000140   Section        0  entry11a.o(.ARM.Collect$$$$0000000F)
    .ARM.Collect$$$$00002712                 0x08000140   Section        4  entry2.o(.ARM.Collect$$$$00002712)
    __lit__00000000                          0x08000140   Data           4  entry2.o(.ARM.Collect$$$$00002712)
    .text                                    0x08000144   Section       36  startup_stm32f10x_hd.o(.text)
    .text                                    0x08000168   Section       36  init.o(.text)
    .text                                    0x0800018c   Section        0  __dczerorl2.o(.text)
    i.ADC_Cmd                                0x080001e2   Section        0  stm32f10x_adc.o(i.ADC_Cmd)
    i.ADC_Configuration                      0x080001f8   Section        0  hw_config.o(i.ADC_Configuration)
    i.ADC_DMACmd                             0x080002c4   Section        0  stm32f10x_adc.o(i.ADC_DMACmd)
    i.ADC_GetCalibrationStatus               0x080002d8   Section        0  stm32f10x_adc.o(i.ADC_GetCalibrationStatus)
    i.ADC_GetResetCalibrationStatus          0x080002e6   Section        0  stm32f10x_adc.o(i.ADC_GetResetCalibrationStatus)
    i.ADC_Init                               0x080002f4   Section        0  stm32f10x_adc.o(i.ADC_Init)
    i.ADC_RegularChannelConfig               0x0800033c   Section        0  stm32f10x_adc.o(i.ADC_RegularChannelConfig)
    i.ADC_ResetCalibration                   0x080003b0   Section        0  stm32f10x_adc.o(i.ADC_ResetCalibration)
    i.ADC_SoftwareStartConvCmd               0x080003ba   Section        0  stm32f10x_adc.o(i.ADC_SoftwareStartConvCmd)
    i.ADC_StartCalibration                   0x080003ce   Section        0  stm32f10x_adc.o(i.ADC_StartCalibration)
    i.BusFault_Handler                       0x080003d8   Section        0  stm32_it.o(i.BusFault_Handler)
    i.ByteSwap                               0x080003da   Section        0  usb_regs.o(i.ByteSwap)
    i.CTR_LP                                 0x080003e4   Section        0  usb_int.o(i.CTR_LP)
    i.ClearDTOG_RX                           0x08000540   Section        0  usb_regs.o(i.ClearDTOG_RX)
    i.ClearDTOG_TX                           0x08000568   Section        0  usb_regs.o(i.ClearDTOG_TX)
    i.Clear_Status_Out                       0x08000590   Section        0  usb_regs.o(i.Clear_Status_Out)
    i.CustomHID_Data_Setup                   0x080005b0   Section        0  usb_prop.o(i.CustomHID_Data_Setup)
    i.CustomHID_GetConfigDescriptor          0x08000628   Section        0  usb_prop.o(i.CustomHID_GetConfigDescriptor)
    i.CustomHID_GetDeviceDescriptor          0x08000634   Section        0  usb_prop.o(i.CustomHID_GetDeviceDescriptor)
    i.CustomHID_GetHIDDescriptor             0x08000640   Section        0  usb_prop.o(i.CustomHID_GetHIDDescriptor)
    i.CustomHID_GetProtocolValue             0x0800064c   Section        0  usb_prop.o(i.CustomHID_GetProtocolValue)
    i.CustomHID_GetReportDescriptor          0x08000668   Section        0  usb_prop.o(i.CustomHID_GetReportDescriptor)
    i.CustomHID_GetStringDescriptor          0x08000674   Section        0  usb_prop.o(i.CustomHID_GetStringDescriptor)
    i.CustomHID_Get_Interface_Setting        0x08000694   Section        0  usb_prop.o(i.CustomHID_Get_Interface_Setting)
    i.CustomHID_NoData_Setup                 0x080006a0   Section        0  usb_prop.o(i.CustomHID_NoData_Setup)
    i.CustomHID_Reset                        0x080006c0   Section        0  usb_prop.o(i.CustomHID_Reset)
    i.CustomHID_SetConfiguration             0x08000770   Section        0  usb_prop.o(i.CustomHID_SetConfiguration)
    i.CustomHID_SetDeviceAddress             0x08000798   Section        0  usb_prop.o(i.CustomHID_SetDeviceAddress)
    i.CustomHID_SetProtocol                  0x080007a4   Section        0  usb_prop.o(i.CustomHID_SetProtocol)
    i.CustomHID_SetReport_Feature            0x080007bc   Section        0  usb_prop.o(i.CustomHID_SetReport_Feature)
    i.CustomHID_Status_In                    0x080007d8   Section        0  usb_prop.o(i.CustomHID_Status_In)
    i.CustomHID_Status_Out                   0x0800083c   Section        0  usb_prop.o(i.CustomHID_Status_Out)
    i.CustomHID_init                         0x08000840   Section        0  usb_prop.o(i.CustomHID_init)
    i.DMA1_Channel1_IRQHandler               0x08000864   Section        0  stm32_it.o(i.DMA1_Channel1_IRQHandler)
    i.DMA_ClearFlag                          0x080008c4   Section        0  stm32f10x_dma.o(i.DMA_ClearFlag)
    i.DMA_Cmd                                0x080008dc   Section        0  stm32f10x_dma.o(i.DMA_Cmd)
    i.DMA_DeInit                             0x080008f4   Section        0  stm32f10x_dma.o(i.DMA_DeInit)
    i.DMA_ITConfig                           0x080009d8   Section        0  stm32f10x_dma.o(i.DMA_ITConfig)
    i.DMA_Init                               0x080009e8   Section        0  stm32f10x_dma.o(i.DMA_Init)
    i.DataStageIn                            0x08000a24   Section        0  usb_core.o(i.DataStageIn)
    DataStageIn                              0x08000a25   Thumb Code   156  usb_core.o(i.DataStageIn)
    i.DataStageOut                           0x08000ad8   Section        0  usb_core.o(i.DataStageOut)
    DataStageOut                             0x08000ad9   Thumb Code   142  usb_core.o(i.DataStageOut)
    i.Data_Setup0                            0x08000b7c   Section        0  usb_core.o(i.Data_Setup0)
    Data_Setup0                              0x08000b7d   Thumb Code   376  usb_core.o(i.Data_Setup0)
    i.DebugMon_Handler                       0x08000d18   Section        0  stm32_it.o(i.DebugMon_Handler)
    i.EP1_IN_Callback                        0x08000d1c   Section        0  usb_endp.o(i.EP1_IN_Callback)
    i.EP1_OUT_Callback                       0x08000d28   Section        0  usb_endp.o(i.EP1_OUT_Callback)
    i.EXTI15_10_IRQHandler                   0x08000d9c   Section        0  stm32_it.o(i.EXTI15_10_IRQHandler)
    i.EXTI9_5_IRQHandler                     0x08000e00   Section        0  stm32_it.o(i.EXTI9_5_IRQHandler)
    i.EXTI_ClearITPendingBit                 0x08000e64   Section        0  stm32f10x_exti.o(i.EXTI_ClearITPendingBit)
    i.EXTI_Configuration                     0x08000e70   Section        0  hw_config.o(i.EXTI_Configuration)
    i.EXTI_GetITStatus                       0x08000ed4   Section        0  stm32f10x_exti.o(i.EXTI_GetITStatus)
    i.EXTI_Init                              0x08000ef4   Section        0  stm32f10x_exti.o(i.EXTI_Init)
    i.GPIO_Configuration                     0x08000f64   Section        0  hw_config.o(i.GPIO_Configuration)
    i.GPIO_EXTILineConfig                    0x08000fa8   Section        0  stm32f10x_gpio.o(i.GPIO_EXTILineConfig)
    i.GPIO_Init                              0x08000fd0   Section        0  stm32f10x_gpio.o(i.GPIO_Init)
    i.GPIO_ReadInputDataBit                  0x08001072   Section        0  stm32f10x_gpio.o(i.GPIO_ReadInputDataBit)
    i.GPIO_ResetBits                         0x08001080   Section        0  stm32f10x_gpio.o(i.GPIO_ResetBits)
    i.GPIO_SetBits                           0x08001084   Section        0  stm32f10x_gpio.o(i.GPIO_SetBits)
    i.GetEPRxAddr                            0x08001088   Section        0  usb_regs.o(i.GetEPRxAddr)
    i.GetEPRxCount                           0x080010a8   Section        0  usb_regs.o(i.GetEPRxCount)
    i.GetEPTxAddr                            0x080010c8   Section        0  usb_regs.o(i.GetEPTxAddr)
    i.Get_SerialNum                          0x080010e4   Section        0  hw_config.o(i.Get_SerialNum)
    i.HardFault_Handler                      0x08001118   Section        0  stm32_it.o(i.HardFault_Handler)
    i.In0_Process                            0x0800111c   Section        0  usb_core.o(i.In0_Process)
    i.IntToUnicode                           0x08001178   Section        0  hw_config.o(i.IntToUnicode)
    IntToUnicode                             0x08001179   Thumb Code    56  hw_config.o(i.IntToUnicode)
    i.Leave_LowPowerMode                     0x080011b0   Section        0  hw_config.o(i.Leave_LowPowerMode)
    i.MemManage_Handler                      0x080011cc   Section        0  stm32_it.o(i.MemManage_Handler)
    i.NMI_Handler                            0x080011ce   Section        0  stm32_it.o(i.NMI_Handler)
    i.NOP_Process                            0x080011d0   Section        0  usb_core.o(i.NOP_Process)
    i.NVIC_Init                              0x080011d4   Section        0  misc.o(i.NVIC_Init)
    i.NVIC_PriorityGroupConfig               0x08001238   Section        0  misc.o(i.NVIC_PriorityGroupConfig)
    i.NoData_Setup0                          0x0800124c   Section        0  usb_core.o(i.NoData_Setup0)
    NoData_Setup0                            0x0800124d   Thumb Code   190  usb_core.o(i.NoData_Setup0)
    i.Out0_Process                           0x08001320   Section        0  usb_core.o(i.Out0_Process)
    i.PMAToUserBufferCopy                    0x08001368   Section        0  usb_mem.o(i.PMAToUserBufferCopy)
    i.PendSV_Handler                         0x08001388   Section        0  stm32_it.o(i.PendSV_Handler)
    i.Post0_Process                          0x0800138c   Section        0  usb_core.o(i.Post0_Process)
    i.PowerOn                                0x080013d0   Section        0  usb_pwr.o(i.PowerOn)
    i.RCC_ADCCLKConfig                       0x080013fc   Section        0  stm32f10x_rcc.o(i.RCC_ADCCLKConfig)
    i.RCC_AHBPeriphClockCmd                  0x08001410   Section        0  stm32f10x_rcc.o(i.RCC_AHBPeriphClockCmd)
    i.RCC_APB1PeriphClockCmd                 0x08001428   Section        0  stm32f10x_rcc.o(i.RCC_APB1PeriphClockCmd)
    i.RCC_APB2PeriphClockCmd                 0x08001440   Section        0  stm32f10x_rcc.o(i.RCC_APB2PeriphClockCmd)
    i.RCC_USBCLKConfig                       0x08001458   Section        0  stm32f10x_rcc.o(i.RCC_USBCLKConfig)
    i.Resume                                 0x08001464   Section        0  usb_pwr.o(i.Resume)
    i.Resume_Init                            0x080014f8   Section        0  usb_pwr.o(i.Resume_Init)
    i.STM_EVAL_LEDInit                       0x08001518   Section        0  stm3210e_eval.o(i.STM_EVAL_LEDInit)
    i.STM_EVAL_LEDOff                        0x08001558   Section        0  stm3210e_eval.o(i.STM_EVAL_LEDOff)
    i.STM_EVAL_LEDOn                         0x08001570   Section        0  stm3210e_eval.o(i.STM_EVAL_LEDOn)
    i.STM_EVAL_PBGetState                    0x08001588   Section        0  stm3210e_eval.o(i.STM_EVAL_PBGetState)
    i.STM_EVAL_PBInit                        0x080015a0   Section        0  stm3210e_eval.o(i.STM_EVAL_PBInit)
    i.SVC_Handler                            0x0800163c   Section        0  stm32_it.o(i.SVC_Handler)
    i.SetBTABLE                              0x08001640   Section        0  usb_regs.o(i.SetBTABLE)
    i.SetDeviceAddress                       0x08001650   Section        0  usb_core.o(i.SetDeviceAddress)
    i.SetEPRxAddr                            0x08001698   Section        0  usb_regs.o(i.SetEPRxAddr)
    i.SetEPRxCount                           0x080016b8   Section        0  usb_regs.o(i.SetEPRxCount)
    i.SetEPRxStatus                          0x080016f8   Section        0  usb_regs.o(i.SetEPRxStatus)
    i.SetEPRxValid                           0x08001728   Section        0  usb_regs.o(i.SetEPRxValid)
    i.SetEPTxAddr                            0x0800174c   Section        0  usb_regs.o(i.SetEPTxAddr)
    i.SetEPTxCount                           0x0800176c   Section        0  usb_regs.o(i.SetEPTxCount)
    i.SetEPTxStatus                          0x08001788   Section        0  usb_regs.o(i.SetEPTxStatus)
    i.SetEPTxValid                           0x080017b8   Section        0  usb_regs.o(i.SetEPTxValid)
    i.SetEPType                              0x080017dc   Section        0  usb_regs.o(i.SetEPType)
    i.SetSysClockTo72                        0x080017f8   Section        0  system_stm32f10x.o(i.SetSysClockTo72)
    SetSysClockTo72                          0x080017f9   Thumb Code   160  system_stm32f10x.o(i.SetSysClockTo72)
    i.Set_System                             0x080018a0   Section        0  hw_config.o(i.Set_System)
    i.Set_USBClock                           0x080018ea   Section        0  hw_config.o(i.Set_USBClock)
    i.Setup0_Process                         0x08001900   Section        0  usb_core.o(i.Setup0_Process)
    i.Standard_ClearFeature                  0x08001968   Section        0  usb_core.o(i.Standard_ClearFeature)
    i.Standard_GetConfiguration              0x08001a64   Section        0  usb_core.o(i.Standard_GetConfiguration)
    i.Standard_GetDescriptorData             0x08001a8c   Section        0  usb_core.o(i.Standard_GetDescriptorData)
    i.Standard_GetInterface                  0x08001aa8   Section        0  usb_core.o(i.Standard_GetInterface)
    i.Standard_GetStatus                     0x08001ad0   Section        0  usb_core.o(i.Standard_GetStatus)
    i.Standard_SetConfiguration              0x08001b64   Section        0  usb_core.o(i.Standard_SetConfiguration)
    i.Standard_SetDeviceFeature              0x08001b9c   Section        0  usb_core.o(i.Standard_SetDeviceFeature)
    i.Standard_SetEndPointFeature            0x08001bc0   Section        0  usb_core.o(i.Standard_SetEndPointFeature)
    i.Standard_SetInterface                  0x08001c48   Section        0  usb_core.o(i.Standard_SetInterface)
    i.Suspend                                0x08001c90   Section        0  usb_pwr.o(i.Suspend)
    i.SysTick_Handler                        0x08001d54   Section        0  stm32_it.o(i.SysTick_Handler)
    i.SystemInit                             0x08001d64   Section        0  system_stm32f10x.o(i.SystemInit)
    i.USBWakeUp_IRQHandler                   0x08001db4   Section        0  stm32_it.o(i.USBWakeUp_IRQHandler)
    i.USB_Cable_Config                       0x08001dbc   Section        0  hw_config.o(i.USB_Cable_Config)
    i.USB_Init                               0x08001dd4   Section        0  usb_init.o(i.USB_Init)
    i.USB_Interrupts_Config                  0x08001dfc   Section        0  hw_config.o(i.USB_Interrupts_Config)
    i.USB_Istr                               0x08001e6c   Section        0  usb_istr.o(i.USB_Istr)
    i.USB_LP_CAN1_RX0_IRQHandler             0x08001fb4   Section        0  stm32_it.o(i.USB_LP_CAN1_RX0_IRQHandler)
    i.USB_SIL_Init                           0x08001fb8   Section        0  usb_sil.o(i.USB_SIL_Init)
    i.USB_SIL_Read                           0x08001fd8   Section        0  usb_sil.o(i.USB_SIL_Read)
    i.USB_SIL_Write                          0x08001ffc   Section        0  usb_sil.o(i.USB_SIL_Write)
    i.UsageFault_Handler                     0x08002022   Section        0  stm32_it.o(i.UsageFault_Handler)
    i.UserToPMABufferCopy                    0x08002024   Section        0  usb_mem.o(i.UserToPMABufferCopy)
    i.__scatterload_copy                     0x08002050   Section       14  handlers.o(i.__scatterload_copy)
    i.__scatterload_null                     0x0800205e   Section        2  handlers.o(i.__scatterload_null)
    i.__scatterload_zeroinit                 0x08002060   Section       14  handlers.o(i.__scatterload_zeroinit)
    i.main                                   0x0800206e   Section        0  main.o(i.main)
    .constdata                               0x08002080   Section       18  usb_desc.o(.constdata)
    .constdata                               0x08002092   Section       41  usb_desc.o(.constdata)
    .constdata                               0x080020bb   Section      163  usb_desc.o(.constdata)
    .constdata                               0x0800215e   Section        4  usb_desc.o(.constdata)
    .constdata                               0x08002162   Section       38  usb_desc.o(.constdata)
    .constdata                               0x08002188   Section       32  usb_desc.o(.constdata)
    .constdata                               0x080021a8   Section      168  stm3210e_eval.o(.constdata)
    .data                                    0x20000000   Section        4  hw_config.o(.data)
    .data                                    0x20000004   Section        4  hw_config.o(.data)
    .data                                    0x20000008   Section        1  main.o(.data)
    .data                                    0x2000000c   Section        4  main.o(.data)
    .data                                    0x20000010   Section       26  usb_desc.o(.data)
    .data                                    0x2000002a   Section        2  usb_endp.o(.data)
    .data                                    0x2000002c   Section       12  usb_istr.o(.data)
    .data                                    0x20000038   Section       28  usb_istr.o(.data)
    .data                                    0x20000054   Section       28  usb_istr.o(.data)
    .data                                    0x20000070   Section      120  usb_prop.o(.data)
    .data                                    0x200000e8   Section        2  usb_prop.o(.data)
    .data                                    0x200000ec   Section       36  usb_prop.o(.data)
    .data                                    0x20000110   Section        4  usb_pwr.o(.data)
    .data                                    0x20000114   Section        1  usb_pwr.o(.data)
    .data                                    0x20000118   Section        8  usb_pwr.o(.data)
    .data                                    0x20000120   Section        2  stm32_it.o(.data)
    .data                                    0x20000122   Section        1  usb_init.o(.data)
    .data                                    0x20000124   Section       12  usb_init.o(.data)
    .data                                    0x20000130   Section        2  usb_init.o(.data)
    .data                                    0x20000132   Section        4  usb_int.o(.data)
    .data                                    0x20000136   Section        4  usb_core.o(.data)
    .data                                    0x2000013c   Section       72  stm3210e_eval.o(.data)
    .bss                                     0x20000184   Section       32  usb_pwr.o(.bss)
    .bss                                     0x200001a4   Section       28  usb_init.o(.bss)
    STACK                                    0x200001c0   Section     1024  startup_stm32f10x_hd.o(STACK)

    Global Symbols

    Symbol Name                              Value     Ov Type        Size  Object(Section)

    BuildAttributes$$THM_ISAv4$P$D$K$B$S$PE$A:L22UL41UL21$X:L11$S22US41US21$IEEE1$IW$USESV6$~STKCKD$USESV7$~SHL$OSPACE$EBA8$MICROLIB$REQ8$PRES8$EABIv2 0x00000000   Number         0  anon$$obj.o ABSOLUTE
    __ARM_use_no_argv                        0x00000000   Number         0  main.o ABSOLUTE
    __cpp_initialize__aeabi_                  - Undefined Weak Reference
    __cxa_finalize                            - Undefined Weak Reference
    _clock_init                               - Undefined Weak Reference
    _microlib_exit                            - Undefined Weak Reference
    __Vectors_Size                           0x00000130   Number         0  startup_stm32f10x_hd.o ABSOLUTE
    __Vectors                                0x08000000   Data           4  startup_stm32f10x_hd.o(RESET)
    __Vectors_End                            0x08000130   Data           0  startup_stm32f10x_hd.o(RESET)
    __main                                   0x08000131   Thumb Code     0  entry.o(.ARM.Collect$$$$00000000)
    _main_stk                                0x08000131   Thumb Code     0  entry2.o(.ARM.Collect$$$$00000001)
    _main_scatterload                        0x08000135   Thumb Code     0  entry5.o(.ARM.Collect$$$$00000004)
    __main_after_scatterload                 0x08000139   Thumb Code     0  entry5.o(.ARM.Collect$$$$00000004)
    _main_clock                              0x08000139   Thumb Code     0  entry7b.o(.ARM.Collect$$$$00000008)
    _main_cpp_init                           0x08000139   Thumb Code     0  entry8b.o(.ARM.Collect$$$$0000000A)
    _main_init                               0x08000139   Thumb Code     0  entry9a.o(.ARM.Collect$$$$0000000B)
    __rt_final_cpp                           0x08000141   Thumb Code     0  entry10a.o(.ARM.Collect$$$$0000000D)
    __rt_final_exit                          0x08000141   Thumb Code     0  entry11a.o(.ARM.Collect$$$$0000000F)
    Reset_Handler                            0x08000145   Thumb Code     8  startup_stm32f10x_hd.o(.text)
    ADC1_2_IRQHandler                        0x0800015f   Thumb Code     0  startup_stm32f10x_hd.o(.text)
    ADC3_IRQHandler                          0x0800015f   Thumb Code     0  startup_stm32f10x_hd.o(.text)
    CAN1_RX1_IRQHandler                      0x0800015f   Thumb Code     0  startup_stm32f10x_hd.o(.text)
    CAN1_SCE_IRQHandler                      0x0800015f   Thumb Code     0  startup_stm32f10x_hd.o(.text)
    DMA1_Channel2_IRQHandler                 0x0800015f   Thumb Code     0  startup_stm32f10x_hd.o(.text)
    DMA1_Channel3_IRQHandler                 0x0800015f   Thumb Code     0  startup_stm32f10x_hd.o(.text)
    DMA1_Channel4_IRQHandler                 0x0800015f   Thumb Code     0  startup_stm32f10x_hd.o(.text)
    DMA1_Channel5_IRQHandler                 0x0800015f   Thumb Code     0  startup_stm32f10x_hd.o(.text)
    DMA1_Channel6_IRQHandler                 0x0800015f   Thumb Code     0  startup_stm32f10x_hd.o(.text)
    DMA1_Channel7_IRQHandler                 0x0800015f   Thumb Code     0  startup_stm32f10x_hd.o(.text)
    DMA2_Channel1_IRQHandler                 0x0800015f   Thumb Code     0  startup_stm32f10x_hd.o(.text)
    DMA2_Channel2_IRQHandler                 0x0800015f   Thumb Code     0  startup_stm32f10x_hd.o(.text)
    DMA2_Channel3_IRQHandler                 0x0800015f   Thumb Code     0  startup_stm32f10x_hd.o(.text)
    DMA2_Channel4_5_IRQHandler               0x0800015f   Thumb Code     0  startup_stm32f10x_hd.o(.text)
    EXTI0_IRQHandler                         0x0800015f   Thumb Code     0  startup_stm32f10x_hd.o(.text)
    EXTI1_IRQHandler                         0x0800015f   Thumb Code     0  startup_stm32f10x_hd.o(.text)
    EXTI2_IRQHandler                         0x0800015f   Thumb Code     0  startup_stm32f10x_hd.o(.text)
    EXTI3_IRQHandler                         0x0800015f   Thumb Code     0  startup_stm32f10x_hd.o(.text)
    EXTI4_IRQHandler                         0x0800015f   Thumb Code     0  startup_stm32f10x_hd.o(.text)
    FLASH_IRQHandler                         0x0800015f   Thumb Code     0  startup_stm32f10x_hd.o(.text)
    FSMC_IRQHandler                          0x0800015f   Thumb Code     0  startup_stm32f10x_hd.o(.text)
    I2C1_ER_IRQHandler                       0x0800015f   Thumb Code     0  startup_stm32f10x_hd.o(.text)
    I2C1_EV_IRQHandler                       0x0800015f   Thumb Code     0  startup_stm32f10x_hd.o(.text)
    I2C2_ER_IRQHandler                       0x0800015f   Thumb Code     0  startup_stm32f10x_hd.o(.text)
    I2C2_EV_IRQHandler                       0x0800015f   Thumb Code     0  startup_stm32f10x_hd.o(.text)
    PVD_IRQHandler                           0x0800015f   Thumb Code     0  startup_stm32f10x_hd.o(.text)
    RCC_IRQHandler                           0x0800015f   Thumb Code     0  startup_stm32f10x_hd.o(.text)
    RTCAlarm_IRQHandler                      0x0800015f   Thumb Code     0  startup_stm32f10x_hd.o(.text)
    RTC_IRQHandler                           0x0800015f   Thumb Code     0  startup_stm32f10x_hd.o(.text)
    SDIO_IRQHandler                          0x0800015f   Thumb Code     0  startup_stm32f10x_hd.o(.text)
    SPI1_IRQHandler                          0x0800015f   Thumb Code     0  startup_stm32f10x_hd.o(.text)
    SPI2_IRQHandler                          0x0800015f   Thumb Code     0  startup_stm32f10x_hd.o(.text)
    SPI3_IRQHandler                          0x0800015f   Thumb Code     0  startup_stm32f10x_hd.o(.text)
    TAMPER_IRQHandler                        0x0800015f   Thumb Code     0  startup_stm32f10x_hd.o(.text)
    TIM1_BRK_IRQHandler                      0x0800015f   Thumb Code     0  startup_stm32f10x_hd.o(.text)
    TIM1_CC_IRQHandler                       0x0800015f   Thumb Code     0  startup_stm32f10x_hd.o(.text)
    TIM1_TRG_COM_IRQHandler                  0x0800015f   Thumb Code     0  startup_stm32f10x_hd.o(.text)
    TIM1_UP_IRQHandler                       0x0800015f   Thumb Code     0  startup_stm32f10x_hd.o(.text)
    TIM2_IRQHandler                          0x0800015f   Thumb Code     0  startup_stm32f10x_hd.o(.text)
    TIM3_IRQHandler                          0x0800015f   Thumb Code     0  startup_stm32f10x_hd.o(.text)
    TIM4_IRQHandler                          0x0800015f   Thumb Code     0  startup_stm32f10x_hd.o(.text)
    TIM5_IRQHandler                          0x0800015f   Thumb Code     0  startup_stm32f10x_hd.o(.text)
    TIM6_IRQHandler                          0x0800015f   Thumb Code     0  startup_stm32f10x_hd.o(.text)
    TIM7_IRQHandler                          0x0800015f   Thumb Code     0  startup_stm32f10x_hd.o(.text)
    TIM8_BRK_IRQHandler                      0x0800015f   Thumb Code     0  startup_stm32f10x_hd.o(.text)
    TIM8_CC_IRQHandler                       0x0800015f   Thumb Code     0  startup_stm32f10x_hd.o(.text)
    TIM8_TRG_COM_IRQHandler                  0x0800015f   Thumb Code     0  startup_stm32f10x_hd.o(.text)
    TIM8_UP_IRQHandler                       0x0800015f   Thumb Code     0  startup_stm32f10x_hd.o(.text)
    UART4_IRQHandler                         0x0800015f   Thumb Code     0  startup_stm32f10x_hd.o(.text)
    UART5_IRQHandler                         0x0800015f   Thumb Code     0  startup_stm32f10x_hd.o(.text)
    USART1_IRQHandler                        0x0800015f   Thumb Code     0  startup_stm32f10x_hd.o(.text)
    USART2_IRQHandler                        0x0800015f   Thumb Code     0  startup_stm32f10x_hd.o(.text)
    USART3_IRQHandler                        0x0800015f   Thumb Code     0  startup_stm32f10x_hd.o(.text)
    USB_HP_CAN1_TX_IRQHandler                0x0800015f   Thumb Code     0  startup_stm32f10x_hd.o(.text)
    WWDG_IRQHandler                          0x0800015f   Thumb Code     0  startup_stm32f10x_hd.o(.text)
    __scatterload                            0x08000169   Thumb Code    28  init.o(.text)
    __scatterload_rt2                        0x08000169   Thumb Code     0  init.o(.text)
    __decompress                             0x0800018d   Thumb Code     0  __dczerorl2.o(.text)
    __decompress1                            0x0800018d   Thumb Code    86  __dczerorl2.o(.text)
    ADC_Cmd                                  0x080001e3   Thumb Code    20  stm32f10x_adc.o(i.ADC_Cmd)
    ADC_Configuration                        0x080001f9   Thumb Code   190  hw_config.o(i.ADC_Configuration)
    ADC_DMACmd                               0x080002c5   Thumb Code    20  stm32f10x_adc.o(i.ADC_DMACmd)
    ADC_GetCalibrationStatus                 0x080002d9   Thumb Code    14  stm32f10x_adc.o(i.ADC_GetCalibrationStatus)
    ADC_GetResetCalibrationStatus            0x080002e7   Thumb Code    14  stm32f10x_adc.o(i.ADC_GetResetCalibrationStatus)
    ADC_Init                                 0x080002f5   Thumb Code    62  stm32f10x_adc.o(i.ADC_Init)
    ADC_RegularChannelConfig                 0x0800033d   Thumb Code   116  stm32f10x_adc.o(i.ADC_RegularChannelConfig)
    ADC_ResetCalibration                     0x080003b1   Thumb Code    10  stm32f10x_adc.o(i.ADC_ResetCalibration)
    ADC_SoftwareStartConvCmd                 0x080003bb   Thumb Code    20  stm32f10x_adc.o(i.ADC_SoftwareStartConvCmd)
    ADC_StartCalibration                     0x080003cf   Thumb Code    10  stm32f10x_adc.o(i.ADC_StartCalibration)
    BusFault_Handler                         0x080003d9   Thumb Code     2  stm32_it.o(i.BusFault_Handler)
    ByteSwap                                 0x080003db   Thumb Code    10  usb_regs.o(i.ByteSwap)
    CTR_LP                                   0x080003e5   Thumb Code   318  usb_int.o(i.CTR_LP)
    ClearDTOG_RX                             0x08000541   Thumb Code    36  usb_regs.o(i.ClearDTOG_RX)
    ClearDTOG_TX                             0x08000569   Thumb Code    36  usb_regs.o(i.ClearDTOG_TX)
    Clear_Status_Out                         0x08000591   Thumb Code    28  usb_regs.o(i.Clear_Status_Out)
    CustomHID_Data_Setup                     0x080005b1   Thumb Code    96  usb_prop.o(i.CustomHID_Data_Setup)
    CustomHID_GetConfigDescriptor            0x08000629   Thumb Code     6  usb_prop.o(i.CustomHID_GetConfigDescriptor)
    CustomHID_GetDeviceDescriptor            0x08000635   Thumb Code     6  usb_prop.o(i.CustomHID_GetDeviceDescriptor)
    CustomHID_GetHIDDescriptor               0x08000641   Thumb Code     6  usb_prop.o(i.CustomHID_GetHIDDescriptor)
    CustomHID_GetProtocolValue               0x0800064d   Thumb Code    18  usb_prop.o(i.CustomHID_GetProtocolValue)
    CustomHID_GetReportDescriptor            0x08000669   Thumb Code     6  usb_prop.o(i.CustomHID_GetReportDescriptor)
    CustomHID_GetStringDescriptor            0x08000675   Thumb Code    24  usb_prop.o(i.CustomHID_GetStringDescriptor)
    CustomHID_Get_Interface_Setting          0x08000695   Thumb Code    10  usb_prop.o(i.CustomHID_Get_Interface_Setting)
    CustomHID_NoData_Setup                   0x080006a1   Thumb Code    26  usb_prop.o(i.CustomHID_NoData_Setup)
    CustomHID_Reset                          0x080006c1   Thumb Code   160  usb_prop.o(i.CustomHID_Reset)
    CustomHID_SetConfiguration               0x08000771   Thumb Code    26  usb_prop.o(i.CustomHID_SetConfiguration)
    CustomHID_SetDeviceAddress               0x08000799   Thumb Code     8  usb_prop.o(i.CustomHID_SetDeviceAddress)
    CustomHID_SetProtocol                    0x080007a5   Thumb Code    14  usb_prop.o(i.CustomHID_SetProtocol)
    CustomHID_SetReport_Feature              0x080007bd   Thumb Code    18  usb_prop.o(i.CustomHID_SetReport_Feature)
    CustomHID_Status_In                      0x080007d9   Thumb Code    96  usb_prop.o(i.CustomHID_Status_In)
    CustomHID_Status_Out                     0x0800083d   Thumb Code     2  usb_prop.o(i.CustomHID_Status_Out)
    CustomHID_init                           0x08000841   Thumb Code    28  usb_prop.o(i.CustomHID_init)
    DMA1_Channel1_IRQHandler                 0x08000865   Thumb Code    76  stm32_it.o(i.DMA1_Channel1_IRQHandler)
    DMA_ClearFlag                            0x080008c5   Thumb Code    16  stm32f10x_dma.o(i.DMA_ClearFlag)
    DMA_Cmd                                  0x080008dd   Thumb Code    22  stm32f10x_dma.o(i.DMA_Cmd)
    DMA_DeInit                               0x080008f5   Thumb Code   218  stm32f10x_dma.o(i.DMA_DeInit)
    DMA_ITConfig                             0x080009d9   Thumb Code    16  stm32f10x_dma.o(i.DMA_ITConfig)
    DMA_Init                                 0x080009e9   Thumb Code    58  stm32f10x_dma.o(i.DMA_Init)
    DebugMon_Handler                         0x08000d19   Thumb Code     2  stm32_it.o(i.DebugMon_Handler)
    EP1_IN_Callback                          0x08000d1d   Thumb Code     8  usb_endp.o(i.EP1_IN_Callback)
    EP1_OUT_Callback                         0x08000d29   Thumb Code   112  usb_endp.o(i.EP1_OUT_Callback)
    EXTI15_10_IRQHandler                     0x08000d9d   Thumb Code    88  stm32_it.o(i.EXTI15_10_IRQHandler)
    EXTI9_5_IRQHandler                       0x08000e01   Thumb Code    86  stm32_it.o(i.EXTI9_5_IRQHandler)
    EXTI_ClearITPendingBit                   0x08000e65   Thumb Code     6  stm32f10x_exti.o(i.EXTI_ClearITPendingBit)
    EXTI_Configuration                       0x08000e71   Thumb Code    98  hw_config.o(i.EXTI_Configuration)
    EXTI_GetITStatus                         0x08000ed5   Thumb Code    28  stm32f10x_exti.o(i.EXTI_GetITStatus)
    EXTI_Init                                0x08000ef5   Thumb Code   108  stm32f10x_exti.o(i.EXTI_Init)
    GPIO_Configuration                       0x08000f65   Thumb Code    60  hw_config.o(i.GPIO_Configuration)
    GPIO_EXTILineConfig                      0x08000fa9   Thumb Code    34  stm32f10x_gpio.o(i.GPIO_EXTILineConfig)
    GPIO_Init                                0x08000fd1   Thumb Code   162  stm32f10x_gpio.o(i.GPIO_Init)
    GPIO_ReadInputDataBit                    0x08001073   Thumb Code    14  stm32f10x_gpio.o(i.GPIO_ReadInputDataBit)
    GPIO_ResetBits                           0x08001081   Thumb Code     4  stm32f10x_gpio.o(i.GPIO_ResetBits)
    GPIO_SetBits                             0x08001085   Thumb Code     4  stm32f10x_gpio.o(i.GPIO_SetBits)
    GetEPRxAddr                              0x08001089   Thumb Code    22  usb_regs.o(i.GetEPRxAddr)
    GetEPRxCount                             0x080010a9   Thumb Code    24  usb_regs.o(i.GetEPRxCount)
    GetEPTxAddr                              0x080010c9   Thumb Code    20  usb_regs.o(i.GetEPTxAddr)
    Get_SerialNum                            0x080010e5   Thumb Code    44  hw_config.o(i.Get_SerialNum)
    HardFault_Handler                        0x08001119   Thumb Code     2  stm32_it.o(i.HardFault_Handler)
    In0_Process                              0x0800111d   Thumb Code    80  usb_core.o(i.In0_Process)
    Leave_LowPowerMode                       0x080011b1   Thumb Code    20  hw_config.o(i.Leave_LowPowerMode)
    MemManage_Handler                        0x080011cd   Thumb Code     2  stm32_it.o(i.MemManage_Handler)
    NMI_Handler                              0x080011cf   Thumb Code     2  stm32_it.o(i.NMI_Handler)
    NOP_Process                              0x080011d1   Thumb Code     2  usb_core.o(i.NOP_Process)
    NVIC_Init                                0x080011d5   Thumb Code    94  misc.o(i.NVIC_Init)
    NVIC_PriorityGroupConfig                 0x08001239   Thumb Code    10  misc.o(i.NVIC_PriorityGroupConfig)
    Out0_Process                             0x08001321   Thumb Code    62  usb_core.o(i.Out0_Process)
    PMAToUserBufferCopy                      0x08001369   Thumb Code    26  usb_mem.o(i.PMAToUserBufferCopy)
    PendSV_Handler                           0x08001389   Thumb Code     2  stm32_it.o(i.PendSV_Handler)
    Post0_Process                            0x0800138d   Thumb Code    52  usb_core.o(i.Post0_Process)
    PowerOn                                  0x080013d1   Thumb Code    36  usb_pwr.o(i.PowerOn)
    RCC_ADCCLKConfig                         0x080013fd   Thumb Code    14  stm32f10x_rcc.o(i.RCC_ADCCLKConfig)
    RCC_AHBPeriphClockCmd                    0x08001411   Thumb Code    18  stm32f10x_rcc.o(i.RCC_AHBPeriphClockCmd)
    RCC_APB1PeriphClockCmd                   0x08001429   Thumb Code    18  stm32f10x_rcc.o(i.RCC_APB1PeriphClockCmd)
    RCC_APB2PeriphClockCmd                   0x08001441   Thumb Code    18  stm32f10x_rcc.o(i.RCC_APB2PeriphClockCmd)
    RCC_USBCLKConfig                         0x08001459   Thumb Code     8  stm32f10x_rcc.o(i.RCC_USBCLKConfig)
    Resume                                   0x08001465   Thumb Code   140  usb_pwr.o(i.Resume)
    Resume_Init                              0x080014f9   Thumb Code    26  usb_pwr.o(i.Resume_Init)
    STM_EVAL_LEDInit                         0x08001519   Thumb Code    54  stm3210e_eval.o(i.STM_EVAL_LEDInit)
    STM_EVAL_LEDOff                          0x08001559   Thumb Code    16  stm3210e_eval.o(i.STM_EVAL_LEDOff)
    STM_EVAL_LEDOn                           0x08001571   Thumb Code    16  stm3210e_eval.o(i.STM_EVAL_LEDOn)
    STM_EVAL_PBGetState                      0x08001589   Thumb Code    16  stm3210e_eval.o(i.STM_EVAL_PBGetState)
    STM_EVAL_PBInit                          0x080015a1   Thumb Code   148  stm3210e_eval.o(i.STM_EVAL_PBInit)
    SVC_Handler                              0x0800163d   Thumb Code     2  stm32_it.o(i.SVC_Handler)
    SetBTABLE                                0x08001641   Thumb Code    10  usb_regs.o(i.SetBTABLE)
    SetDeviceAddress                         0x08001651   Thumb Code    58  usb_core.o(i.SetDeviceAddress)
    SetEPRxAddr                              0x08001699   Thumb Code    24  usb_regs.o(i.SetEPRxAddr)
    SetEPRxCount                             0x080016b9   Thumb Code    54  usb_regs.o(i.SetEPRxCount)
    SetEPRxStatus                            0x080016f9   Thumb Code    44  usb_regs.o(i.SetEPRxStatus)
    SetEPRxValid                             0x08001729   Thumb Code    32  usb_regs.o(i.SetEPRxValid)
    SetEPTxAddr                              0x0800174d   Thumb Code    22  usb_regs.o(i.SetEPTxAddr)
    SetEPTxCount                             0x0800176d   Thumb Code    20  usb_regs.o(i.SetEPTxCount)
    SetEPTxStatus                            0x08001789   Thumb Code    44  usb_regs.o(i.SetEPTxStatus)
    SetEPTxValid                             0x080017b9   Thumb Code    32  usb_regs.o(i.SetEPTxValid)
    SetEPType                                0x080017dd   Thumb Code    24  usb_regs.o(i.SetEPType)
    Set_System                               0x080018a1   Thumb Code    74  hw_config.o(i.Set_System)
    Set_USBClock                             0x080018eb   Thumb Code    20  hw_config.o(i.Set_USBClock)
    Setup0_Process                           0x08001901   Thumb Code    92  usb_core.o(i.Setup0_Process)
    Standard_ClearFeature                    0x08001969   Thumb Code   232  usb_core.o(i.Standard_ClearFeature)
    Standard_GetConfiguration                0x08001a65   Thumb Code    30  usb_core.o(i.Standard_GetConfiguration)
    Standard_GetDescriptorData               0x08001a8d   Thumb Code    24  usb_core.o(i.Standard_GetDescriptorData)
    Standard_GetInterface                    0x08001aa9   Thumb Code    30  usb_core.o(i.Standard_GetInterface)
    Standard_GetStatus                       0x08001ad1   Thumb Code   130  usb_core.o(i.Standard_GetStatus)
    Standard_SetConfiguration                0x08001b65   Thumb Code    42  usb_core.o(i.Standard_SetConfiguration)
    Standard_SetDeviceFeature                0x08001b9d   Thumb Code    26  usb_core.o(i.Standard_SetDeviceFeature)
    Standard_SetEndPointFeature              0x08001bc1   Thumb Code   118  usb_core.o(i.Standard_SetEndPointFeature)
    Standard_SetInterface                    0x08001c49   Thumb Code    60  usb_core.o(i.Standard_SetInterface)
    Suspend                                  0x08001c91   Thumb Code   176  usb_pwr.o(i.Suspend)
    SysTick_Handler                          0x08001d55   Thumb Code    10  stm32_it.o(i.SysTick_Handler)
    SystemInit                               0x08001d65   Thumb Code    64  system_stm32f10x.o(i.SystemInit)
    USBWakeUp_IRQHandler                     0x08001db5   Thumb Code     8  stm32_it.o(i.USBWakeUp_IRQHandler)
    USB_Cable_Config                         0x08001dbd   Thumb Code    20  hw_config.o(i.USB_Cable_Config)
    USB_Init                                 0x08001dd5   Thumb Code    22  usb_init.o(i.USB_Init)
    USB_Interrupts_Config                    0x08001dfd   Thumb Code   110  hw_config.o(i.USB_Interrupts_Config)
    USB_Istr                                 0x08001e6d   Thumb Code   302  usb_istr.o(i.USB_Istr)
    USB_LP_CAN1_RX0_IRQHandler               0x08001fb5   Thumb Code     4  stm32_it.o(i.USB_LP_CAN1_RX0_IRQHandler)
    USB_SIL_Init                             0x08001fb9   Thumb Code    24  usb_sil.o(i.USB_SIL_Init)
    USB_SIL_Read                             0x08001fd9   Thumb Code    36  usb_sil.o(i.USB_SIL_Read)
    USB_SIL_Write                            0x08001ffd   Thumb Code    38  usb_sil.o(i.USB_SIL_Write)
    UsageFault_Handler                       0x08002023   Thumb Code     2  stm32_it.o(i.UsageFault_Handler)
    UserToPMABufferCopy                      0x08002025   Thumb Code    38  usb_mem.o(i.UserToPMABufferCopy)
    __scatterload_copy                       0x08002051   Thumb Code    14  handlers.o(i.__scatterload_copy)
    __scatterload_null                       0x0800205f   Thumb Code     2  handlers.o(i.__scatterload_null)
    __scatterload_zeroinit                   0x08002061   Thumb Code    14  handlers.o(i.__scatterload_zeroinit)
    main                                     0x0800206f   Thumb Code    18  main.o(i.main)
    CustomHID_DeviceDescriptor               0x08002080   Data          18  usb_desc.o(.constdata)
    CustomHID_ConfigDescriptor               0x08002092   Data          41  usb_desc.o(.constdata)
    CustomHID_ReportDescriptor               0x080020bb   Data         163  usb_desc.o(.constdata)
    CustomHID_StringLangID                   0x0800215e   Data           4  usb_desc.o(.constdata)
    CustomHID_StringVendor                   0x08002162   Data          38  usb_desc.o(.constdata)
    CustomHID_StringProduct                  0x08002188   Data          32  usb_desc.o(.constdata)
    COM_TX_PIN                               0x080021a8   Data           4  stm3210e_eval.o(.constdata)
    COM_RX_PIN                               0x080021ac   Data           4  stm3210e_eval.o(.constdata)
    GPIO_PIN                                 0x080021b0   Data           8  stm3210e_eval.o(.constdata)
    COM_USART_CLK                            0x080021b8   Data           8  stm3210e_eval.o(.constdata)
    COM_TX_PORT_CLK                          0x080021c0   Data           8  stm3210e_eval.o(.constdata)
    COM_RX_PORT_CLK                          0x080021c8   Data           8  stm3210e_eval.o(.constdata)
    GPIO_CLK                                 0x080021d0   Data          16  stm3210e_eval.o(.constdata)
    BUTTON_PIN                               0x080021e0   Data          16  stm3210e_eval.o(.constdata)
    BUTTON_CLK                               0x080021f0   Data          32  stm3210e_eval.o(.constdata)
    BUTTON_EXTI_LINE                         0x08002210   Data          16  stm3210e_eval.o(.constdata)
    BUTTON_PORT_SOURCE                       0x08002220   Data          16  stm3210e_eval.o(.constdata)
    BUTTON_PIN_SOURCE                        0x08002230   Data          16  stm3210e_eval.o(.constdata)
    BUTTON_IRQn                              0x08002240   Data          16  stm3210e_eval.o(.constdata)
    Region$$Table$$Base                      0x08002250   Number         0  anon$$obj.o(Region$$Table)
    Region$$Table$$Limit                     0x08002270   Number         0  anon$$obj.o(Region$$Table)
    ADC_ConvertedValueX                      0x20000000   Data           4  hw_config.o(.data)
    ADC_ConvertedValueX_1                    0x20000004   Data           4  hw_config.o(.data)
    PrevXferComplete                         0x20000008   Data           1  main.o(.data)
    TimingDelay                              0x2000000c   Data           4  main.o(.data)
    CustomHID_StringSerial                   0x20000010   Data          26  usb_desc.o(.data)
    Receive_Buffer                           0x2000002a   Data           2  usb_endp.o(.data)
    bIntPackSOF                              0x2000002c   Data           1  usb_istr.o(.data)
    wIstr                                    0x2000002e   Data           2  usb_istr.o(.data)
    esof_counter                             0x20000030   Data           4  usb_istr.o(.data)
    wCNTR                                    0x20000034   Data           4  usb_istr.o(.data)
    pEpInt_IN                                0x20000038   Data          28  usb_istr.o(.data)
    pEpInt_OUT                               0x20000054   Data          28  usb_istr.o(.data)
    Request                                  0x20000070   Data           1  usb_prop.o(.data)
    Report_Buf                               0x20000071   Data           2  usb_prop.o(.data)
    ProtocolValue                            0x20000074   Data           4  usb_prop.o(.data)
    Device_Descriptor                        0x20000078   Data           8  usb_prop.o(.data)
    Config_Descriptor                        0x20000080   Data           8  usb_prop.o(.data)
    CustomHID_Report_Descriptor              0x20000088   Data           8  usb_prop.o(.data)
    CustomHID_Hid_Descriptor                 0x20000090   Data           8  usb_prop.o(.data)
    Device_Property                          0x20000098   Data          48  usb_prop.o(.data)
    String_Descriptor                        0x200000c8   Data          32  usb_prop.o(.data)
    Device_Table                             0x200000e8   Data           2  usb_prop.o(.data)
    User_Standard_Requests                   0x200000ec   Data          36  usb_prop.o(.data)
    bDeviceState                             0x20000110   Data           4  usb_pwr.o(.data)
    fSuspendEnabled                          0x20000114   Data           1  usb_pwr.o(.data)
    ResumeS                                  0x20000118   Data           2  usb_pwr.o(.data)
    remotewakeupon                           0x2000011c   Data           4  usb_pwr.o(.data)
    Send_Buffer                              0x20000120   Data           2  stm32_it.o(.data)
    EPindex                                  0x20000122   Data           1  usb_init.o(.data)
    pInformation                             0x20000124   Data           4  usb_init.o(.data)
    pProperty                                0x20000128   Data           4  usb_init.o(.data)
    pUser_Standard_Requests                  0x2000012c   Data           4  usb_init.o(.data)
    wInterrupt_Mask                          0x20000130   Data           2  usb_init.o(.data)
    SaveRState                               0x20000132   Data           2  usb_int.o(.data)
    SaveTState                               0x20000134   Data           2  usb_int.o(.data)
    Data_Mul_MaxPacketSize                   0x20000136   Data           1  usb_core.o(.data)
    StatusInfo                               0x20000138   Data           2  usb_core.o(.data)
    COM_USART                                0x2000013c   Data           8  stm3210e_eval.o(.data)
    COM_TX_PORT                              0x20000144   Data           8  stm3210e_eval.o(.data)
    COM_RX_PORT                              0x2000014c   Data           8  stm3210e_eval.o(.data)
    GPIO_PORT                                0x20000154   Data          16  stm3210e_eval.o(.data)
    BUTTON_PORT                              0x20000164   Data          32  stm3210e_eval.o(.data)
    EP                                       0x20000184   Data          32  usb_pwr.o(.bss)
    Device_Info                              0x200001a4   Data          28  usb_init.o(.bss)
    __initial_sp                             0x200005c0   Data           0  startup_stm32f10x_hd.o(STACK)



==============================================================================

Memory Map of the image

  Image Entry point : 0x08000131

  Load Region LR_IROM1 (Base: 0x08000000, Size: 0x000023f4, Max: 0x00080000, ABSOLUTE, COMPRESSED[0x0000230c])

    Execution Region ER_IROM1 (Base: 0x08000000, Size: 0x00002270, Max: 0x00080000, ABSOLUTE)

    Base Addr    Size         Type   Attr      Idx    E Section Name        Object

    0x08000000   0x00000130   Data   RO          724    RESET               startup_stm32f10x_hd.o
    0x08000130   0x00000000   Code   RO         3096  * .ARM.Collect$$$$00000000  mc_w.l(entry.o)
    0x08000130   0x00000004   Code   RO         3099    .ARM.Collect$$$$00000001  mc_w.l(entry2.o)
    0x08000134   0x00000004   Code   RO         3102    .ARM.Collect$$$$00000004  mc_w.l(entry5.o)
    0x08000138   0x00000000   Code   RO         3104    .ARM.Collect$$$$00000008  mc_w.l(entry7b.o)
    0x08000138   0x00000000   Code   RO         3106    .ARM.Collect$$$$0000000A  mc_w.l(entry8b.o)
    0x08000138   0x00000008   Code   RO         3107    .ARM.Collect$$$$0000000B  mc_w.l(entry9a.o)
    0x08000140   0x00000000   Code   RO         3109    .ARM.Collect$$$$0000000D  mc_w.l(entry10a.o)
    0x08000140   0x00000000   Code   RO         3111    .ARM.Collect$$$$0000000F  mc_w.l(entry11a.o)
    0x08000140   0x00000004   Code   RO         3100    .ARM.Collect$$$$00002712  mc_w.l(entry2.o)
    0x08000144   0x00000024   Code   RO          725    .text               startup_stm32f10x_hd.o
    0x08000168   0x00000024   Code   RO         3113    .text               mc_w.l(init.o)
    0x0800018c   0x00000056   Code   RO         3123    .text               mc_w.l(__dczerorl2.o)
    0x080001e2   0x00000014   Code   RO         1692    i.ADC_Cmd           stm32f10x_adc.o
    0x080001f6   0x00000002   PAD
    0x080001f8   0x000000cc   Code   RO          139    i.ADC_Configuration  hw_config.o
    0x080002c4   0x00000014   Code   RO         1693    i.ADC_DMACmd        stm32f10x_adc.o
    0x080002d8   0x0000000e   Code   RO         1700    i.ADC_GetCalibrationStatus  stm32f10x_adc.o
    0x080002e6   0x0000000e   Code   RO         1706    i.ADC_GetResetCalibrationStatus  stm32f10x_adc.o
    0x080002f4   0x00000048   Code   RO         1710    i.ADC_Init          stm32f10x_adc.o
    0x0800033c   0x00000074   Code   RO         1714    i.ADC_RegularChannelConfig  stm32f10x_adc.o
    0x080003b0   0x0000000a   Code   RO         1715    i.ADC_ResetCalibration  stm32f10x_adc.o
    0x080003ba   0x00000014   Code   RO         1717    i.ADC_SoftwareStartConvCmd  stm32f10x_adc.o
    0x080003ce   0x0000000a   Code   RO         1719    i.ADC_StartCalibration  stm32f10x_adc.o
    0x080003d8   0x00000002   Code   RO          582    i.BusFault_Handler  stm32_it.o
    0x080003da   0x0000000a   Code   RO          829    i.ByteSwap          usb_regs.o
    0x080003e4   0x0000015c   Code   RO          766    i.CTR_LP            usb_int.o
    0x08000540   0x00000028   Code   RO          830    i.ClearDTOG_RX      usb_regs.o
    0x08000568   0x00000028   Code   RO          831    i.ClearDTOG_TX      usb_regs.o
    0x08000590   0x00000020   Code   RO          836    i.Clear_Status_Out  usb_regs.o
    0x080005b0   0x00000078   Code   RO          399    i.CustomHID_Data_Setup  usb_prop.o
    0x08000628   0x0000000c   Code   RO          400    i.CustomHID_GetConfigDescriptor  usb_prop.o
    0x08000634   0x0000000c   Code   RO          401    i.CustomHID_GetDeviceDescriptor  usb_prop.o
    0x08000640   0x0000000c   Code   RO          402    i.CustomHID_GetHIDDescriptor  usb_prop.o
    0x0800064c   0x0000001c   Code   RO          403    i.CustomHID_GetProtocolValue  usb_prop.o
    0x08000668   0x0000000c   Code   RO          404    i.CustomHID_GetReportDescriptor  usb_prop.o
    0x08000674   0x00000020   Code   RO          405    i.CustomHID_GetStringDescriptor  usb_prop.o
    0x08000694   0x0000000a   Code   RO          406    i.CustomHID_Get_Interface_Setting  usb_prop.o
    0x0800069e   0x00000002   PAD
    0x080006a0   0x00000020   Code   RO          407    i.CustomHID_NoData_Setup  usb_prop.o
    0x080006c0   0x000000b0   Code   RO          408    i.CustomHID_Reset   usb_prop.o
    0x08000770   0x00000028   Code   RO          409    i.CustomHID_SetConfiguration  usb_prop.o
    0x08000798   0x0000000c   Code   RO          410    i.CustomHID_SetDeviceAddress  usb_prop.o
    0x080007a4   0x00000018   Code   RO          411    i.CustomHID_SetProtocol  usb_prop.o
    0x080007bc   0x0000001c   Code   RO          412    i.CustomHID_SetReport_Feature  usb_prop.o
    0x080007d8   0x00000064   Code   RO          413    i.CustomHID_Status_In  usb_prop.o
    0x0800083c   0x00000002   Code   RO          414    i.CustomHID_Status_Out  usb_prop.o
    0x0800083e   0x00000002   PAD
    0x08000840   0x00000024   Code   RO          415    i.CustomHID_init    usb_prop.o
    0x08000864   0x00000060   Code   RO          583    i.DMA1_Channel1_IRQHandler  stm32_it.o
    0x080008c4   0x00000018   Code   RO         1916    i.DMA_ClearFlag     stm32f10x_dma.o
    0x080008dc   0x00000016   Code   RO         1918    i.DMA_Cmd           stm32f10x_dma.o
    0x080008f2   0x00000002   PAD
    0x080008f4   0x000000e4   Code   RO         1919    i.DMA_DeInit        stm32f10x_dma.o
    0x080009d8   0x00000010   Code   RO         1923    i.DMA_ITConfig      stm32f10x_dma.o
    0x080009e8   0x0000003a   Code   RO         1924    i.DMA_Init          stm32f10x_dma.o
    0x08000a22   0x00000002   PAD
    0x08000a24   0x000000b4   Code   RO         1197    i.DataStageIn       usb_core.o
    0x08000ad8   0x000000a4   Code   RO         1198    i.DataStageOut      usb_core.o
    0x08000b7c   0x0000019c   Code   RO         1199    i.Data_Setup0       usb_core.o
    0x08000d18   0x00000002   Code   RO          584    i.DebugMon_Handler  stm32_it.o
    0x08000d1a   0x00000002   PAD
    0x08000d1c   0x0000000c   Code   RO          335    i.EP1_IN_Callback   usb_endp.o
    0x08000d28   0x00000074   Code   RO          336    i.EP1_OUT_Callback  usb_endp.o
    0x08000d9c   0x00000064   Code   RO          585    i.EXTI15_10_IRQHandler  stm32_it.o
    0x08000e00   0x00000064   Code   RO          586    i.EXTI9_5_IRQHandler  stm32_it.o
    0x08000e64   0x0000000c   Code   RO         1997    i.EXTI_ClearITPendingBit  stm32f10x_exti.o
    0x08000e70   0x00000062   Code   RO          140    i.EXTI_Configuration  hw_config.o
    0x08000ed2   0x00000002   PAD
    0x08000ed4   0x00000020   Code   RO         2001    i.EXTI_GetITStatus  stm32f10x_exti.o
    0x08000ef4   0x00000070   Code   RO         2002    i.EXTI_Init         stm32f10x_exti.o
    0x08000f64   0x00000044   Code   RO          142    i.GPIO_Configuration  hw_config.o
    0x08000fa8   0x00000028   Code   RO         1567    i.GPIO_EXTILineConfig  stm32f10x_gpio.o
    0x08000fd0   0x000000a2   Code   RO         1570    i.GPIO_Init         stm32f10x_gpio.o
    0x08001072   0x0000000e   Code   RO         1574    i.GPIO_ReadInputDataBit  stm32f10x_gpio.o
    0x08001080   0x00000004   Code   RO         1577    i.GPIO_ResetBits    stm32f10x_gpio.o
    0x08001084   0x00000004   Code   RO         1578    i.GPIO_SetBits      stm32f10x_gpio.o
    0x08001088   0x00000020   Code   RO          848    i.GetEPRxAddr       usb_regs.o
    0x080010a8   0x00000020   Code   RO          849    i.GetEPRxCount      usb_regs.o
    0x080010c8   0x0000001c   Code   RO          851    i.GetEPTxAddr       usb_regs.o
    0x080010e4   0x00000034   Code   RO          143    i.Get_SerialNum     hw_config.o
    0x08001118   0x00000002   Code   RO          587    i.HardFault_Handler  stm32_it.o
    0x0800111a   0x00000002   PAD
    0x0800111c   0x0000005c   Code   RO         1200    i.In0_Process       usb_core.o
    0x08001178   0x00000038   Code   RO          144    i.IntToUnicode      hw_config.o
    0x080011b0   0x0000001c   Code   RO          145    i.Leave_LowPowerMode  hw_config.o
    0x080011cc   0x00000002   Code   RO          588    i.MemManage_Handler  stm32_it.o
    0x080011ce   0x00000002   Code   RO          589    i.NMI_Handler       stm32_it.o
    0x080011d0   0x00000002   Code   RO         1201    i.NOP_Process       usb_core.o
    0x080011d2   0x00000002   PAD
    0x080011d4   0x00000064   Code   RO            3    i.NVIC_Init         misc.o
    0x08001238   0x00000014   Code   RO            4    i.NVIC_PriorityGroupConfig  misc.o
    0x0800124c   0x000000d4   Code   RO         1202    i.NoData_Setup0     usb_core.o
    0x08001320   0x00000048   Code   RO         1203    i.Out0_Process      usb_core.o
    0x08001368   0x00000020   Code   RO          803    i.PMAToUserBufferCopy  usb_mem.o
    0x08001388   0x00000002   Code   RO          590    i.PendSV_Handler    stm32_it.o
    0x0800138a   0x00000002   PAD
    0x0800138c   0x00000044   Code   RO         1204    i.Post0_Process     usb_core.o
    0x080013d0   0x0000002c   Code   RO          530    i.PowerOn           usb_pwr.o
    0x080013fc   0x00000014   Code   RO         1356    i.RCC_ADCCLKConfig  stm32f10x_rcc.o
    0x08001410   0x00000018   Code   RO         1357    i.RCC_AHBPeriphClockCmd  stm32f10x_rcc.o
    0x08001428   0x00000018   Code   RO         1358    i.RCC_APB1PeriphClockCmd  stm32f10x_rcc.o
    0x08001440   0x00000018   Code   RO         1360    i.RCC_APB2PeriphClockCmd  stm32f10x_rcc.o
    0x08001458   0x0000000c   Code   RO         1386    i.RCC_USBCLKConfig  stm32f10x_rcc.o
    0x08001464   0x00000094   Code   RO          531    i.Resume            usb_pwr.o
    0x080014f8   0x00000020   Code   RO          532    i.Resume_Init       usb_pwr.o
    0x08001518   0x00000040   Code   RO         2992    i.STM_EVAL_LEDInit  stm3210e_eval.o
    0x08001558   0x00000018   Code   RO         2993    i.STM_EVAL_LEDOff   stm3210e_eval.o
    0x08001570   0x00000018   Code   RO         2994    i.STM_EVAL_LEDOn    stm3210e_eval.o
    0x08001588   0x00000018   Code   RO         2996    i.STM_EVAL_PBGetState  stm3210e_eval.o
    0x080015a0   0x0000009c   Code   RO         2997    i.STM_EVAL_PBInit   stm3210e_eval.o
    0x0800163c   0x00000002   Code   RO          591    i.SVC_Handler       stm32_it.o
    0x0800163e   0x00000002   PAD
    0x08001640   0x00000010   Code   RO          859    i.SetBTABLE         usb_regs.o
    0x08001650   0x00000048   Code   RO         1205    i.SetDeviceAddress  usb_core.o
    0x08001698   0x00000020   Code   RO          873    i.SetEPRxAddr       usb_regs.o
    0x080016b8   0x00000040   Code   RO          874    i.SetEPRxCount      usb_regs.o
    0x080016f8   0x00000030   Code   RO          875    i.SetEPRxStatus     usb_regs.o
    0x08001728   0x00000024   Code   RO          876    i.SetEPRxValid      usb_regs.o
    0x0800174c   0x00000020   Code   RO          877    i.SetEPTxAddr       usb_regs.o
    0x0800176c   0x0000001c   Code   RO          878    i.SetEPTxCount      usb_regs.o
    0x08001788   0x00000030   Code   RO          879    i.SetEPTxStatus     usb_regs.o
    0x080017b8   0x00000024   Code   RO          880    i.SetEPTxValid      usb_regs.o
    0x080017dc   0x0000001c   Code   RO          881    i.SetEPType         usb_regs.o
    0x080017f8   0x000000a8   Code   RO          687    i.SetSysClockTo72   system_stm32f10x.o
    0x080018a0   0x0000004a   Code   RO          146    i.Set_System        hw_config.o
    0x080018ea   0x00000014   Code   RO          147    i.Set_USBClock      hw_config.o
    0x080018fe   0x00000002   PAD
    0x08001900   0x00000068   Code   RO         1206    i.Setup0_Process    usb_core.o
    0x08001968   0x000000fc   Code   RO         1207    i.Standard_ClearFeature  usb_core.o
    0x08001a64   0x00000028   Code   RO         1208    i.Standard_GetConfiguration  usb_core.o
    0x08001a8c   0x0000001c   Code   RO         1209    i.Standard_GetDescriptorData  usb_core.o
    0x08001aa8   0x00000028   Code   RO         1210    i.Standard_GetInterface  usb_core.o
    0x08001ad0   0x00000094   Code   RO         1211    i.Standard_GetStatus  usb_core.o
    0x08001b64   0x00000038   Code   RO         1212    i.Standard_SetConfiguration  usb_core.o
    0x08001b9c   0x00000024   Code   RO         1213    i.Standard_SetDeviceFeature  usb_core.o
    0x08001bc0   0x00000088   Code   RO         1214    i.Standard_SetEndPointFeature  usb_core.o
    0x08001c48   0x00000048   Code   RO         1215    i.Standard_SetInterface  usb_core.o
    0x08001c90   0x000000c4   Code   RO          533    i.Suspend           usb_pwr.o
    0x08001d54   0x00000010   Code   RO          592    i.SysTick_Handler   stm32_it.o
    0x08001d64   0x00000050   Code   RO          689    i.SystemInit        system_stm32f10x.o
    0x08001db4   0x00000008   Code   RO          593    i.USBWakeUp_IRQHandler  stm32_it.o
    0x08001dbc   0x00000018   Code   RO          148    i.USB_Cable_Config  hw_config.o
    0x08001dd4   0x00000028   Code   RO          731    i.USB_Init          usb_init.o
    0x08001dfc   0x0000006e   Code   RO          149    i.USB_Interrupts_Config  hw_config.o
    0x08001e6a   0x00000002   PAD
    0x08001e6c   0x00000148   Code   RO          368    i.USB_Istr          usb_istr.o
    0x08001fb4   0x00000004   Code   RO          594    i.USB_LP_CAN1_RX0_IRQHandler  stm32_it.o
    0x08001fb8   0x00000020   Code   RO         1324    i.USB_SIL_Init      usb_sil.o
    0x08001fd8   0x00000024   Code   RO         1325    i.USB_SIL_Read      usb_sil.o
    0x08001ffc   0x00000026   Code   RO         1326    i.USB_SIL_Write     usb_sil.o
    0x08002022   0x00000002   Code   RO          595    i.UsageFault_Handler  stm32_it.o
    0x08002024   0x0000002c   Code   RO          804    i.UserToPMABufferCopy  usb_mem.o
    0x08002050   0x0000000e   Code   RO         3117    i.__scatterload_copy  mc_w.l(handlers.o)
    0x0800205e   0x00000002   Code   RO         3118    i.__scatterload_null  mc_w.l(handlers.o)
    0x08002060   0x0000000e   Code   RO         3119    i.__scatterload_zeroinit  mc_w.l(handlers.o)
    0x0800206e   0x00000012   Code   RO          280    i.main              main.o
    0x08002080   0x00000012   Data   RO          309    .constdata          usb_desc.o
    0x08002092   0x00000029   Data   RO          310    .constdata          usb_desc.o
    0x080020bb   0x000000a3   Data   RO          311    .constdata          usb_desc.o
    0x0800215e   0x00000004   Data   RO          312    .constdata          usb_desc.o
    0x08002162   0x00000026   Data   RO          313    .constdata          usb_desc.o
    0x08002188   0x00000020   Data   RO          314    .constdata          usb_desc.o
    0x080021a8   0x000000a8   Data   RO         3000    .constdata          stm3210e_eval.o
    0x08002250   0x00000020   Data   RO         3115    Region$$Table       anon$$obj.o


    Execution Region RW_IRAM1 (Base: 0x20000000, Size: 0x000005c0, Max: 0x00010000, ABSOLUTE, COMPRESSED[0x0000009c])

    Base Addr    Size         Type   Attr      Idx    E Section Name        Object

    0x20000000   0x00000004   Data   RW          150    .data               hw_config.o
    0x20000004   0x00000004   Data   RW          151    .data               hw_config.o
    0x20000008   0x00000001   Data   RW          281    .data               main.o
    0x20000009   0x00000003   PAD
    0x2000000c   0x00000004   Data   RW          282    .data               main.o
    0x20000010   0x0000001a   Data   RW          315    .data               usb_desc.o
    0x2000002a   0x00000002   Data   RW          337    .data               usb_endp.o
    0x2000002c   0x0000000c   Data   RW          369    .data               usb_istr.o
    0x20000038   0x0000001c   Data   RW          370    .data               usb_istr.o
    0x20000054   0x0000001c   Data   RW          371    .data               usb_istr.o
    0x20000070   0x00000078   Data   RW          416    .data               usb_prop.o
    0x200000e8   0x00000002   Data   RW          417    .data               usb_prop.o
    0x200000ea   0x00000002   PAD
    0x200000ec   0x00000024   Data   RW          418    .data               usb_prop.o
    0x20000110   0x00000004   Data   RW          535    .data               usb_pwr.o
    0x20000114   0x00000001   Data   RW          536    .data               usb_pwr.o
    0x20000115   0x00000003   PAD
    0x20000118   0x00000008   Data   RW          537    .data               usb_pwr.o
    0x20000120   0x00000002   Data   RW          596    .data               stm32_it.o
    0x20000122   0x00000001   Data   RW          733    .data               usb_init.o
    0x20000123   0x00000001   PAD
    0x20000124   0x0000000c   Data   RW          734    .data               usb_init.o
    0x20000130   0x00000002   Data   RW          736    .data               usb_init.o
    0x20000132   0x00000004   Data   RW          767    .data               usb_int.o
    0x20000136   0x00000004   Data   RW         1216    .data               usb_core.o
    0x2000013a   0x00000002   PAD
    0x2000013c   0x00000048   Data   RW         3001    .data               stm3210e_eval.o
    0x20000184   0x00000020   Zero   RW          534    .bss                usb_pwr.o
    0x200001a4   0x0000001c   Zero   RW          732    .bss                usb_init.o
    0x200001c0   0x00000400   Zero   RW          722    STACK               startup_stm32f10x_hd.o


==============================================================================

Image component sizes


      Code (inc. data)   RO Data    RW Data    ZI Data      Debug   Object Name

       734         42          0          8          0      15905   hw_config.o
        18          0          0          5          0       1178   main.o
       120         16          0          0          0     249095   misc.o
        36          8        304          0       1024        944   startup_stm32f10x_hd.o
       292         42        168         72          0       5066   stm3210e_eval.o
       340         52          0          2          0       7688   stm32_it.o
       296         10          0          0          0       8373   stm32f10x_adc.o
       348         18          0          0          0       5265   stm32f10x_dma.o
       156         14          0          0          0       2560   stm32f10x_exti.o
       224          6          0          0          0       4778   stm32f10x_gpio.o
       104         28          0          0          0       3232   stm32f10x_rcc.o
       248         24          0          0          0       1633   system_stm32f10x.o
      2186        284          0          4          0      16419   usb_core.o
         0          0        296         26          0       1132   usb_desc.o
       128          8          0          2          0       1825   usb_endp.o
        40         18          0         15         28       4390   usb_init.o
       348         30          0          4          0       1916   usb_int.o
       328         26          0         68          0       1687   usb_istr.o
        76         12          0          0          0       2040   usb_mem.o
       688        138          0        158          0      13646   usb_prop.o
       420         48          0         13         32       3896   usb_pwr.o
       582        100          0          0          0      11037   usb_regs.o
       106          8          0          0          0       2462   usb_sil.o

    ----------------------------------------------------------------------
      7844        932        800        388       1084     366167   Object Totals
         0          0         32          0          0          0   (incl. Generated)
        26          0          0         11          0          0   (incl. Padding)

    ----------------------------------------------------------------------

      Code (inc. data)   RO Data    RW Data    ZI Data      Debug   Library Member Name

        86          0          0          0          0          0   __dczerorl2.o
         0          0          0          0          0          0   entry.o
         0          0          0          0          0          0   entry10a.o
         0          0          0          0          0          0   entry11a.o
         8          4          0          0          0          0   entry2.o
         4          0          0          0          0          0   entry5.o
         0          0          0          0          0          0   entry7b.o
         0          0          0          0          0          0   entry8b.o
         8          4          0          0          0          0   entry9a.o
        30          0          0          0          0          0   handlers.o
        36          8          0          0          0         68   init.o

    ----------------------------------------------------------------------
       172         16          0          0          0         68   Library Totals
         0          0          0          0          0          0   (incl. Padding)

    ----------------------------------------------------------------------

      Code (inc. data)   RO Data    RW Data    ZI Data      Debug   Library Name

       172         16          0          0          0         68   mc_w.l

    ----------------------------------------------------------------------
       172         16          0          0          0         68   Library Totals

    ----------------------------------------------------------------------

==============================================================================


      Code (inc. data)   RO Data    RW Data    ZI Data      Debug   

      8016        948        800        388       1084     360123   Grand Totals
      8016        948        800        156       1084     360123   ELF Image Totals (compressed)
      8016        948        800        156          0          0   ROM Totals

==============================================================================

    Total RO  Size (Code + RO Data)                 8816 (   8.61kB)
    Total RW  Size (RW Data + ZI Data)              1472 (   1.44kB)
    Total ROM Size (Code + RO Data + RW Data)       8972 (   8.76kB)

==============================================================================

